Archive member included because of file (symbol)

build/sky/contiki-ng-sky.a(uart1-putchar.o)
                              udp-serverTest.o (putchar)
build/sky/contiki-ng-sky.a(platform.o)
                              build/sky/obj/contiki-main.o (platform_init_stage_one)
build/sky/contiki-ng-sky.a(msp430.o)
                              build/sky/contiki-ng-sky.a(platform.o) (msp430_dco_required)
build/sky/contiki-ng-sky.a(clock.o)
                              build/sky/obj/contiki-main.o (clock_init)
build/sky/contiki-ng-sky.a(leds.o)
                              build/sky/contiki-ng-sky.a(platform.o) (leds_init)
build/sky/contiki-ng-sky.a(leds-arch.o)
                              build/sky/contiki-ng-sky.a(leds.o) (leds_arch_init)
build/sky/contiki-ng-sky.a(watchdog.o)
                              build/sky/obj/contiki-main.o (watchdog_start)
build/sky/contiki-ng-sky.a(autostart.o)
                              build/sky/obj/contiki-main.o (autostart_start)
build/sky/contiki-ng-sky.a(energest.o)
                              build/sky/obj/contiki-main.o (energest_init)
build/sky/contiki-ng-sky.a(etimer.o)
                              build/sky/contiki-ng-sky.a(clock.o) (etimer_request_poll)
build/sky/contiki-ng-sky.a(log.o)
                              udp-serverTest.o (log_6addr)
build/sky/contiki-ng-sky.a(ctimer.o)
                              build/sky/obj/contiki-main.o (ctimer_init)
build/sky/contiki-ng-sky.a(rtimer.o)
                              build/sky/obj/contiki-main.o (rtimer_init)
build/sky/contiki-ng-sky.a(node-id.o)
                              build/sky/obj/contiki-main.o (node_id_init)
build/sky/contiki-ng-sky.a(process.o)
                              build/sky/contiki-ng-sky.a(etimer.o) (process_current)
build/sky/contiki-ng-sky.a(timer.o)
                              build/sky/contiki-ng-sky.a(platform.o) (timer_set)
build/sky/contiki-ng-sky.a(list.o)
                              build/sky/contiki-ng-sky.a(ctimer.o) (list_init)
build/sky/contiki-ng-sky.a(random.o)
                              build/sky/contiki-ng-sky.a(platform.o) (random_init)
build/sky/contiki-ng-sky.a(queuebuf.o)
                              build/sky/obj/contiki-main.o (queuebuf_init)
build/sky/contiki-ng-sky.a(packetbuf.o)
                              build/sky/contiki-ng-sky.a(queuebuf.o) (packetbuf_copyto)
build/sky/contiki-ng-sky.a(netstack.o)
                              build/sky/obj/contiki-main.o (netstack_init)
build/sky/contiki-ng-sky.a(linkaddr.o)
                              build/sky/contiki-ng-sky.a(platform.o) (linkaddr_copy)
build/sky/contiki-ng-sky.a(csma.o)
                              build/sky/obj/contiki-main.o (csma_driver)
build/sky/contiki-ng-sky.a(csma-output.o)
                              build/sky/contiki-ng-sky.a(csma.o) (csma_output_packet)
build/sky/contiki-ng-sky.a(uip-ds6.o)
                              build/sky/obj/contiki-main.o (uip_ds6_get_link_local)
build/sky/contiki-ng-sky.a(uip-ds6-route.o)
                              build/sky/contiki-ng-sky.a(uip-ds6.o) (uip_ds6_route_init)
build/sky/contiki-ng-sky.a(uip-ds6-nbr.o)
                              build/sky/contiki-ng-sky.a(uip-ds6.o) (uip_ds6_neighbors_init)
build/sky/contiki-ng-sky.a(tcpip.o)
                              build/sky/obj/contiki-main.o (tcpip_process)
build/sky/contiki-ng-sky.a(uip6.o)
                              build/sky/contiki-ng-sky.a(tcpip.o) (uip_aligned_buf)
build/sky/contiki-ng-sky.a(uip-nd6.o)
                              build/sky/contiki-ng-sky.a(uip6.o) (uip_nd6_init)
build/sky/contiki-ng-sky.a(simple-udp.o)
                              udp-serverTest.o (simple_udp_sendto)
build/sky/contiki-ng-sky.a(sicslowpan.o)
                              build/sky/obj/contiki-main.o (sicslowpan_driver)
build/sky/contiki-ng-sky.a(uiplib.o)
                              build/sky/contiki-ng-sky.a(log.o) (uiplib_ipaddr_snprint)
build/sky/contiki-ng-sky.a(rpl.o)
                              udp-serverTest.o (rpl_lite_driver)
build/sky/contiki-ng-sky.a(rpl-icmp6.o)
                              build/sky/contiki-ng-sky.a(rpl.o) (rpl_icmp6_init)
build/sky/contiki-ng-sky.a(rpl-dag-root.o)
                              build/sky/contiki-ng-sky.a(rpl.o) (rpl_dag_root_set_prefix)
build/sky/contiki-ng-sky.a(contiki-sky-pla)
                              build/sky/contiki-ng-sky.a(platform.o) (init_platform)
build/sky/contiki-ng-sky.a(button-sensor.o)
                              build/sky/contiki-ng-sky.a(contiki-sky-pla) (button_sensor)
build/sky/contiki-ng-sky.a(ds2411.o)
                              build/sky/contiki-ng-sky.a(platform.o) (ds2411_init)
build/sky/contiki-ng-sky.a(xmem.o)
                              build/sky/contiki-ng-sky.a(platform.o) (xmem_init)
build/sky/contiki-ng-sky.a(sensors.o)
                              build/sky/contiki-ng-sky.a(button-sensor.o) (sensors_changed)
build/sky/contiki-ng-sky.a(cc2420.o)
[...]
Memory Configuration

Name             Origin             Length             Attributes
sfr              0x00000000         0x00000010
peripheral_8bit  0x00000010         0x000000f0
peripheral_16bit 0x00000100         0x00000100
ram_mirror       0x00000200         0x00000800         xw
infomem          0x00001000         0x00000100
infob            0x00001000         0x00000080
infoa            0x00001080         0x00000080
ram              0x00001100         0x00002800         xw
rom              0x00004000         0x0000bfe0         xr
vectors          0x0000ffe0         0x00000020
bsl              0x00000000         0x00000000
infoc            0x00000000         0x00000000
infod            0x00000000         0x00000000
ram2             0x00000000         0x00000000         xw
usbram           0x00000000         0x00000000         xw
far_rom          0x00000000         0x00000000
*default*        0x00000000         0xffffffff

Linker script and memory map

LOAD /usr/local/bin/../lib/gcc/msp430/4.7.2/mmpy-16/crt0ivtbl16.o
                0x00002da4                _stack = _end
LOAD udp-serverTest.o
LOAD build/sky/obj/contiki-main.o
LOAD build/sky/contiki-ng-sky.a
LOAD /usr/local/bin/../lib/gcc/msp430/4.7.2/mmpy-16/libgcc.a
LOAD /usr/local/bin/../lib/gcc/msp430/4.7.2/../../../../msp430/lib/mmpy-16/libc.a
LOAD /usr/local/bin/../lib/gcc/msp430/4.7.2/mmpy-16/libgcc.a
LOAD /usr/local/bin/../lib/gcc/msp430/4.7.2/mmpy-16/libcrt0.a
                0x00000080                PROVIDE (__info_segment_size, 0x80)
                0x00001000                PROVIDE (__infob, 0x1000)
                0x00001080                PROVIDE (__infoa, 0x1080)
                0x00000000                __IE1 = 0x0
                0x00000002                __IFG1 = 0x2
                0x00000004                __ME1 = 0x4
                0x00000001                __IE2 = 0x1
                0x00000003                __IFG2 = 0x3
                0x00000005                __ME2 = 0x5
                0x00000120                __WDTCTL = 0x120
                0x00000130                __MPY = 0x130
                0x00000132                __MPYS = 0x132
                0x00000134                __MAC = 0x134
                0x00000136                __MACS = 0x136
                0x00000138                __OP2 = 0x138
                0x0000013a                __RESLO = 0x13a
                0x0000013c                __RESHI = 0x13c
                0x0000013e                __SUMEXT = 0x13e
                0x00000020                __P1IN = 0x20
                0x00000021                __P1OUT = 0x21
                0x00000022                __P1DIR = 0x22
                0x00000023                __P1IFG = 0x23
                0x00000024                __P1IES = 0x24
                0x00000025                __P1IE = 0x25
                0x00000026                __P1SEL = 0x26
                0x00000028                __P2IN = 0x28
                0x00000029                __P2OUT = 0x29
                0x0000002a                __P2DIR = 0x2a
                0x0000002b                __P2IFG = 0x2b
                0x0000002c                __P2IES = 0x2c
                0x0000002d                __P2IE = 0x2d
                0x0000002e                __P2SEL = 0x2e
                0x00000018                __P3IN = 0x18
                0x00000019                __P3OUT = 0x19
                0x0000001a                __P3DIR = 0x1a
                0x0000001b                __P3SEL = 0x1b
                0x0000001c                __P4IN = 0x1c
                0x0000001d                __P4OUT = 0x1d
                0x0000001e                __P4DIR = 0x1e
                0x0000001f                __P4SEL = 0x1f
                0x00000030                __P5IN = 0x30
                0x00000031                __P5OUT = 0x31
                0x00000032                __P5DIR = 0x32
                0x00000033                __P5SEL = 0x33
                0x00000034                __P6IN = 0x34
                0x00000035                __P6OUT = 0x35
                0x00000036                __P6DIR = 0x36
                0x00000037                __P6SEL = 0x37
                0x00000070                __U0CTL = 0x70
                0x00000071                __U0TCTL = 0x71
                0x00000072                __U0RCTL = 0x72
                0x00000073                __U0MCTL = 0x73
                0x00000074                __U0BR0 = 0x74
                0x00000075                __U0BR1 = 0x75
                0x00000076                __U0RXBUF = 0x76
                0x00000077                __U0TXBUF = 0x77
                0x00000078                __U1CTL = 0x78
                0x00000079                __U1TCTL = 0x79
                0x0000007a                __U1RCTL = 0x7a
                0x0000007b                __U1MCTL = 0x7b
                0x0000007c                __U1BR0 = 0x7c
                0x0000007d                __U1BR1 = 0x7d
                0x0000007e                __U1RXBUF = 0x7e
                0x0000007f                __U1TXBUF = 0x7f
                0x00000050                __I2CIE = 0x50
                0x00000051                __I2CIFG = 0x51
                0x00000052                __I2CNDAT = 0x52
                0x00000071                __I2CTCTL = 0x71
                0x00000072                __I2CDCTL = 0x72
                0x00000073                __I2CPSC = 0x73
                0x00000074                __I2CSCLH = 0x74
                0x00000075                __I2CSCLL = 0x75
                0x00000076                __I2CDRB = 0x76
                0x00000076                __I2CDRW = 0x76
                0x00000118                __I2COA = 0x118
                0x0000011a                __I2CSA = 0x11a
                0x0000011c                __I2CIV = 0x11c
                0x0000012e                __TAIV = 0x12e
                0x00000160                __TACTL = 0x160
                0x00000162                __TACCTL0 = 0x162
                0x00000164                __TACCTL1 = 0x164
                0x00000166                __TACCTL2 = 0x166
                0x00000170                __TAR = 0x170
                0x00000172                __TACCR0 = 0x172
                0x00000174                __TACCR1 = 0x174
                0x00000176                __TACCR2 = 0x176
                0x0000011e                __TBIV = 0x11e
                0x00000180                __TBCTL = 0x180
                0x00000182                __TBCCTL0 = 0x182
                0x00000184                __TBCCTL1 = 0x184
                0x00000186                __TBCCTL2 = 0x186
                0x00000188                __TBCCTL3 = 0x188
                0x0000018a                __TBCCTL4 = 0x18a
                0x0000018c                __TBCCTL5 = 0x18c
                0x0000018e                __TBCCTL6 = 0x18e
                0x00000190                __TBR = 0x190
                0x00000192                __TBCCR0 = 0x192
                0x00000194                __TBCCR1 = 0x194
                0x00000196                __TBCCR2 = 0x196
                0x00000198                __TBCCR3 = 0x198
                0x0000019a                __TBCCR4 = 0x19a
                0x0000019c                __TBCCR5 = 0x19c
                0x0000019e                __TBCCR6 = 0x19e
                0x00000056                __DCOCTL = 0x56
                0x00000057                __BCSCTL1 = 0x57
                0x00000058                __BCSCTL2 = 0x58
                0x00000055                __SVSCTL = 0x55
                0x00000128                __FCTL1 = 0x128
                0x0000012a                __FCTL2 = 0x12a
                0x0000012c                __FCTL3 = 0x12c
                0x00000059                __CACTL1 = 0x59
                0x0000005a                __CACTL2 = 0x5a
                0x0000005b                __CAPD = 0x5b
                0x000001a0                __ADC12CTL0 = 0x1a0
                0x000001a2                __ADC12CTL1 = 0x1a2
                0x000001a4                __ADC12IFG = 0x1a4
                0x000001a6                __ADC12IE = 0x1a6
                0x000001a8                __ADC12IV = 0x1a8
                0x00000140                __ADC12MEM0 = 0x140
                0x00000142                __ADC12MEM1 = 0x142
                0x00000144                __ADC12MEM2 = 0x144
                0x00000146                __ADC12MEM3 = 0x146
                0x00000148                __ADC12MEM4 = 0x148
                0x0000014a                __ADC12MEM5 = 0x14a
                0x0000014c                __ADC12MEM6 = 0x14c
                0x0000014e                __ADC12MEM7 = 0x14e
                0x00000150                __ADC12MEM8 = 0x150
                0x00000152                __ADC12MEM9 = 0x152
                0x00000154                __ADC12MEM10 = 0x154
                0x00000156                __ADC12MEM11 = 0x156
                0x00000158                __ADC12MEM12 = 0x158
                0x0000015a                __ADC12MEM13 = 0x15a
                0x0000015c                __ADC12MEM14 = 0x15c
                0x0000015e                __ADC12MEM15 = 0x15e
                0x00000080                __ADC12MCTL0 = 0x80
                0x00000081                __ADC12MCTL1 = 0x81
                0x00000082                __ADC12MCTL2 = 0x82
                0x00000083                __ADC12MCTL3 = 0x83
                0x00000084                __ADC12MCTL4 = 0x84
                0x00000085                __ADC12MCTL5 = 0x85
                0x00000086                __ADC12MCTL6 = 0x86
                0x00000087                __ADC12MCTL7 = 0x87
                0x00000088                __ADC12MCTL8 = 0x88
                0x00000089                __ADC12MCTL9 = 0x89
                0x0000008a                __ADC12MCTL10 = 0x8a
                0x0000008b                __ADC12MCTL11 = 0x8b
                0x0000008c                __ADC12MCTL12 = 0x8c
                0x0000008d                __ADC12MCTL13 = 0x8d
                0x0000008e                __ADC12MCTL14 = 0x8e
                0x0000008f                __ADC12MCTL15 = 0x8f
                0x000001c0                __DAC12_0CTL = 0x1c0
                0x000001c2                __DAC12_1CTL = 0x1c2
                0x000001c8                __DAC12_0DAT = 0x1c8
                0x000001ca                __DAC12_1DAT = 0x1ca
                0x00000122                __DMACTL0 = 0x122
                0x00000124                __DMACTL1 = 0x124
                0x000001e0                __DMA0CTL = 0x1e0
                0x000001e8                __DMA1CTL = 0x1e8
                0x000001f0                __DMA2CTL = 0x1f0
                0x000001e2                __DMA0SA = 0x1e2
                0x000001e4                __DMA0DA = 0x1e4
                0x000001e6                __DMA0SZ = 0x1e6
                0x000001ea                __DMA1SA = 0x1ea
                0x000001ec                __DMA1DA = 0x1ec
                0x000001ee                __DMA1SZ = 0x1ee
                0x000001f2                __DMA2SA = 0x1f2
                0x000001f4                __DMA2DA = 0x1f4
                0x000001f6                __DMA2SZ = 0x1f6

.hash
 *(.hash)

.dynsym
 *(.dynsym)

.dynstr
 *(.dynstr)

.gnu.version
 *(.gnu.version)

.gnu.version_d
 *(.gnu.version_d)

.gnu.version_r
 *(.gnu.version_r)

.rel.init
 *(.rel.init)

.rela.init
 *(.rela.init)

.rel.fini
 *(.rel.fini)

.rela.fini
 *(.rela.fini)

.rel.text
 *(.rel.text .rel.text.* .rel.gnu.linkonce.t.*)

.rela.text
 *(.rela.text .rela.text.* .rela.gnu.linkonce.t.*)

.rel.rodata
 *(.rel.rodata .rel.rodata.* .rel.gnu.linkonce.r.*)

.rela.rodata
 *(.rela.rodata .rela.rodata.* .rela.gnu.linkonce.r.*)

.rel.data
 *(.rel.data .rel.data.* .rel.gnu.linkonce.d.*)

.rela.data
 *(.rela.data .rela.data.* .rela.gnu.linkonce.d.*)

.rel.bss
 *(.rel.bss .rel.bss.* .rel.gnu.linkonce.b.*)

.rela.bss
 *(.rela.bss .rela.bss.* .rela.gnu.linkonce.b.*)

.rel.ctors
 *(.rel.ctors)

.rela.ctors
 *(.rela.ctors)

.rel.dtors
 *(.rel.dtors)

.rela.dtors
 *(.rela.dtors)

.rel.got
 *(.rel.got)

.rela.got
 *(.rela.got)

.rel.plt
 *(.rel.plt)

.rela.plt
 *(.rela.plt)

.text           0x00004000     0xa2d8
                0x00004000                . = ALIGN (0x2)
 *(.init .init.*)
 *(.init0)
 .init0         0x00004000        0x0 /usr/local/bin/../lib/gcc/msp430/4.7.2/mmpy-16/libcrt0.a(_reset_vector__.o)
                0x00004000                _reset_vector__
 *(.init1)
 .init1         0x00004000        0xc /usr/local/bin/../lib/gcc/msp430/4.7.2/mmpy-16/libcrt0.a(__watchdog_support.o)
                0x00004000                __watchdog_support
 *(.init2)
 .init2         0x0000400c        0x4 /usr/local/bin/../lib/gcc/msp430/4.7.2/mmpy-16/libcrt0.a(__init_stack.o)
                0x0000400c                __init_stack
 *(.init3)
 .init3         0x00004010        0x0 /usr/local/bin/../lib/gcc/msp430/4.7.2/mmpy-16/libcrt0.a(__low_level_init.o)
                0x00004010                __low_level_init
 *(.init4)
 .init4         0x00004010       0x18 /usr/local/bin/../lib/gcc/msp430/4.7.2/mmpy-16/libcrt0.a(_copy_data.o)
                0x00004010                __do_copy_data
 .init4         0x00004028       0x16 /usr/local/bin/../lib/gcc/msp430/4.7.2/mmpy-16/libcrt0.a(_clear_bss.o)
                0x00004028                __do_clear_bss
 *(.init5)
 *(.init6)
 *(.init7)
 *(.init8)
 *(.init9)
 .init9         0x0000403e      0x22e build/sky/obj/contiki-main.o
                0x0000403e                main
 *(.fini9)
 .fini9         0x0000426c        0x0 /usr/local/bin/../lib/gcc/msp430/4.7.2/mmpy-16/libcrt0.a(__stop_progExec__.o)
                0x0000426c                __stop_progExec__
 *(.fini8)
 *(.fini7)
 *(.fini6)
 *(.fini5)
 *(.fini4)
 *(.fini3)
 *(.fini2)
 *(.fini1)
 *(.fini0)
 .fini0         0x0000426c        0x6 /usr/local/bin/../lib/gcc/msp430/4.7.2/mmpy-16/libcrt0.a(_endless_loop__.o)
                0x0000426c                _endless_loop__
 *(.fini .fini.*)
                0x00004272                . = ALIGN (0x2)
                0x00004272                __ctors_start = .
 *(.ctors)
                0x00004272                __ctors_end = .
                0x00004272                __dtors_start = .
 *(.dtors)
                0x00004272                __dtors_end = .
                0x00004272                . = ALIGN (0x2)
 *(.text .text.* .gnu.linkonce.t.*)
 .text          0x00004272        0x4 /usr/local/bin/../lib/gcc/msp430/4.7.2/mmpy-16/crt0ivtbl16.o
                0x00004272                __isr_14
                0x00004272                __isr_11
                0x00004272                __isr_2
                0x00004272                __isr_7
                0x00004272                __isr_0
                0x00004272                __isr_8
                0x00004272                __isr_3
                0x00004272                __isr_12
                0x00004272                __isr_13
                0x00004272                __isr_9
 .text.process_thread_udp_server_process
                0x00004276       0x32 udp-serverTest.o
 .text.udp_rx_callback
                0x000042a8       0xf4 udp-serverTest.o
 .text.putchar  0x0000439c       0x10 build/sky/contiki-ng-sky.a(uart1-putchar.o)
                0x0000439c                putchar
 .text.platform_init_stage_one
                0x000043ac       0x12 build/sky/contiki-ng-sky.a(platform.o)
                0x000043ac                platform_init_stage_one
 .text.platform_init_stage_two
                0x000043be       0x64 build/sky/contiki-ng-sky.a(platform.o)
                0x000043be                platform_init_stage_two
 .text.platform_init_stage_three
                0x00004422       0x7a build/sky/contiki-ng-sky.a(platform.o)
                0x00004422                platform_init_stage_three
 .text.platform_idle
                0x0000449c       0x54 build/sky/contiki-ng-sky.a(platform.o)
                0x0000449c                platform_idle
 .text.msp430_init_dco
                0x000044f0       0x82 build/sky/contiki-ng-sky.a(msp430.o)
                0x000044f0                msp430_init_dco
 .text.msp430_add_lpm_req
                0x00004572        0xc build/sky/contiki-ng-sky.a(msp430.o)
                0x00004572                msp430_add_lpm_req
 .text.msp430_cpu_init
                0x0000457e       0x2a build/sky/contiki-ng-sky.a(msp430.o)
                0x0000457e                msp430_cpu_init
 .text.splhigh_
                0x000045a8        0x8 build/sky/contiki-ng-sky.a(msp430.o)
                0x000045a8                splhigh_
 .text.msp430_sync_dco
                0x000045b0       0x6c build/sky/contiki-ng-sky.a(msp430.o)
                0x000045b0                msp430_sync_dco
 .text.timera1  0x0000461c       0xdc build/sky/contiki-ng-sky.a(clock.o)
                0x0000461c                __isr_5
                0x0000461c                timera1
 .text.clock_time
                0x000046f8       0x1a build/sky/contiki-ng-sky.a(clock.o)
                0x000046f8                clock_time
 .text.clock_init
                0x00004712       0x28 build/sky/contiki-ng-sky.a(clock.o)
                0x00004712                clock_init
 .text.clock_delay
                0x0000473a        0xc build/sky/contiki-ng-sky.a(clock.o)
                0x0000473a                clock_delay
 .text.clock_seconds
                0x00004746       0x1a build/sky/contiki-ng-sky.a(clock.o)
                0x00004746                clock_seconds
 .text.leds_init
                0x00004760        0x6 build/sky/contiki-ng-sky.a(leds.o)
                0x00004760                leds_init
 .text.leds_on  0x00004766       0x12 build/sky/contiki-ng-sky.a(leds.o)
                0x00004766                leds_on
 .text.leds_off
                0x00004778       0x12 build/sky/contiki-ng-sky.a(leds.o)
                0x00004778                leds_off
 .text.leds_arch_init
                0x0000478a        0xe build/sky/contiki-ng-sky.a(leds-arch.o)
                0x0000478a                leds_arch_init
 .text.leds_arch_get
                0x00004798       0x34 build/sky/contiki-ng-sky.a(leds-arch.o)
                0x00004798                leds_arch_get
 .text.leds_arch_set
                0x000047cc       0x3e build/sky/contiki-ng-sky.a(leds-arch.o)
                0x000047cc                leds_arch_set
 .text.watchdog_interrupt
                0x0000480a        0x6 build/sky/contiki-ng-sky.a(watchdog.o)
                0x0000480a                __isr_10
                0x0000480a                watchdog_interrupt
 .text.watchdog_start
                0x00004810       0x14 build/sky/contiki-ng-sky.a(watchdog.o)
                0x00004810                watchdog_start
 .text.watchdog_periodic
                0x00004824       0x12 build/sky/contiki-ng-sky.a(watchdog.o)
                0x00004824                watchdog_periodic
 .text.watchdog_stop
                0x00004836       0x16 build/sky/contiki-ng-sky.a(watchdog.o)
                0x00004836                watchdog_stop
 .text.watchdog_init
                0x0000484c       0x12 build/sky/contiki-ng-sky.a(watchdog.o)
                0x0000484c                watchdog_init
 .text.autostart_start
                0x0000485e       0x16 build/sky/contiki-ng-sky.a(autostart.o)
                0x0000485e                autostart_start
 .text.energest_init
                0x00004874        0x2 build/sky/contiki-ng-sky.a(energest.o)
                0x00004874                energest_init
 .text.energest_flush
                0x00004876        0x2 build/sky/contiki-ng-sky.a(energest.o)
                0x00004876                energest_flush
 .text.update_time
                0x00004878       0x78 build/sky/contiki-ng-sky.a(etimer.o)
 .text.etimer_request_poll
                0x000048f0        0xa build/sky/contiki-ng-sky.a(etimer.o)
                0x000048f0                etimer_request_poll
 .text.process_thread_etimer_process
                0x000048fa       0xcc build/sky/contiki-ng-sky.a(etimer.o)
 .text.add_timer
                0x000049c6       0x40 build/sky/contiki-ng-sky.a(etimer.o)
 .text.etimer_set
                0x00004a06       0x12 build/sky/contiki-ng-sky.a(etimer.o)
                0x00004a06                etimer_set
 .text.etimer_reset
                0x00004a18       0x12 build/sky/contiki-ng-sky.a(etimer.o)
                0x00004a18                etimer_reset
 .text.etimer_expired
                0x00004a2a        0xe build/sky/contiki-ng-sky.a(etimer.o)
                0x00004a2a                etimer_expired
 .text.etimer_pending
                0x00004a38        0xc build/sky/contiki-ng-sky.a(etimer.o)
                0x00004a38                etimer_pending
 .text.etimer_next_expiration_time
                0x00004a44       0x16 build/sky/contiki-ng-sky.a(etimer.o)
                0x00004a44                etimer_next_expiration_time
 .text.etimer_stop
                0x00004a5a       0x3e build/sky/contiki-ng-sky.a(etimer.o)
                0x00004a5a                etimer_stop
 .text.log_6addr
                0x00004a98       0x32 build/sky/contiki-ng-sky.a(log.o)
                0x00004a98                log_6addr
 .text.log_lladdr
                0x00004aca       0x44 build/sky/contiki-ng-sky.a(log.o)
                0x00004aca                log_lladdr
 .text.process_thread_ctimer_process
                0x00004b0e       0xa8 build/sky/contiki-ng-sky.a(ctimer.o)
 .text.ctimer_init
                0x00004bb6       0x18 build/sky/contiki-ng-sky.a(ctimer.o)
                0x00004bb6                ctimer_init
 .text.ctimer_set_with_process
                0x00004bce       0x4e build/sky/contiki-ng-sky.a(ctimer.o)
                0x00004bce                ctimer_set_with_process
 .text.ctimer_set
                0x00004c1c       0x10 build/sky/contiki-ng-sky.a(ctimer.o)
                0x00004c1c                ctimer_set
 .text.ctimer_reset
                0x00004c2c       0x30 build/sky/contiki-ng-sky.a(ctimer.o)
                0x00004c2c                ctimer_reset
 .text.ctimer_stop
                0x00004c5c       0x28 build/sky/contiki-ng-sky.a(ctimer.o)
                0x00004c5c                ctimer_stop
 .text.ctimer_expired
                0x00004c84       0x30 build/sky/contiki-ng-sky.a(ctimer.o)
                0x00004c84                ctimer_expired
 .text.rtimer_init
                0x00004cb4        0x6 build/sky/contiki-ng-sky.a(rtimer.o)
                0x00004cb4                rtimer_init
 .text.rtimer_run_next
                0x00004cba       0x26 build/sky/contiki-ng-sky.a(rtimer.o)
                0x00004cba                rtimer_run_next
 .text.node_id_init
                0x00004ce0       0x14 build/sky/contiki-ng-sky.a(node-id.o)
                0x00004ce0                node_id_init
 .text.call_process
                0x00004cf4       0x46 build/sky/contiki-ng-sky.a(process.o)
 .text.exit_process
                0x00004d3a       0x96 build/sky/contiki-ng-sky.a(process.o)
 .text.do_poll  0x00004dd0       0x30 build/sky/contiki-ng-sky.a(process.o)
 .text.process_alloc_event
                0x00004e00        0xe build/sky/contiki-ng-sky.a(process.o)
                0x00004e00                process_alloc_event
 .text.process_init
                0x00004e0e       0x18 build/sky/contiki-ng-sky.a(process.o)
                0x00004e0e                process_init
 .text.process_run
                0x00004e26       0x92 build/sky/contiki-ng-sky.a(process.o)
                0x00004e26                process_run
 .text.process_nevents
                0x00004eb8        0xe build/sky/contiki-ng-sky.a(process.o)
                0x00004eb8                process_nevents
 .text.process_post
                0x00004ec6       0x42 build/sky/contiki-ng-sky.a(process.o)
                0x00004ec6                process_post
 .text.process_post_synch
                0x00004f08       0x12 build/sky/contiki-ng-sky.a(process.o)
                0x00004f08                process_post_synch
 .text.process_start
                0x00004f1a       0x36 build/sky/contiki-ng-sky.a(process.o)
                0x00004f1a                process_start
 .text.process_poll
                0x00004f50       0x18 build/sky/contiki-ng-sky.a(process.o)
                0x00004f50                process_poll
 .text.timer_set
                0x00004f68       0x1c build/sky/contiki-ng-sky.a(timer.o)
                0x00004f68                timer_set
 .text.timer_expired
                0x00004f84       0x2a build/sky/contiki-ng-sky.a(timer.o)
                0x00004f84                timer_expired
 .text.timer_reset
                0x00004fae       0x1c build/sky/contiki-ng-sky.a(timer.o)
                0x00004fae                timer_reset
 .text.list_init
                0x00004fca        0x6 build/sky/contiki-ng-sky.a(list.o)
                0x00004fca                list_init
 .text.list_head
                0x00004fd0        0x4 build/sky/contiki-ng-sky.a(list.o)
                0x00004fd0                list_head
 .text.list_tail
                0x00004fd4       0x12 build/sky/contiki-ng-sky.a(list.o)
                0x00004fd4                list_tail
 .text.list_remove
                0x00004fe6       0x34 build/sky/contiki-ng-sky.a(list.o)
                0x00004fe6                list_remove
 .text.list_push
                0x0000501a       0x1a build/sky/contiki-ng-sky.a(list.o)
                0x0000501a                list_push
 .text.list_add
                0x00005034       0x2a build/sky/contiki-ng-sky.a(list.o)
                0x00005034                list_add
 .text.list_length
                0x0000505e       0x10 build/sky/contiki-ng-sky.a(list.o)
                0x0000505e                list_length
 .text.list_item_next
                0x0000506e        0xc build/sky/contiki-ng-sky.a(list.o)
                0x0000506e                list_item_next
 .text.random_init
                0x0000507a        0x6 build/sky/contiki-ng-sky.a(random.o)
                0x0000507a                random_init
 .text.random_rand
                0x00005080        0x6 build/sky/contiki-ng-sky.a(random.o)
                0x00005080                random_rand
 .text.queuebuf_init
                0x00005086       0x12 build/sky/contiki-ng-sky.a(queuebuf.o)
                0x00005086                queuebuf_init
 .text.queuebuf_numfree
                0x00005098        0xa build/sky/contiki-ng-sky.a(queuebuf.o)
                0x00005098                queuebuf_numfree
 .text.queuebuf_new_from_packetbuf
                0x000050a2       0x52 build/sky/contiki-ng-sky.a(queuebuf.o)
                0x000050a2                queuebuf_new_from_packetbuf
 .text.queuebuf_update_attr_from_packetbuf
                0x000050f4       0x12 build/sky/contiki-ng-sky.a(queuebuf.o)
                0x000050f4                queuebuf_update_attr_from_packetbuf
 .text.queuebuf_free
                0x00005106       0x2a build/sky/contiki-ng-sky.a(queuebuf.o)
                0x00005106                queuebuf_free
 .text.queuebuf_to_packetbuf
                0x00005130       0x32 build/sky/contiki-ng-sky.a(queuebuf.o)
                0x00005130                queuebuf_to_packetbuf
 .text.packetbuf_hdrreduce
                0x00005162       0x1a build/sky/contiki-ng-sky.a(packetbuf.o)
                0x00005162                packetbuf_hdrreduce
 .text.packetbuf_set_datalen
                0x0000517c        0x6 build/sky/contiki-ng-sky.a(packetbuf.o)
                0x0000517c                packetbuf_set_datalen
 .text.packetbuf_hdrptr
                0x00005182        0x6 build/sky/contiki-ng-sky.a(packetbuf.o)
                0x00005182                packetbuf_hdrptr
 .text.packetbuf_datalen
                0x00005188        0x6 build/sky/contiki-ng-sky.a(packetbuf.o)
                0x00005188                packetbuf_datalen
 .text.packetbuf_hdrlen
                0x0000518e        0xa build/sky/contiki-ng-sky.a(packetbuf.o)
                0x0000518e                packetbuf_hdrlen
 .text.packetbuf_dataptr
                0x00005198        0xc build/sky/contiki-ng-sky.a(packetbuf.o)
                0x00005198                packetbuf_dataptr
 .text.packetbuf_copyto
                0x000051a4       0x46 build/sky/contiki-ng-sky.a(packetbuf.o)
                0x000051a4                packetbuf_copyto
 .text.packetbuf_totlen
                0x000051ea        0xc build/sky/contiki-ng-sky.a(packetbuf.o)
                0x000051ea                packetbuf_totlen
 .text.packetbuf_hdralloc
                0x000051f6       0x3c build/sky/contiki-ng-sky.a(packetbuf.o)
                0x000051f6                packetbuf_hdralloc
 .text.packetbuf_attr_clear
                0x00005232       0x28 build/sky/contiki-ng-sky.a(packetbuf.o)
                0x00005232                packetbuf_attr_clear
 .text.packetbuf_clear
                0x0000525a       0x12 build/sky/contiki-ng-sky.a(packetbuf.o)
                0x0000525a                packetbuf_clear
 .text.packetbuf_copyfrom
                0x0000526c       0x2e build/sky/contiki-ng-sky.a(packetbuf.o)
                0x0000526c                packetbuf_copyfrom
 .text.packetbuf_attr_copyto
                0x0000529a       0x22 build/sky/contiki-ng-sky.a(packetbuf.o)
                0x0000529a                packetbuf_attr_copyto
 .text.packetbuf_attr_copyfrom
                0x000052bc       0x24 build/sky/contiki-ng-sky.a(packetbuf.o)
                0x000052bc                packetbuf_attr_copyfrom
 .text.packetbuf_set_attr
                0x000052e0        0xc build/sky/contiki-ng-sky.a(packetbuf.o)
                0x000052e0                packetbuf_set_attr
 .text.packetbuf_attr
                0x000052ec        0xa build/sky/contiki-ng-sky.a(packetbuf.o)
                0x000052ec                packetbuf_attr
 .text.packetbuf_set_addr
                0x000052f6       0x18 build/sky/contiki-ng-sky.a(packetbuf.o)
                0x000052f6                packetbuf_set_addr
 .text.packetbuf_addr
                0x0000530e       0x12 build/sky/contiki-ng-sky.a(packetbuf.o)
                0x0000530e                packetbuf_addr
 .text.packetbuf_holds_broadcast
                0x00005320        0xe build/sky/contiki-ng-sky.a(packetbuf.o)
                0x00005320                packetbuf_holds_broadcast
 .text.netstack_process_ip_callback
                0x0000532e       0x4e build/sky/contiki-ng-sky.a(netstack.o)
                0x0000532e                netstack_process_ip_callback
 .text.netstack_init
                0x0000537c        0xe build/sky/contiki-ng-sky.a(netstack.o)
                0x0000537c                netstack_init
 .text.linkaddr_copy
                0x0000538a        0x8 build/sky/contiki-ng-sky.a(linkaddr.o)
                0x0000538a                linkaddr_copy
 .text.linkaddr_cmp
                0x00005392       0x12 build/sky/contiki-ng-sky.a(linkaddr.o)
                0x00005392                linkaddr_cmp
 .text.linkaddr_set_node_addr
                0x000053a4        0xc build/sky/contiki-ng-sky.a(linkaddr.o)
                0x000053a4                linkaddr_set_node_addr
 .text.on       0x000053b0        0x6 build/sky/contiki-ng-sky.a(csma.o)
 .text.off      0x000053b6        0x6 build/sky/contiki-ng-sky.a(csma.o)
 .text.max_payload
                0x000053bc       0x38 build/sky/contiki-ng-sky.a(csma.o)
 .text.send_packet
                0x000053f4        0x6 build/sky/contiki-ng-sky.a(csma.o)
 .text.init     0x000053fa       0x1c build/sky/contiki-ng-sky.a(csma.o)
 .text.input_packet
                0x00005416       0x58 build/sky/contiki-ng-sky.a(csma.o)
 .text.schedule_transmission
                0x0000546e       0x70 build/sky/contiki-ng-sky.a(csma-output.o)
 .text.tx_done  0x000054de       0x9a build/sky/contiki-ng-sky.a(csma-output.o)
 .text.transmit_from_queue
                0x00005578      0x1bc build/sky/contiki-ng-sky.a(csma-output.o)
 .text.csma_output_packet
                0x00005734      0x184 build/sky/contiki-ng-sky.a(csma-output.o)
                0x00005734                csma_output_packet
 .text.csma_output_init
                0x000058b8       0x1a build/sky/contiki-ng-sky.a(csma-output.o)
                0x000058b8                csma_output_init
 .text.uip_ds6_default_prefix
                0x000058d2        0x6 build/sky/contiki-ng-sky.a(uip-ds6.o)
                0x000058d2                uip_ds6_default_prefix
 .text.uip_ds6_list_loop
                0x000058d8       0x92 build/sky/contiki-ng-sky.a(uip-ds6.o)
                0x000058d8                uip_ds6_list_loop
 .text.uip_ds6_prefix_add
                0x0000596a       0x80 build/sky/contiki-ng-sky.a(uip-ds6.o)
                0x0000596a                uip_ds6_prefix_add
 .text.uip_ds6_is_addr_onlink
                0x000059ea       0x54 build/sky/contiki-ng-sky.a(uip-ds6.o)
                0x000059ea                uip_ds6_is_addr_onlink
 .text.uip_ds6_addr_lookup
                0x00005a3e       0x2a build/sky/contiki-ng-sky.a(uip-ds6.o)
                0x00005a3e                uip_ds6_addr_lookup
 .text.uip_ds6_get_link_local
                0x00005a68       0x3e build/sky/contiki-ng-sky.a(uip-ds6.o)
                0x00005a68                uip_ds6_get_link_local
 .text.uip_ds6_maddr_add
                0x00005aa6       0x4c build/sky/contiki-ng-sky.a(uip-ds6.o)
                0x00005aa6                uip_ds6_maddr_add
 .text.uip_ds6_addr_add
                0x00005af2       0xc4 build/sky/contiki-ng-sky.a(uip-ds6.o)
                0x00005af2                uip_ds6_addr_add
 .text.uip_ds6_maddr_rm
                0x00005bb6        0xa build/sky/contiki-ng-sky.a(uip-ds6.o)
                0x00005bb6                uip_ds6_maddr_rm
 .text.uip_ds6_maddr_lookup
                0x00005bc0       0x2a build/sky/contiki-ng-sky.a(uip-ds6.o)
                0x00005bc0                uip_ds6_maddr_lookup
 .text.uip_ds6_addr_rm
                0x00005bea       0x54 build/sky/contiki-ng-sky.a(uip-ds6.o)
                0x00005bea                uip_ds6_addr_rm
 .text.uip_ds6_periodic
                0x00005c3e       0x46 build/sky/contiki-ng-sky.a(uip-ds6.o)
                0x00005c3e                uip_ds6_periodic
 .text.uip_ds6_set_addr_iid
                0x00005c84       0x14 build/sky/contiki-ng-sky.a(uip-ds6.o)
                0x00005c84                uip_ds6_set_addr_iid
 .text.uip_ds6_set_lladdr_from_iid
                0x00005c98       0x14 build/sky/contiki-ng-sky.a(uip-ds6.o)
                0x00005c98                uip_ds6_set_lladdr_from_iid
 .text.get_match_length
                0x00005cac       0x44 build/sky/contiki-ng-sky.a(uip-ds6.o)
                0x00005cac                get_match_length
 .text.uip_ds6_select_src
                0x00005cf0       0xaa build/sky/contiki-ng-sky.a(uip-ds6.o)
                0x00005cf0                uip_ds6_select_src
 .text.uip_ds6_compute_reachable_time
                0x00005d9a       0x3e build/sky/contiki-ng-sky.a(uip-ds6.o)
                0x00005d9a                uip_ds6_compute_reachable_time
 .text.uip_ds6_init
                0x00005dd8      0x164 build/sky/contiki-ng-sky.a(uip-ds6.o)
                0x00005dd8                uip_ds6_init
 .text.uip_ds6_route_init
                0x00005f3c       0x12 build/sky/contiki-ng-sky.a(uip-ds6-route.o)
                0x00005f3c                uip_ds6_route_init
 .text.uip_ds6_route_nexthop
                0x00005f4e        0x4 build/sky/contiki-ng-sky.a(uip-ds6-route.o)
                0x00005f4e                uip_ds6_route_nexthop
 .text.uip_ds6_route_lookup
                0x00005f52        0x4 build/sky/contiki-ng-sky.a(uip-ds6-route.o)
                0x00005f52                uip_ds6_route_lookup
 .text.uip_ds6_route_rm
                0x00005f56        0x2 build/sky/contiki-ng-sky.a(uip-ds6-route.o)
                0x00005f56                uip_ds6_route_rm
 .text.uip_ds6_defrt_rm
                0x00005f58       0x3c build/sky/contiki-ng-sky.a(uip-ds6-route.o)
                0x00005f58                uip_ds6_defrt_rm
 .text.uip_ds6_defrt_lookup
                0x00005f94       0x40 build/sky/contiki-ng-sky.a(uip-ds6-route.o)
                0x00005f94                uip_ds6_defrt_lookup
 .text.uip_ds6_defrt_add
                0x00005fd4       0x72 build/sky/contiki-ng-sky.a(uip-ds6-route.o)
                0x00005fd4                uip_ds6_defrt_add
 .text.uip_ds6_defrt_choose
                0x00006046       0x3a build/sky/contiki-ng-sky.a(uip-ds6-route.o)
                0x00006046                uip_ds6_defrt_choose
 .text.uip_ds6_defrt_periodic
                0x00006080       0x38 build/sky/contiki-ng-sky.a(uip-ds6-route.o)
                0x00006080                uip_ds6_defrt_periodic
 .text.uip_ds6_nbr_rm
                0x000060b8       0x1e build/sky/contiki-ng-sky.a(uip-ds6-nbr.o)
                0x000060b8                uip_ds6_nbr_rm
 .text.uip_ds6_neighbors_init
                0x000060d6       0x12 build/sky/contiki-ng-sky.a(uip-ds6-nbr.o)
                0x000060d6                uip_ds6_neighbors_init
 .text.uip_ds6_nbr_add
                0x000060e8       0x3e build/sky/contiki-ng-sky.a(uip-ds6-nbr.o)
                0x000060e8                uip_ds6_nbr_add
 .text.uip_ds6_nbr_get_ll
                0x00006126        0xc build/sky/contiki-ng-sky.a(uip-ds6-nbr.o)
                0x00006126                uip_ds6_nbr_get_ll
 .text.uip_ds6_nbr_head
                0x00006132        0xa build/sky/contiki-ng-sky.a(uip-ds6-nbr.o)
                0x00006132                uip_ds6_nbr_head
 .text.uip_ds6_nbr_next
                0x0000613c        0xc build/sky/contiki-ng-sky.a(uip-ds6-nbr.o)
                0x0000613c                uip_ds6_nbr_next
 .text.uip_ds6_nbr_lookup
                0x00006148       0x3a build/sky/contiki-ng-sky.a(uip-ds6-nbr.o)
                0x00006148                uip_ds6_nbr_lookup
 .text.uip_ds6_nbr_ll_lookup
                0x00006182        0xc build/sky/contiki-ng-sky.a(uip-ds6-nbr.o)
                0x00006182                uip_ds6_nbr_ll_lookup
 .text.uip_ds6_nbr_update_ll
                0x0000618e       0x76 build/sky/contiki-ng-sky.a(uip-ds6-nbr.o)
                0x0000618e                uip_ds6_nbr_update_ll
 .text.uip_ds6_nbr_ipaddr_from_lladdr
                0x00006204        0x6 build/sky/contiki-ng-sky.a(uip-ds6-nbr.o)
                0x00006204                uip_ds6_nbr_ipaddr_from_lladdr
 .text.uip_ds6_nbr_lladdr_from_ipaddr
                0x0000620a       0x12 build/sky/contiki-ng-sky.a(uip-ds6-nbr.o)
                0x0000620a                uip_ds6_nbr_lladdr_from_ipaddr
 .text.uip_ds6_link_callback
                0x0000621c        0x2 build/sky/contiki-ng-sky.a(uip-ds6-nbr.o)
                0x0000621c                uip_ds6_link_callback
 .text.tcpip_output
                0x0000621e       0x22 build/sky/contiki-ng-sky.a(tcpip.o)
                0x0000621e                tcpip_output
 .text.udp_new  0x00006240       0x1a build/sky/contiki-ng-sky.a(tcpip.o)
                0x00006240                udp_new
 .text.tcpip_input
                0x0000625a       0x1e build/sky/contiki-ng-sky.a(tcpip.o)
                0x0000625a                tcpip_input
 .text.tcpip_ipv6_output
                0x00006278      0x114 build/sky/contiki-ng-sky.a(tcpip.o)
                0x00006278                tcpip_ipv6_output
 .text.packet_input.part.3
                0x0000638c       0x12 build/sky/contiki-ng-sky.a(tcpip.o)
 .text.process_thread_tcpip_process
                0x0000639e       0xcc build/sky/contiki-ng-sky.a(tcpip.o)
 .text.tcpip_uipcall
                0x0000646a       0x2a build/sky/contiki-ng-sky.a(tcpip.o)
                0x0000646a                tcpip_uipcall
 .text.chksum   0x00006494       0x32 build/sky/contiki-ng-sky.a(uip6.o)
 .text.upper_layer_chksum
                0x000064c6       0x58 build/sky/contiki-ng-sky.a(uip6.o)
 .text.ext_hdr_options_process
                0x0000651e       0xa4 build/sky/contiki-ng-sky.a(uip6.o)
 .text.uip_check_mtu
                0x000065c2       0x1e build/sky/contiki-ng-sky.a(uip6.o)
 .text.uip_update_ttl
                0x000065e0       0x24 build/sky/contiki-ng-sky.a(uip6.o)
 .text.uip_icmp6chksum
                0x00006604        0xa build/sky/contiki-ng-sky.a(uip6.o)
                0x00006604                uip_icmp6chksum
 .text.uip_udpchksum
                0x0000660e        0xa build/sky/contiki-ng-sky.a(uip6.o)
                0x0000660e                uip_udpchksum
 .text.uip_init
                0x00006618       0x3c build/sky/contiki-ng-sky.a(uip6.o)
                0x00006618                uip_init
 .text.uip_remove_ext_hdr
                0x00006654       0x5e build/sky/contiki-ng-sky.a(uip6.o)
                0x00006654                uip_remove_ext_hdr
 .text.uip_udp_new
                0x000066b2       0xac build/sky/contiki-ng-sky.a(uip6.o)
                0x000066b2                uip_udp_new
 .text.uip_process
                0x0000675e      0x4be build/sky/contiki-ng-sky.a(uip6.o)
                0x0000675e                uip_process
 .text.uip_htonl
                0x00006c1c       0x2e build/sky/contiki-ng-sky.a(uip6.o)
                0x00006c1c                uip_htonl
 .text.ns_input
                0x00006c4a      0x286 build/sky/contiki-ng-sky.a(uip-nd6.o)
 .text.uip_nd6_init
                0x00006ed0        0xa build/sky/contiki-ng-sky.a(uip-nd6.o)
                0x00006ed0                uip_nd6_init
 .text.process_thread_simple_udp_process
                0x00006eda       0xb8 build/sky/contiki-ng-sky.a(simple-udp.o)
 .text.simple_udp_sendto
                0x00006f92       0x2c build/sky/contiki-ng-sky.a(simple-udp.o)
                0x00006f92                simple_udp_sendto
 .text.simple_udp_register
                0x00006fbe       0x96 build/sky/contiki-ng-sky.a(simple-udp.o)
                0x00006fbe                simple_udp_register
 .text.clear_fragments
                0x00007054       0x40 build/sky/contiki-ng-sky.a(sicslowpan.o)
 .text.addr_context_lookup_by_number
                0x00007094       0x16 build/sky/contiki-ng-sky.a(sicslowpan.o)
 .text.sicslowpan_init
                0x000070aa       0x18 build/sky/contiki-ng-sky.a(sicslowpan.o)
                0x000070aa                sicslowpan_init
 .text.set_packet_attrs
                0x000070c2       0x66 build/sky/contiki-ng-sky.a(sicslowpan.o)
 .text.compress_addr_64
                0x00007128       0xae build/sky/contiki-ng-sky.a(sicslowpan.o)
 .text.addr_context_lookup_by_prefix
                0x000071d6       0x20 build/sky/contiki-ng-sky.a(sicslowpan.o)
 .text.send_packet
                0x000071f6       0x1a build/sky/contiki-ng-sky.a(sicslowpan.o)
 .text.fragment_copy_payload_and_send
                0x00007210       0x66 build/sky/contiki-ng-sky.a(sicslowpan.o)
 .text.output   0x00007276      0x7c6 build/sky/contiki-ng-sky.a(sicslowpan.o)
 .text.packet_sent
                0x00007a3c       0x56 build/sky/contiki-ng-sky.a(sicslowpan.o)
 .text.store_fragment
                0x00007a92       0xb4 build/sky/contiki-ng-sky.a(sicslowpan.o)
 .text.add_fragment
                0x00007b46      0x1fc build/sky/contiki-ng-sky.a(sicslowpan.o)
 .text.uncompress_addr
                0x00007d42       0xb4 build/sky/contiki-ng-sky.a(sicslowpan.o)
 .text.input    0x00007df6      0x8b0 build/sky/contiki-ng-sky.a(sicslowpan.o)
 .text.uiplib_ipaddr_snprint
                0x000086a6      0x12c build/sky/contiki-ng-sky.a(uiplib.o)
                0x000086a6                uiplib_ipaddr_snprint
 .text.rpl_has_joined
                0x000087d2       0x12 build/sky/contiki-ng-sky.a(rpl.o)
                0x000087d2                rpl_has_joined
 .text.rpl_is_reachable
                0x000087e4       0x12 build/sky/contiki-ng-sky.a(rpl.o)
                0x000087e4                rpl_is_reachable
 .text.neighbor_state_changed
                0x000087f6        0x2 build/sky/contiki-ng-sky.a(rpl.o)
 .text.drop_route
                0x000087f8        0x2 build/sky/contiki-ng-sky.a(rpl.o)
 .text.rpl_get_leaf_only
                0x000087fa        0x6 build/sky/contiki-ng-sky.a(rpl.o)
                0x000087fa                rpl_get_leaf_only
 .text.get_sr_node_ipaddr
                0x00008800       0x34 build/sky/contiki-ng-sky.a(rpl.o)
 .text.init     0x00008834       0x42 build/sky/contiki-ng-sky.a(rpl.o)
 .text.set_ip_from_prefix
                0x00008876       0x38 build/sky/contiki-ng-sky.a(rpl.o)
 .text.rpl_link_callback
                0x000088ae       0x1e build/sky/contiki-ng-sky.a(rpl.o)
                0x000088ae                rpl_link_callback
 .text.rpl_lollipop_greater_than
                0x000088cc       0x3c build/sky/contiki-ng-sky.a(rpl.o)
                0x000088cc                rpl_lollipop_greater_than
 .text.rpl_get_global_address
                0x00008908       0xbe build/sky/contiki-ng-sky.a(rpl.o)
                0x00008908                rpl_get_global_address
 .text.rpl_reset_prefix
                0x000089c6       0x24 build/sky/contiki-ng-sky.a(rpl.o)
                0x000089c6                rpl_reset_prefix
 .text.rpl_set_prefix_from_addr
                0x000089ea       0x92 build/sky/contiki-ng-sky.a(rpl.o)
                0x000089ea                rpl_set_prefix_from_addr
 .text.get32    0x00008a7c       0x46 build/sky/contiki-ng-sky.a(rpl-icmp6.o)
 .text.set32    0x00008ac2       0x2a build/sky/contiki-ng-sky.a(rpl-icmp6.o)
 .text.get16    0x00008aec        0xe build/sky/contiki-ng-sky.a(rpl-icmp6.o)
 .text.set16    0x00008afa       0x10 build/sky/contiki-ng-sky.a(rpl-icmp6.o)
 .text.dao_ack_input
                0x00008b0a       0x30 build/sky/contiki-ng-sky.a(rpl-icmp6.o)
 .text.dao_input
                0x00008b3a      0x13c build/sky/contiki-ng-sky.a(rpl-icmp6.o)
 .text.dio_input
                0x00008c76      0x29c build/sky/contiki-ng-sky.a(rpl-icmp6.o)
 .text.dis_input
                0x00008f12       0x1e build/sky/contiki-ng-sky.a(rpl-icmp6.o)
 .text.rpl_icmp6_update_nbr_table
                0x00008f30       0x36 build/sky/contiki-ng-sky.a(rpl-icmp6.o)
                0x00008f30                rpl_icmp6_update_nbr_table
 .text.rpl_icmp6_dis_output
                0x00008f66       0x34 build/sky/contiki-ng-sky.a(rpl-icmp6.o)
                0x00008f66                rpl_icmp6_dis_output
 .text.rpl_icmp6_dio_output
                0x00008f9a      0x23a build/sky/contiki-ng-sky.a(rpl-icmp6.o)
                0x00008f9a                rpl_icmp6_dio_output
 .text.rpl_icmp6_dao_output
                0x000091d4       0xe2 build/sky/contiki-ng-sky.a(rpl-icmp6.o)
                0x000091d4                rpl_icmp6_dao_output
 .text.rpl_icmp6_dao_ack_output
                0x000092b6       0x4e build/sky/contiki-ng-sky.a(rpl-icmp6.o)
                0x000092b6                rpl_icmp6_dao_ack_output
 .text.rpl_icmp6_init
                0x00009304       0x22 build/sky/contiki-ng-sky.a(rpl-icmp6.o)
                0x00009304                rpl_icmp6_init
 .text.rpl_dag_root_set_prefix
                0x00009326       0x62 build/sky/contiki-ng-sky.a(rpl-dag-root.o)
                0x00009326                rpl_dag_root_set_prefix
 .text.rpl_dag_root_start
                0x00009388       0x8e build/sky/contiki-ng-sky.a(rpl-dag-root.o)
                0x00009388                rpl_dag_root_start
 .text.rpl_dag_root_is_root
                0x00009416       0x14 build/sky/contiki-ng-sky.a(rpl-dag-root.o)
                0x00009416                rpl_dag_root_is_root
 .text.init_platform
                0x0000942a        0xc build/sky/contiki-ng-sky.a(contiki-sky-pla)
                0x0000942a                init_platform
 .text.status   0x00009436       0x18 build/sky/contiki-ng-sky.a(button-sensor.o)
 .text.value    0x0000944e       0x20 build/sky/contiki-ng-sky.a(button-sensor.o)
 .text.configure
                0x0000946e       0x4c build/sky/contiki-ng-sky.a(button-sensor.o)
 .text.irq_p2   0x000094ba       0x46 build/sky/contiki-ng-sky.a(button-sensor.o)
                0x000094ba                irq_p2
                0x000094ba                __isr_1
 .text.owreadb  0x00009500       0x50 build/sky/contiki-ng-sky.a(ds2411.o)
 .text.ds2411_init
                0x00009550      0x120 build/sky/contiki-ng-sky.a(ds2411.o)
                0x00009550                ds2411_init
 .text.xmem_init
                0x00009670       0x3c build/sky/contiki-ng-sky.a(xmem.o)
                0x00009670                xmem_init
 .text.process_thread_sensors_process
                0x000096ac       0xc2 build/sky/contiki-ng-sky.a(sensors.o)
 .text.sensors_changed
                0x0000976e       0x2a build/sky/contiki-ng-sky.a(sensors.o)
                0x0000976e                sensors_changed
 .text.get_object
                0x00009798        0x4 build/sky/contiki-ng-sky.a(cc2420.o)
 .text.set_object
                0x0000979c        0x4 build/sky/contiki-ng-sky.a(cc2420.o)
 .text.strobe   0x000097a0       0x1c build/sky/contiki-ng-sky.a(cc2420.o)
 .text.getreg   0x000097bc       0x4c build/sky/contiki-ng-sky.a(cc2420.o)
 .text.setreg   0x00009808       0x4c build/sky/contiki-ng-sky.a(cc2420.o)
 .text.write_ram
                0x00009854       0x7c build/sky/contiki-ng-sky.a(cc2420.o)
 .text.write_fifo_buf
                0x000098d0       0x3c build/sky/contiki-ng-sky.a(cc2420.o)
 .text.get_status
                0x0000990c       0x20 build/sky/contiki-ng-sky.a(cc2420.o)
 .text.on       0x0000992c       0x1a build/sky/contiki-ng-sky.a(cc2420.o)
 .text.cc2420_receiving_packet
                0x00009946        0xc build/sky/contiki-ng-sky.a(cc2420.o)
 .text.pending_packet
                0x00009952        0x8 build/sky/contiki-ng-sky.a(cc2420.o)
 .text.wait_for_transmission
                0x0000995a       0x22 build/sky/contiki-ng-sky.a(cc2420.o)
 .text.wait_for_status
                0x0000997c       0x28 build/sky/contiki-ng-sky.a(cc2420.o)
 .text.getrxdata
                0x000099a4       0x50 build/sky/contiki-ng-sky.a(cc2420.o)
 .text.flushrx  0x000099f4       0x1a build/sky/contiki-ng-sky.a(cc2420.o)
 .text.off      0x00009a0e       0x28 build/sky/contiki-ng-sky.a(cc2420.o)
 .text.RELEASE_LOCK
                0x00009a36       0x28 build/sky/contiki-ng-sky.a(cc2420.o)
 .text.set_key  0x00009a5e       0x18 build/sky/contiki-ng-sky.a(cc2420.o)
 .text.set_frame_filtering
                0x00009a76       0x30 build/sky/contiki-ng-sky.a(cc2420.o)
 .text.set_auto_ack
                0x00009aa6       0x30 build/sky/contiki-ng-sky.a(cc2420.o)
 .text.set_poll_mode
                0x00009ad6       0x2c build/sky/contiki-ng-sky.a(cc2420.o)
 .text.cc2420_prepare
                0x00009b02       0x46 build/sky/contiki-ng-sky.a(cc2420.o)
 .text.cc2420_on
                0x00009b48       0x22 build/sky/contiki-ng-sky.a(cc2420.o)
                0x00009b48                cc2420_on
 .text.cc2420_transmit
                0x00009b6a       0x66 build/sky/contiki-ng-sky.a(cc2420.o)
 .text.cc2420_send
                0x00009bd0       0x12 build/sky/contiki-ng-sky.a(cc2420.o)
 .text.cc2420_off
                0x00009be2       0x30 build/sky/contiki-ng-sky.a(cc2420.o)
                0x00009be2                cc2420_off
 .text.cc2420_cca
                0x00009c12       0x68 build/sky/contiki-ng-sky.a(cc2420.o)
 .text.cc2420_read
                0x00009c7a       0xbe build/sky/contiki-ng-sky.a(cc2420.o)
 .text.process_thread_cc2420_process
                0x00009d38       0x62 build/sky/contiki-ng-sky.a(cc2420.o)
 .text.encrypt  0x00009d9a       0x88 build/sky/contiki-ng-sky.a(cc2420.o)
 .text.cc2420_set_channel
                0x00009e22       0x3c build/sky/contiki-ng-sky.a(cc2420.o)
                0x00009e22                cc2420_set_channel
 .text.cc2420_set_pan_addr
                0x00009e5e       0x4c build/sky/contiki-ng-sky.a(cc2420.o)
                0x00009e5e                cc2420_set_pan_addr
 .text.cc2420_interrupt
                0x00009eaa       0x16 build/sky/contiki-ng-sky.a(cc2420.o)
                0x00009eaa                cc2420_interrupt
 .text.cc2420_set_txpower
                0x00009ec0       0x2c build/sky/contiki-ng-sky.a(cc2420.o)
                0x00009ec0                cc2420_set_txpower
 .text.cc2420_get_txpower
                0x00009eec       0x1e build/sky/contiki-ng-sky.a(cc2420.o)
                0x00009eec                cc2420_get_txpower
 .text.cc2420_rssi
                0x00009f0a       0x4c build/sky/contiki-ng-sky.a(cc2420.o)
                0x00009f0a                cc2420_rssi
 .text.get_value
                0x00009f56      0x11e build/sky/contiki-ng-sky.a(cc2420.o)
 .text.cc2420_set_cca_threshold
                0x0000a074       0x16 build/sky/contiki-ng-sky.a(cc2420.o)
                0x0000a074                cc2420_set_cca_threshold
 .text.set_value
                0x0000a08a      0x150 build/sky/contiki-ng-sky.a(cc2420.o)
 .text.cc2420_init
                0x0000a1da       0xea build/sky/contiki-ng-sky.a(cc2420.o)
                0x0000a1da                cc2420_init
 .text.cc2420_port1_interrupt
                0x0000a2c4       0x20 build/sky/contiki-ng-sky.a(cc2420-arch.o)
                0x0000a2c4                __isr_4
                0x0000a2c4                cc2420_port1_interrupt
 .text.cc2420_arch_init
                0x0000a2e4       0x1a build/sky/contiki-ng-sky.a(cc2420-arch.o)
                0x0000a2e4                cc2420_arch_init
 .text.uart1_active
                0x0000a2fe       0x18 build/sky/contiki-ng-sky.a(uart1.o)
                0x0000a2fe                uart1_active
 .text.uart1_writeb
                0x0000a316       0x18 build/sky/contiki-ng-sky.a(uart1.o)
                0x0000a316                uart1_writeb
 .text.uart1_init
                0x0000a32e       0xf4 build/sky/contiki-ng-sky.a(uart1.o)
                0x0000a32e                uart1_init
 .text.timera0  0x0000a422       0x2e build/sky/contiki-ng-sky.a(rtimer-arch.o)
                0x0000a422                __isr_6
                0x0000a422                timera0
 .text.rtimer_arch_init
                0x0000a450        0xe build/sky/contiki-ng-sky.a(rtimer-arch.o)
                0x0000a450                rtimer_arch_init
 .text.rtimer_arch_now
                0x0000a45e        0xe build/sky/contiki-ng-sky.a(rtimer-arch.o)
                0x0000a45e                rtimer_arch_now
 .text.rtimer_arch_schedule
                0x0000a46c        0x6 build/sky/contiki-ng-sky.a(rtimer-arch.o)
                0x0000a46c                rtimer_arch_schedule
 .text.stimer_set
                0x0000a472       0x1c build/sky/contiki-ng-sky.a(stimer.o)
                0x0000a472                stimer_set
 .text.stimer_expired
                0x0000a48e       0x30 build/sky/contiki-ng-sky.a(stimer.o)
                0x0000a48e                stimer_expired
 .text.memb_init
                0x0000a4be       0x36 build/sky/contiki-ng-sky.a(memb.o)
                0x0000a4be                memb_init
 .text.memb_alloc
                0x0000a4f4       0x3e build/sky/contiki-ng-sky.a(memb.o)
                0x0000a4f4                memb_alloc
 .text.memb_free
                0x0000a532       0x32 build/sky/contiki-ng-sky.a(memb.o)
                0x0000a532                memb_free
 .text.memb_inmemb
                0x0000a564       0x2a build/sky/contiki-ng-sky.a(memb.o)
                0x0000a564                memb_inmemb
 .text.memb_numfree
                0x0000a58e       0x26 build/sky/contiki-ng-sky.a(memb.o)
                0x0000a58e                memb_numfree
 .text.item_from_index
                0x0000a5b4       0x2a build/sky/contiki-ng-sky.a(nbr-table.o)
 .text.index_from_key
                0x0000a5de       0x26 build/sky/contiki-ng-sky.a(nbr-table.o)
 .text.index_from_item
                0x0000a604       0x1e build/sky/contiki-ng-sky.a(nbr-table.o)
 .text.nbr_set_bit
                0x0000a622       0x58 build/sky/contiki-ng-sky.a(nbr-table.o)
 .text.index_from_lladdr
                0x0000a67a       0x42 build/sky/contiki-ng-sky.a(nbr-table.o)
 .text.nbr_get_bit.constprop.0
                0x0000a6bc       0x2e build/sky/contiki-ng-sky.a(nbr-table.o)
 .text.nbr_table_is_registered
                0x0000a6ea       0x22 build/sky/contiki-ng-sky.a(nbr-table.o)
                0x0000a6ea                nbr_table_is_registered
 .text.nbr_table_register
                0x0000a70c       0x40 build/sky/contiki-ng-sky.a(nbr-table.o)
                0x0000a70c                nbr_table_register
 .text.nbr_table_next
                0x0000a74c       0x54 build/sky/contiki-ng-sky.a(nbr-table.o)
                0x0000a74c                nbr_table_next
 .text.nbr_table_head
                0x0000a7a0       0x3a build/sky/contiki-ng-sky.a(nbr-table.o)
                0x0000a7a0                nbr_table_head
 .text.nbr_table_add_lladdr
                0x0000a7da      0x168 build/sky/contiki-ng-sky.a(nbr-table.o)
                0x0000a7da                nbr_table_add_lladdr
 .text.nbr_table_get_from_lladdr
                0x0000a942       0x2c build/sky/contiki-ng-sky.a(nbr-table.o)
                0x0000a942                nbr_table_get_from_lladdr
 .text.nbr_table_remove
                0x0000a96e       0x32 build/sky/contiki-ng-sky.a(nbr-table.o)
                0x0000a96e                nbr_table_remove
 .text.nbr_table_lock
                0x0000a9a0       0x10 build/sky/contiki-ng-sky.a(nbr-table.o)
                0x0000a9a0                nbr_table_lock
 .text.nbr_table_unlock
                0x0000a9b0       0x10 build/sky/contiki-ng-sky.a(nbr-table.o)
                0x0000a9b0                nbr_table_unlock
 .text.nbr_table_get_lladdr
                0x0000a9c0       0x22 build/sky/contiki-ng-sky.a(nbr-table.o)
                0x0000a9c0                nbr_table_get_lladdr
 .text.periodic
                0x0000a9e2       0x28 build/sky/contiki-ng-sky.a(link-stats.o)
 .text.link_stats_from_lladdr
                0x0000aa0a        0xc build/sky/contiki-ng-sky.a(link-stats.o)
                0x0000aa0a                link_stats_from_lladdr
 .text.link_stats_is_fresh
                0x0000aa16       0x30 build/sky/contiki-ng-sky.a(link-stats.o)
                0x0000aa16                link_stats_is_fresh
 .text.guess_etx_from_rssi
                0x0000aa46       0x42 build/sky/contiki-ng-sky.a(link-stats.o)
                0x0000aa46                guess_etx_from_rssi
 .text.link_stats_packet_sent
                0x0000aa88       0xde build/sky/contiki-ng-sky.a(link-stats.o)
                0x0000aa88                link_stats_packet_sent
 .text.link_stats_input_callback
                0x0000ab66       0xb4 build/sky/contiki-ng-sky.a(link-stats.o)
                0x0000ab66                link_stats_input_callback
 .text.link_stats_reset
                0x0000ac1a       0x2a build/sky/contiki-ng-sky.a(link-stats.o)
                0x0000ac1a                link_stats_reset
 .text.link_stats_init
                0x0000ac44       0x22 build/sky/contiki-ng-sky.a(link-stats.o)
                0x0000ac44                link_stats_init
 .text.mac_sequence_is_duplicate
                0x0000ac66       0x84 build/sky/contiki-ng-sky.a(mac-sequence.o)
                0x0000ac66                mac_sequence_is_duplicate
 .text.mac_sequence_register_seqno
                0x0000acea       0x90 build/sky/contiki-ng-sky.a(mac-sequence.o)
                0x0000acea                mac_sequence_register_seqno
 .text.mac_call_sent_callback
                0x0000ad7a       0x14 build/sky/contiki-ng-sky.a(mac.o)
                0x0000ad7a                mac_call_sent_callback
 .text.parse    0x0000ad8e       0xa0 build/sky/contiki-ng-sky.a(framer-802154.o)
 .text.framer_802154_setup_params
                0x0000ae2e       0xb8 build/sky/contiki-ng-sky.a(framer-802154.o)
                0x0000ae2e                framer_802154_setup_params
 .text.create_frame
                0x0000aee6       0xde build/sky/contiki-ng-sky.a(framer-802154.o)
 .text.create   0x0000afc4        0x8 build/sky/contiki-ng-sky.a(framer-802154.o)
 .text.hdr_length
                0x0000afcc        0x8 build/sky/contiki-ng-sky.a(framer-802154.o)
 .text.frame802154_get_pan_id
                0x0000afd4        0x6 build/sky/contiki-ng-sky.a(frame802154.o)
                0x0000afd4                frame802154_get_pan_id
 .text.frame802154_has_panid
                0x0000afda       0xe0 build/sky/contiki-ng-sky.a(frame802154.o)
                0x0000afda                frame802154_has_panid
 .text.field_len
                0x0000b0ba       0xac build/sky/contiki-ng-sky.a(frame802154.o)
 .text.frame802154_is_broadcast_addr
                0x0000b166       0x28 build/sky/contiki-ng-sky.a(frame802154.o)
                0x0000b166                frame802154_is_broadcast_addr
 .text.frame802154_hdrlen
                0x0000b18e       0x32 build/sky/contiki-ng-sky.a(frame802154.o)
                0x0000b18e                frame802154_hdrlen
 .text.frame802154_create_fcf
                0x0000b1c0       0x96 build/sky/contiki-ng-sky.a(frame802154.o)
                0x0000b1c0                frame802154_create_fcf
 .text.frame802154_create
                0x0000b256       0xe4 build/sky/contiki-ng-sky.a(frame802154.o)
                0x0000b256                frame802154_create
 .text.frame802154_parse_fcf
                0x0000b33a       0xbc build/sky/contiki-ng-sky.a(frame802154.o)
                0x0000b33a                frame802154_parse_fcf
 .text.frame802154_parse
                0x0000b3f6      0x168 build/sky/contiki-ng-sky.a(frame802154.o)
                0x0000b3f6                frame802154_parse
 .text.csma_security_create_frame
                0x0000b55e       0x10 build/sky/contiki-ng-sky.a(csma-security.o)
                0x0000b55e                csma_security_create_frame
 .text.csma_security_parse_frame
                0x0000b56e        0x6 build/sky/contiki-ng-sky.a(csma-security.o)
                0x0000b56e                csma_security_parse_frame
 .text.uipbuf_add_ext_hdr
                0x0000b574       0x1c build/sky/contiki-ng-sky.a(uipbuf.o)
                0x0000b574                uipbuf_add_ext_hdr
 .text.uipbuf_set_len
                0x0000b590       0x12 build/sky/contiki-ng-sky.a(uipbuf.o)
                0x0000b590                uipbuf_set_len
 .text.uipbuf_set_len_field
                0x0000b5a2        0xe build/sky/contiki-ng-sky.a(uipbuf.o)
                0x0000b5a2                uipbuf_set_len_field
 .text.uipbuf_get_len_field
                0x0000b5b0        0xe build/sky/contiki-ng-sky.a(uipbuf.o)
                0x0000b5b0                uipbuf_get_len_field
 .text.uipbuf_get_next_header
                0x0000b5be       0x62 build/sky/contiki-ng-sky.a(uipbuf.o)
                0x0000b5be                uipbuf_get_next_header
 .text.uipbuf_get_last_header
                0x0000b620       0x3e build/sky/contiki-ng-sky.a(uipbuf.o)
                0x0000b620                uipbuf_get_last_header
 .text.uipbuf_search_header
                0x0000b65e       0x4e build/sky/contiki-ng-sky.a(uipbuf.o)
                0x0000b65e                uipbuf_search_header
 .text.uipbuf_get_attr
                0x0000b6ac       0x14 build/sky/contiki-ng-sky.a(uipbuf.o)
                0x0000b6ac                uipbuf_get_attr
 .text.uipbuf_clear_attr
                0x0000b6c0       0x12 build/sky/contiki-ng-sky.a(uipbuf.o)
                0x0000b6c0                uipbuf_clear_attr
 .text.uipbuf_clear
                0x0000b6d2       0x12 build/sky/contiki-ng-sky.a(uipbuf.o)
                0x0000b6d2                uipbuf_clear
 .text.uipbuf_init
                0x0000b6e4       0x1a build/sky/contiki-ng-sky.a(uipbuf.o)
                0x0000b6e4                uipbuf_init
 .text.echo_reply_input
                0x0000b6fe       0x68 build/sky/contiki-ng-sky.a(uip-icmp6.o)
 .text.echo_request_input
                0x0000b766       0x86 build/sky/contiki-ng-sky.a(uip-icmp6.o)
 .text.uip_icmp6_input
                0x0000b7ec       0x48 build/sky/contiki-ng-sky.a(uip-icmp6.o)
                0x0000b7ec                uip_icmp6_input
 .text.uip_icmp6_register_input_handler
                0x0000b834        0xc build/sky/contiki-ng-sky.a(uip-icmp6.o)
                0x0000b834                uip_icmp6_register_input_handler
 .text.uip_icmp6_error_output
                0x0000b840      0x146 build/sky/contiki-ng-sky.a(uip-icmp6.o)
                0x0000b840                uip_icmp6_error_output
 .text.uip_icmp6_send
                0x0000b986       0x8e build/sky/contiki-ng-sky.a(uip-icmp6.o)
                0x0000b986                uip_icmp6_send
 .text.uip_icmp6_init
                0x0000ba14       0x12 build/sky/contiki-ng-sky.a(uip-icmp6.o)
                0x0000ba14                uip_icmp6_init
 .text.node_matches_address.part.0
                0x0000ba26       0x2e build/sky/contiki-ng-sky.a(uip-sr.o)
 .text.uip_sr_get_node
                0x0000ba54       0x44 build/sky/contiki-ng-sky.a(uip-sr.o)
                0x0000ba54                uip_sr_get_node
 .text.uip_sr_is_addr_reachable
                0x0000ba98       0x4e build/sky/contiki-ng-sky.a(uip-sr.o)
                0x0000ba98                uip_sr_is_addr_reachable
 .text.uip_sr_expire_parent
                0x0000bae6       0x42 build/sky/contiki-ng-sky.a(uip-sr.o)
                0x0000bae6                uip_sr_expire_parent
 .text.uip_sr_update_node
                0x0000bb28       0xbc build/sky/contiki-ng-sky.a(uip-sr.o)
                0x0000bb28                uip_sr_update_node
 .text.uip_sr_init
                0x0000bbe4       0x16 build/sky/contiki-ng-sky.a(uip-sr.o)
                0x0000bbe4                uip_sr_init
 .text.uip_sr_periodic
                0x0000bbfa       0x9a build/sky/contiki-ng-sky.a(uip-sr.o)
                0x0000bbfa                uip_sr_periodic
 .text.uip_sr_free_all
                0x0000bc94       0x3c build/sky/contiki-ng-sky.a(uip-sr.o)
                0x0000bc94                uip_sr_free_all
 .text.uip_udp_packet_send
                0x0000bcd0       0x2a build/sky/contiki-ng-sky.a(uip-udp-packet.)
                0x0000bcd0                uip_udp_packet_send
 .text.uip_udp_packet_sendto
                0x0000bcfa       0x66 build/sky/contiki-ng-sky.a(uip-udp-packet.)
                0x0000bcfa                uip_udp_packet_sendto
 .text.init_dag
                0x0000bd60       0x84 build/sky/contiki-ng-sky.a(rpl-dag.o)
 .text.process_dio_init_dag
                0x0000bde4       0xb0 build/sky/contiki-ng-sky.a(rpl-dag.o)
 .text.rpl_dag_get_root_ipaddr
                0x0000be94       0x1e build/sky/contiki-ng-sky.a(rpl-dag.o)
                0x0000be94                rpl_dag_get_root_ipaddr
 .text.rpl_dag_leave
                0x0000beb2       0x4a build/sky/contiki-ng-sky.a(rpl-dag.o)
                0x0000beb2                rpl_dag_leave
 .text.rpl_dag_poison_and_leave
                0x0000befc        0xc build/sky/contiki-ng-sky.a(rpl-dag.o)
                0x0000befc                rpl_dag_poison_and_leave
 .text.rpl_dag_periodic
                0x0000bf08       0x6a build/sky/contiki-ng-sky.a(rpl-dag.o)
                0x0000bf08                rpl_dag_periodic
 .text.rpl_is_addr_in_our_dag
                0x0000bf72       0x34 build/sky/contiki-ng-sky.a(rpl-dag.o)
                0x0000bf72                rpl_is_addr_in_our_dag
 .text.rpl_local_repair
                0x0000bfa6       0x2a build/sky/contiki-ng-sky.a(rpl-dag.o)
                0x0000bfa6                rpl_local_repair
 .text.rpl_global_repair
                0x0000bfd0       0x2e build/sky/contiki-ng-sky.a(rpl-dag.o)
                0x0000bfd0                rpl_global_repair
 .text.rpl_dag_ready_to_advertise
                0x0000bffe       0x22 build/sky/contiki-ng-sky.a(rpl-dag.o)
                0x0000bffe                rpl_dag_ready_to_advertise
 .text.rpl_dag_update_state
                0x0000c020      0x140 build/sky/contiki-ng-sky.a(rpl-dag.o)
                0x0000c020                rpl_dag_update_state
 .text.rpl_process_dio
                0x0000c160      0x1b6 build/sky/contiki-ng-sky.a(rpl-dag.o)
                0x0000c160                rpl_process_dio
 .text.rpl_process_dis
                0x0000c316       0x2a build/sky/contiki-ng-sky.a(rpl-dag.o)
                0x0000c316                rpl_process_dis
 .text.rpl_process_dao
                0x0000c340       0x6c build/sky/contiki-ng-sky.a(rpl-dag.o)
                0x0000c340                rpl_process_dao
 .text.rpl_process_dao_ack
                0x0000c3ac       0x54 build/sky/contiki-ng-sky.a(rpl-dag.o)
                0x0000c3ac                rpl_process_dao_ack
 .text.rpl_process_hbh
                0x0000c400       0x2e build/sky/contiki-ng-sky.a(rpl-dag.o)
                0x0000c400                rpl_process_hbh
 .text.rpl_dag_init_root
                0x0000c42e       0xbc build/sky/contiki-ng-sky.a(rpl-dag.o)
                0x0000c42e                rpl_dag_init_root
 .text.rpl_dag_init
                0x0000c4ea       0x10 build/sky/contiki-ng-sky.a(rpl-dag.o)
                0x0000c4ea                rpl_dag_init
 .text.remove_neighbor
                0x0000c4fa       0x24 build/sky/contiki-ng-sky.a(rpl-neighbor.o)
 .text.rpl_neighbor_get_from_lladdr
                0x0000c51e        0xc build/sky/contiki-ng-sky.a(rpl-neighbor.o)
                0x0000c51e                rpl_neighbor_get_from_lladdr
 .text.rpl_neighbor_rank_via_nbr
                0x0000c52a       0x18 build/sky/contiki-ng-sky.a(rpl-neighbor.o)
                0x0000c52a                rpl_neighbor_rank_via_nbr
 .text.rpl_neighbor_get_lladdr
                0x0000c542        0xc build/sky/contiki-ng-sky.a(rpl-neighbor.o)
                0x0000c542                rpl_neighbor_get_lladdr
 .text.rpl_neighbor_get_ipaddr
                0x0000c54e        0xa build/sky/contiki-ng-sky.a(rpl-neighbor.o)
                0x0000c54e                rpl_neighbor_get_ipaddr
 .text.rpl_neighbor_get_link_stats
                0x0000c558        0xa build/sky/contiki-ng-sky.a(rpl-neighbor.o)
                0x0000c558                rpl_neighbor_get_link_stats
 .text.rpl_neighbor_is_fresh
                0x0000c562        0xa build/sky/contiki-ng-sky.a(rpl-neighbor.o)
                0x0000c562                rpl_neighbor_is_fresh
 .text.best_parent
                0x0000c56c       0xb4 build/sky/contiki-ng-sky.a(rpl-neighbor.o)
 .text.rpl_neighbor_is_parent
                0x0000c620       0x18 build/sky/contiki-ng-sky.a(rpl-neighbor.o)
                0x0000c620                rpl_neighbor_is_parent
 .text.rpl_neighbor_set_preferred_parent
                0x0000c638       0x48 build/sky/contiki-ng-sky.a(rpl-neighbor.o)
                0x0000c638                rpl_neighbor_set_preferred_parent
 .text.rpl_neighbor_remove_all
                0x0000c680       0x30 build/sky/contiki-ng-sky.a(rpl-neighbor.o)
                0x0000c680                rpl_neighbor_remove_all
 .text.rpl_neighbor_get_from_ipaddr
                0x0000c6b0       0x14 build/sky/contiki-ng-sky.a(rpl-neighbor.o)
                0x0000c6b0                rpl_neighbor_get_from_ipaddr
 .text.rpl_neighbor_select_best
                0x0000c6c4       0x54 build/sky/contiki-ng-sky.a(rpl-neighbor.o)
                0x0000c6c4                rpl_neighbor_select_best
 .text.rpl_neighbor_init
                0x0000c718        0xe build/sky/contiki-ng-sky.a(rpl-neighbor.o)
                0x0000c718                rpl_neighbor_init
 .text.handle_state_update
                0x0000c726        0x6 build/sky/contiki-ng-sky.a(rpl-timers.o)
 .text.handle_leaving_timer
                0x0000c72c        0xc build/sky/contiki-ng-sky.a(rpl-timers.o)
 .text.schedule_dao_retransmission
                0x0000c738       0x34 build/sky/contiki-ng-sky.a(rpl-timers.o)
 .text.new_dio_interval
                0x0000c76c       0x8a build/sky/contiki-ng-sky.a(rpl-timers.o)
 .text.handle_unicast_dio_timer
                0x0000c7f6       0x12 build/sky/contiki-ng-sky.a(rpl-timers.o)
 .text.send_new_dao
                0x0000c808       0x28 build/sky/contiki-ng-sky.a(rpl-timers.o)
 .text.resend_dao
                0x0000c830       0x24 build/sky/contiki-ng-sky.a(rpl-timers.o)
 .text.handle_dao_ack_timer
                0x0000c854       0x12 build/sky/contiki-ng-sky.a(rpl-timers.o)
 .text.handle_dio_timer
                0x0000c866       0x6e build/sky/contiki-ng-sky.a(rpl-timers.o)
 .text.rpl_timers_schedule_periodic_dis
                0x0000c8d4       0x40 build/sky/contiki-ng-sky.a(rpl-timers.o)
                0x0000c8d4                rpl_timers_schedule_periodic_dis
 .text.handle_periodic_timer
                0x0000c914       0x3a build/sky/contiki-ng-sky.a(rpl-timers.o)
 .text.handle_dis_timer
                0x0000c94e       0x26 build/sky/contiki-ng-sky.a(rpl-timers.o)
 .text.rpl_timers_dio_reset
                0x0000c974       0x2e build/sky/contiki-ng-sky.a(rpl-timers.o)
                0x0000c974                rpl_timers_dio_reset
 .text.rpl_timers_schedule_unicast_dio
                0x0000c9a2       0x20 build/sky/contiki-ng-sky.a(rpl-timers.o)
                0x0000c9a2                rpl_timers_schedule_unicast_dio
 .text.rpl_timers_schedule_dao
                0x0000c9c2       0x3c build/sky/contiki-ng-sky.a(rpl-timers.o)
                0x0000c9c2                rpl_timers_schedule_dao
 .text.rpl_timers_schedule_dao_ack
                0x0000c9fe       0x34 build/sky/contiki-ng-sky.a(rpl-timers.o)
                0x0000c9fe                rpl_timers_schedule_dao_ack
 .text.rpl_timers_notify_dao_ack
                0x0000ca32       0x82 build/sky/contiki-ng-sky.a(rpl-timers.o)
                0x0000ca32                rpl_timers_notify_dao_ack
 .text.get_probing_delay
                0x0000cab4       0x1c build/sky/contiki-ng-sky.a(rpl-timers.o)
                0x0000cab4                get_probing_delay
 .text.get_probing_target
                0x0000cad0       0xee build/sky/contiki-ng-sky.a(rpl-timers.o)
                0x0000cad0                get_probing_target
 .text.rpl_schedule_probing
                0x0000cbbe       0x20 build/sky/contiki-ng-sky.a(rpl-timers.o)
                0x0000cbbe                rpl_schedule_probing
 .text.handle_probing_timer
                0x0000cbde       0x2a build/sky/contiki-ng-sky.a(rpl-timers.o)
 .text.rpl_schedule_probing_now
                0x0000cc08       0x24 build/sky/contiki-ng-sky.a(rpl-timers.o)
                0x0000cc08                rpl_schedule_probing_now
 .text.rpl_timers_unschedule_leaving
                0x0000cc2c       0x1c build/sky/contiki-ng-sky.a(rpl-timers.o)
                0x0000cc2c                rpl_timers_unschedule_leaving
 .text.rpl_timers_schedule_leaving
                0x0000cc48       0x2a build/sky/contiki-ng-sky.a(rpl-timers.o)
                0x0000cc48                rpl_timers_schedule_leaving
 .text.rpl_timers_init
                0x0000cc72       0x1c build/sky/contiki-ng-sky.a(rpl-timers.o)
                0x0000cc72                rpl_timers_init
 .text.rpl_timers_stop_dag_timers
                0x0000cc8e       0x4c build/sky/contiki-ng-sky.a(rpl-timers.o)
                0x0000cc8e                rpl_timers_stop_dag_timers
 .text.rpl_timers_unschedule_state_update
                0x0000ccda       0x10 build/sky/contiki-ng-sky.a(rpl-timers.o)
                0x0000ccda                rpl_timers_unschedule_state_update
 .text.rpl_timers_schedule_state_update
                0x0000ccea       0x1c build/sky/contiki-ng-sky.a(rpl-timers.o)
                0x0000ccea                rpl_timers_schedule_state_update
 .text.update_hbh_header
                0x0000cd06       0x4a build/sky/contiki-ng-sky.a(rpl-ext-header.)
 .text.rpl_ext_header_srh_get_next_hop
                0x0000cd50       0x84 build/sky/contiki-ng-sky.a(rpl-ext-header.)
                0x0000cd50                rpl_ext_header_srh_get_next_hop
 .text.rpl_ext_header_srh_update
                0x0000cdd4      0x106 build/sky/contiki-ng-sky.a(rpl-ext-header.)
                0x0000cdd4                rpl_ext_header_srh_update
 .text.rpl_ext_header_hbh_update
                0x0000ceda       0x9e build/sky/contiki-ng-sky.a(rpl-ext-header.)
                0x0000ceda                rpl_ext_header_hbh_update
 .text.rpl_ext_header_remove
                0x0000cf78       0xcc build/sky/contiki-ng-sky.a(rpl-ext-header.)
                0x0000cf78                rpl_ext_header_remove
 .text.rpl_ext_header_update
                0x0000d044      0x2aa build/sky/contiki-ng-sky.a(rpl-ext-header.)
                0x0000d044                rpl_ext_header_update
 .text.update_state
                0x0000d2ee       0x78 build/sky/contiki-ng-sky.a(rpl-nbr-policy.)
 .text.rpl_nbr_policy_find_removable
                0x0000d366       0x50 build/sky/contiki-ng-sky.a(rpl-nbr-policy.)
                0x0000d366                rpl_nbr_policy_find_removable
 .text.reset    0x0000d3b6        0x2 build/sky/contiki-ng-sky.a(rpl-mrhof.o)
 .text.update_metric_container
                0x0000d3b8        0x6 build/sky/contiki-ng-sky.a(rpl-mrhof.o)
 .text.nbr_link_metric
                0x0000d3be       0x12 build/sky/contiki-ng-sky.a(rpl-mrhof.o)
 .text.nbr_has_usable_link
                0x0000d3d0       0x14 build/sky/contiki-ng-sky.a(rpl-mrhof.o)
 .text.nbr_path_cost
                0x0000d3e4       0x38 build/sky/contiki-ng-sky.a(rpl-mrhof.o)
 .text.within_hysteresis
                0x0000d41c       0x54 build/sky/contiki-ng-sky.a(rpl-mrhof.o)
 .text.nbr_is_acceptable_parent
                0x0000d470       0x2c build/sky/contiki-ng-sky.a(rpl-mrhof.o)
 .text.rank_via_nbr
                0x0000d49c       0x48 build/sky/contiki-ng-sky.a(rpl-mrhof.o)
 .text.best_parent
                0x0000d4e4       0x7c build/sky/contiki-ng-sky.a(rpl-mrhof.o)
 .text.spi_init
                0x0000d560       0x30 build/sky/contiki-ng-sky.a(spi-legacy.o)
                0x0000d560                spi_init
 .text.libgcc   0x0000d590       0x2c /usr/local/bin/../lib/gcc/msp430/4.7.2/mmpy-16/libgcc.a(_mulsi3.o)
                0x0000d590                __mulsi3
 .text.libgcc   0x0000d5bc       0x22 /usr/local/bin/../lib/gcc/msp430/4.7.2/mmpy-16/libgcc.a(_udivmod16.o)
                0x0000d5bc                __udivhi3
                0x0000d5bc                __ext_udivmod16
                0x0000d5d6                __umodhi3
 .text.libgcc   0x0000d5de       0x3a /usr/local/bin/../lib/gcc/msp430/4.7.2/mmpy-16/libgcc.a(_divmod16.o)
                0x0000d5de                __ext_divmod16
                0x0000d5de                __divhi3
                0x0000d610                __modhi3
 .text.libgcc   0x0000d618       0x40 /usr/local/bin/../lib/gcc/msp430/4.7.2/mmpy-16/libgcc.a(_udivmod32.o)
                0x0000d618                __udivsi3
                0x0000d618                __ext_udivmod32
                0x0000d64e                __umodsi3
 .text.libgcc   0x0000d658       0x4c /usr/local/bin/../lib/gcc/msp430/4.7.2/mmpy-16/libgcc.a(_divmod32.o)
                0x0000d658                __ext_divmod32
                0x0000d658                __divsi3
                0x0000d69a                __modsi3
 .text.printf   0x0000d6a4       0x10 /usr/local/bin/../lib/gcc/msp430/4.7.2/../../../../msp430/lib/mmpy-16/libc.a(printf.o)
                0x0000d6a4                printf
 .text.append   0x0000d6b4       0x22 /usr/local/bin/../lib/gcc/msp430/4.7.2/../../../../msp430/lib/mmpy-16/libc.a(sprintf.o)
 .text.call_vuprintf
                0x0000d6d6       0x3a /usr/local/bin/../lib/gcc/msp430/4.7.2/../../../../msp430/lib/mmpy-16/libc.a(sprintf.o)
 .text.snprintf
                0x0000d710       0x1a /usr/local/bin/../lib/gcc/msp430/4.7.2/../../../../msp430/lib/mmpy-16/libc.a(sprintf.o)
                0x0000d710                snprintf
 .text.print_field
                0x0000d72a      0x194 /usr/local/bin/../lib/gcc/msp430/4.7.2/../../../../msp430/lib/mmpy-16/libc.a(vuprintf.o)
 .text.vuprintf
                0x0000d8be      0x63e /usr/local/bin/../lib/gcc/msp430/4.7.2/../../../../msp430/lib/mmpy-16/libc.a(vuprintf.o)
                0x0000d8be                vuprintf
 .text.puts     0x0000defc       0x2c /usr/local/bin/../lib/gcc/msp430/4.7.2/../../../../msp430/lib/mmpy-16/libc.a(puts.o)
                0x0000defc                puts
 .text.rand     0x0000df28       0x26 /usr/local/bin/../lib/gcc/msp430/4.7.2/../../../../msp430/lib/mmpy-16/libc.a(rand.o)
                0x0000df28                rand
 .text.srand    0x0000df4e        0xa /usr/local/bin/../lib/gcc/msp430/4.7.2/../../../../msp430/lib/mmpy-16/libc.a(rand.o)
                0x0000df4e                srand
 .text.memcmp   0x0000df58       0x30 /usr/local/bin/../lib/gcc/msp430/4.7.2/../../../../msp430/lib/mmpy-16/libc.a(memcmp.o)
                0x0000df58                memcmp
 .text.memcpy   0x0000df88       0xfa /usr/local/bin/../lib/gcc/msp430/4.7.2/../../../../msp430/lib/mmpy-16/libc.a(memcpy.o)
                0x0000df88                memcpy
 .text.memmove  0x0000e082       0xfa /usr/local/bin/../lib/gcc/msp430/4.7.2/../../../../msp430/lib/mmpy-16/libc.a(memmove.o)
                0x0000e082                memmove
 .text.memset   0x0000e17c       0x6a /usr/local/bin/../lib/gcc/msp430/4.7.2/../../../../msp430/lib/mmpy-16/libc.a(memset.o)
                0x0000e17c                memset
 .text.libgcc   0x0000e1e6       0xf0 /usr/local/bin/../lib/gcc/msp430/4.7.2/mmpy-16/libgcc.a(_udivmod64.o)
                0x0000e1e6                __xabi_udivmod64
                0x0000e244                __udivdi3
                0x0000e26a                __umoddi3
                0x0000e298                __udivmoddi4
 .text.crt0     0x0000e2d6        0x2 /usr/local/bin/../lib/gcc/msp430/4.7.2/mmpy-16/libcrt0.a(_unexpected_.o)
                0x0000e2d6                _unexpected_
 *(.near.text .near.text.*)

.rodata         0x0000e2d8      0x4e1
                0x0000e2d8                . = ALIGN (0x2)
 *(.rodata .rodata.* .gnu.linkonce.r.*)
 .rodata        0x0000e2d8       0x94 udp-serverTest.o
                0x0000e35c                autostart_processes
 .rodata        0x0000e36c       0xf1 build/sky/obj/contiki-main.o
 .rodata        0x0000e45d       0x31 build/sky/contiki-ng-sky.a(platform.o)
 .rodata        0x0000e48e        0xc build/sky/contiki-ng-sky.a(etimer.o)
 .rodata        0x0000e49a       0xb6 build/sky/contiki-ng-sky.a(log.o)
 .rodata        0x0000e550        0xf build/sky/contiki-ng-sky.a(ctimer.o)
 *fill*         0x0000e55f        0x1 00
 .rodata        0x0000e560        0x8 build/sky/contiki-ng-sky.a(linkaddr.o)
                0x0000e560                linkaddr_null
 .rodata        0x0000e568       0x14 build/sky/contiki-ng-sky.a(csma.o)
                0x0000e56e                csma_driver
 .rodata        0x0000e57c        0xd build/sky/contiki-ng-sky.a(tcpip.o)
 .rodata        0x0000e589       0x13 build/sky/contiki-ng-sky.a(simple-udp.o)
 .rodata        0x0000e59c       0x26 build/sky/contiki-ng-sky.a(sicslowpan.o)
                0x0000e5a8                sicslowpan_driver
                0x0000e5b0                llprefix
                0x0000e5b2                unc_mxconf
                0x0000e5b6                unc_ctxconf
                0x0000e5ba                unc_llconf
 .rodata        0x0000e5c2       0x2d build/sky/contiki-ng-sky.a(uiplib.o)
 *fill*         0x0000e5ef        0x1 00
 .rodata        0x0000e5f0       0x34 build/sky/contiki-ng-sky.a(rpl.o)
                0x0000e5fa                rpl_lite_driver
 .rodata        0x0000e624       0x10 build/sky/contiki-ng-sky.a(button-sensor.o)
                0x0000e62c                button_sensor
 .rodata        0x0000e634        0x8 build/sky/contiki-ng-sky.a(sensors.o)
 .rodata.get_value
                0x0000e63c       0x34 build/sky/contiki-ng-sky.a(cc2420.o)
 .rodata.set_value
                0x0000e670       0x10 build/sky/contiki-ng-sky.a(cc2420.o)
 .rodata        0x0000e680       0x3e build/sky/contiki-ng-sky.a(cc2420.o)
                0x0000e680                cc2420_aes_128_driver
                0x0000e684                cc2420_driver
 .rodata        0x0000e6be        0x6 build/sky/contiki-ng-sky.a(framer-802154.o)
                0x0000e6be                framer_802154
 .rodata        0x0000e6c4        0x2 build/sky/contiki-ng-sky.a(frame802154.o)
 .rodata        0x0000e6c6       0xe0 build/sky/contiki-ng-sky.a(rpl-dag.o)
 .rodata        0x0000e7a6        0xc build/sky/contiki-ng-sky.a(rpl-timers.o)
 .rodata.vuprintf
                0x0000e7b2        0x7 /usr/local/bin/../lib/gcc/msp430/4.7.2/../../../../msp430/lib/mmpy-16/libc.a(vuprintf.o)
 *(.near.rodata .near.rodata.*)
                0x0000e7ba                . = ALIGN (0x2)
                0x0000e7ba                _etext = .

.data           0x00001100      0x13a load address 0x0000e7ba
                0x00001100                . = ALIGN (0x2)
                0x00001100                __data_start = .
 *(.data .data.* .gnu.linkonce.d.*)
 .data          0x00001100        0xa udp-serverTest.o
                0x00001100                udp_server_process
 .data          0x0000110a        0x2 build/sky/contiki-ng-sky.a(msp430.o)
 .data          0x0000110c        0xa build/sky/contiki-ng-sky.a(etimer.o)
                0x0000110c                etimer_process
 .data          0x00001116       0x50 build/sky/contiki-ng-sky.a(log.o)
                0x00001116                all_modules
                0x00001164                curr_log_level_main
 .data          0x00001166        0xa build/sky/contiki-ng-sky.a(ctimer.o)
                0x00001166                ctimer_process
 .data          0x00001170       0x10 build/sky/contiki-ng-sky.a(queuebuf.o)
 .data          0x00001180       0x18 build/sky/contiki-ng-sky.a(csma-output.o)
 .data          0x00001198        0x8 build/sky/contiki-ng-sky.a(uip-ds6-route.o)
 .data          0x000011a0        0x8 build/sky/contiki-ng-sky.a(uip-ds6-nbr.o)
 .data          0x000011a8        0xa build/sky/contiki-ng-sky.a(tcpip.o)
                0x000011a8                tcpip_process
 .data          0x000011b2        0x6 build/sky/contiki-ng-sky.a(uip-nd6.o)
 .data          0x000011b8        0xa build/sky/contiki-ng-sky.a(simple-udp.o)
                0x000011b8                simple_udp_process
 .data          0x000011c2       0x18 build/sky/contiki-ng-sky.a(rpl-icmp6.o)
 .data          0x000011da        0x4 build/sky/contiki-ng-sky.a(contiki-sky-pla)
                0x000011da                sensors
 .data          0x000011de        0xa build/sky/contiki-ng-sky.a(sensors.o)
                0x000011de                sensors_process
 .data          0x000011e8        0xc build/sky/contiki-ng-sky.a(cc2420.o)
                0x000011e8                cc2420_process
 .data          0x000011f4        0x8 build/sky/contiki-ng-sky.a(nbr-table.o)
 .data          0x000011fc        0x8 build/sky/contiki-ng-sky.a(link-stats.o)
 .data          0x00001204        0x2 build/sky/contiki-ng-sky.a(frame802154.o)
 .data          0x00001206        0xc build/sky/contiki-ng-sky.a(uip-icmp6.o)
 .data          0x00001212        0x8 build/sky/contiki-ng-sky.a(uip-sr.o)
 .data          0x0000121a        0xa build/sky/contiki-ng-sky.a(rpl-neighbor.o)
                0x0000121a                rpl_neighbors
 .data          0x00001224       0x12 build/sky/contiki-ng-sky.a(rpl-mrhof.o)
                0x00001224                rpl_mrhof
 .data.next     0x00001236        0x4 /usr/local/bin/../lib/gcc/msp430/4.7.2/../../../../msp430/lib/mmpy-16/libc.a(rand.o)
 *(.near.data .near.data.*)
                0x0000123a                . = ALIGN (0x2)
                0x0000123a                _edata = .
                0x0000e7ba                __data_load_start = LOADADDR (.data)
                0x0000013a                __data_size = SIZEOF (.data)

.bss            0x0000123a     0x1b68 load address 0x0000e8f4
                0x0000123a                __bss_start = .
 *(.bss .bss.*)
 .bss           0x0000123a       0x48 udp-serverTest.o
 .bss           0x00001282        0x8 build/sky/contiki-ng-sky.a(platform.o)
 .bss           0x0000128a        0xa build/sky/contiki-ng-sky.a(clock.o)
 .bss           0x00001294        0x2 build/sky/contiki-ng-sky.a(watchdog.o)
 .bss           0x00001296        0x6 build/sky/contiki-ng-sky.a(etimer.o)
 .bss           0x0000129c       0x16 build/sky/contiki-ng-sky.a(log.o)
                0x0000129c                curr_log_level_lwm2m
                0x0000129e                curr_log_level_snmp
                0x000012a0                curr_log_level_coap
                0x000012a2                curr_log_level_6top
                0x000012a4                curr_log_level_framer
                0x000012a6                curr_log_level_mac
                0x000012a8                curr_log_level_nullnet
                0x000012aa                curr_log_level_6lowpan
                0x000012ac                curr_log_level_ipv6
                0x000012ae                curr_log_level_tcpip
                0x000012b0                curr_log_level_rpl
 .bss           0x000012b2        0x4 build/sky/contiki-ng-sky.a(ctimer.o)
 .bss           0x000012b6        0x2 build/sky/contiki-ng-sky.a(rtimer.o)
 .bss           0x000012b8        0x2 build/sky/contiki-ng-sky.a(node-id.o)
                0x000012b8                node_id
 .bss           0x000012ba       0xc8 build/sky/contiki-ng-sky.a(process.o)
                0x000012ba                process_current
                0x000012bc                process_list
 .bss           0x00001382      0x580 build/sky/contiki-ng-sky.a(queuebuf.o)
 .bss           0x00001902       0x86 build/sky/contiki-ng-sky.a(packetbuf.o)
 .bss           0x00001988        0x2 build/sky/contiki-ng-sky.a(netstack.o)
 .bss           0x0000198a       0xbe build/sky/contiki-ng-sky.a(csma-output.o)
 .bss           0x00001a48       0x28 build/sky/contiki-ng-sky.a(uip-ds6.o)
 .bss           0x00001a70       0x3c build/sky/contiki-ng-sky.a(uip-ds6-route.o)
 .bss           0x00001aac      0x120 build/sky/contiki-ng-sky.a(uip-ds6-nbr.o)
 .bss           0x00001bcc        0xc build/sky/contiki-ng-sky.a(tcpip.o)
 .bss           0x00001bd8        0x8 build/sky/contiki-ng-sky.a(uip6.o)
                0x00001bd8                uip_last_proto
                0x00001bda                uip_ext_len
                0x00001bdc                uip_ext_bitmap
 .bss           0x00001be0        0x8 build/sky/contiki-ng-sky.a(uip-nd6.o)
 .bss           0x00001be8       0xf1 build/sky/contiki-ng-sky.a(simple-udp.o)
 *fill*         0x00001cd9        0x1 00
 .bss           0x00001cda      0x6e0 build/sky/contiki-ng-sky.a(sicslowpan.o)
 .bss           0x000023ba        0x1 build/sky/contiki-ng-sky.a(rpl.o)
 *fill*         0x000023bb        0x1 00
 .bss           0x000023bc       0x12 build/sky/contiki-ng-sky.a(rpl-dag-root.o)
 .bss           0x000023ce        0x8 build/sky/contiki-ng-sky.a(button-sensor.o)
 .bss           0x000023d6        0x6 build/sky/contiki-ng-sky.a(sensors.o)
 .bss           0x000023dc       0x10 build/sky/contiki-ng-sky.a(cc2420.o)
 .bss           0x000023ec       0x9a build/sky/contiki-ng-sky.a(uart1.o)
 .bss           0x00002486       0xe4 build/sky/contiki-ng-sky.a(nbr-table.o)
 .bss           0x0000256a       0xa0 build/sky/contiki-ng-sky.a(link-stats.o)
 .bss           0x0000260a       0xe0 build/sky/contiki-ng-sky.a(mac-sequence.o)
 .bss           0x000026ea        0x2 build/sky/contiki-ng-sky.a(framer-802154.o)
 .bss           0x000026ec       0x18 build/sky/contiki-ng-sky.a(uipbuf.o)
 .bss           0x00002704       0x14 build/sky/contiki-ng-sky.a(uip-icmp6.o)
 .bss           0x00002718      0x134 build/sky/contiki-ng-sky.a(uip-sr.o)
 .bss           0x0000284c       0x80 build/sky/contiki-ng-sky.a(rpl-neighbor.o)
 .bss           0x000028cc       0x28 build/sky/contiki-ng-sky.a(rpl-timers.o)
 .bss           0x000028f4        0x8 build/sky/contiki-ng-sky.a(rpl-nbr-policy.)
 .bss.destination_
                0x000028fc        0x2 /usr/local/bin/../lib/gcc/msp430/4.7.2/../../../../msp430/lib/mmpy-16/libc.a(sprintf.o)
 .bss.available_
                0x000028fe        0x2 /usr/local/bin/../lib/gcc/msp430/4.7.2/../../../../msp430/lib/mmpy-16/libc.a(sprintf.o)
 *(.near.bss .near.bss.*)
 *(COMMON)
 COMMON         0x00002900        0x2 build/sky/contiki-ng-sky.a(msp430.o)
                0x00002900                msp430_dco_required
 COMMON         0x00002902       0x2a build/sky/contiki-ng-sky.a(packetbuf.o)
                0x00002902                packetbuf_addrs
                0x00002912                packetbuf_attrs
 COMMON         0x0000292c        0x8 build/sky/contiki-ng-sky.a(linkaddr.o)
                0x0000292c                linkaddr_node_addr
 COMMON         0x00002934      0x15c build/sky/contiki-ng-sky.a(uip-ds6.o)
                0x00002934                uip_ds6_timer_ra
                0x0000293c                uip_ds6_if
                0x00002a28                uip_ds6_netif_addr_list_offset
                0x00002a29                uip_ds6_addr_size
                0x00002a2a                uip_ds6_prefix_list
                0x00002a84                uip_ds6_timer_periodic
 COMMON         0x00002a90        0x1 build/sky/contiki-ng-sky.a(tcpip.o)
                0x00002a90                tcpip_event
 *fill*         0x00002a91        0x1 00
 COMMON         0x00002a92      0x1d6 build/sky/contiki-ng-sky.a(uip6.o)
                0x00002a92                uip_len
                0x00002a94                uip_sappdata
                0x00002a96                uip_lladdr
                0x00002a9e                uip_aligned_buf
                0x00002b8e                uip_flags
                0x00002b90                uip_udp_conn
                0x00002b92                uip_appdata
                0x00002b94                uip_conn
                0x00002b96                uip_slen
                0x00002b98                uip_udp_conns
 COMMON         0x00002c68       0x10 build/sky/contiki-ng-sky.a(rpl.o)
                0x00002c68                rpl_multicast_addr
 COMMON         0x00002c78        0x2 build/sky/contiki-ng-sky.a(contiki-sky-pla)
                0x00002c78                sensors_flags
 COMMON         0x00002c7a        0x8 build/sky/contiki-ng-sky.a(ds2411.o)
                0x00002c7a                ds2411_id