Archive member included because of file (symbol)

build/sky/contiki-ng-sky.a(cc2420.o)
                              udp-jammerNy.o (cc2420_set_channel)
build/sky/contiki-ng-sky.a(cc2420-arch.o)
                              build/sky/contiki-ng-sky.a(cc2420.o) (cc2420_arch_init)
build/sky/contiki-ng-sky.a(uart1-putchar.o)
                              udp-jammerNy.o (putchar)
build/sky/contiki-ng-sky.a(platform.o)
                              build/sky/obj/contiki-main.o (platform_init_stage_one)
build/sky/contiki-ng-sky.a(msp430.o)
                              build/sky/contiki-ng-sky.a(platform.o) (msp430_dco_required)
build/sky/contiki-ng-sky.a(clock.o)
                              build/sky/obj/contiki-main.o (clock_init)
build/sky/contiki-ng-sky.a(leds.o)
                              build/sky/contiki-ng-sky.a(platform.o) (leds_init)
build/sky/contiki-ng-sky.a(leds-arch.o)
                              build/sky/contiki-ng-sky.a(leds.o) (leds_arch_init)
build/sky/contiki-ng-sky.a(watchdog.o)
                              build/sky/obj/contiki-main.o (watchdog_start)
build/sky/contiki-ng-sky.a(rtimer-arch.o)
                              build/sky/contiki-ng-sky.a(cc2420.o) (rtimer_arch_now)
build/sky/contiki-ng-sky.a(autostart.o)
                              build/sky/obj/contiki-main.o (autostart_start)
build/sky/contiki-ng-sky.a(energest.o)
                              build/sky/obj/contiki-main.o (energest_init)
build/sky/contiki-ng-sky.a(etimer.o)
                              build/sky/contiki-ng-sky.a(clock.o) (etimer_request_poll)
build/sky/contiki-ng-sky.a(log.o)
                              udp-jammerNy.o (log_6addr)
build/sky/contiki-ng-sky.a(ctimer.o)
                              build/sky/obj/contiki-main.o (ctimer_init)
build/sky/contiki-ng-sky.a(rtimer.o)
                              build/sky/obj/contiki-main.o (rtimer_init)
build/sky/contiki-ng-sky.a(node-id.o)
                              build/sky/obj/contiki-main.o (node_id_init)
build/sky/contiki-ng-sky.a(process.o)
                              build/sky/contiki-ng-sky.a(etimer.o) (process_current)
build/sky/contiki-ng-sky.a(timer.o)
                              build/sky/contiki-ng-sky.a(platform.o) (timer_set)
build/sky/contiki-ng-sky.a(list.o)
                              build/sky/contiki-ng-sky.a(ctimer.o) (list_init)
build/sky/contiki-ng-sky.a(random.o)
                              build/sky/contiki-ng-sky.a(platform.o) (random_init)
build/sky/contiki-ng-sky.a(queuebuf.o)
                              build/sky/obj/contiki-main.o (queuebuf_init)
build/sky/contiki-ng-sky.a(packetbuf.o)
                              build/sky/contiki-ng-sky.a(cc2420.o) (packetbuf_set_datalen)
build/sky/contiki-ng-sky.a(netstack.o)
                              build/sky/obj/contiki-main.o (netstack_init)
build/sky/contiki-ng-sky.a(linkaddr.o)
                              build/sky/contiki-ng-sky.a(platform.o) (linkaddr_copy)
build/sky/contiki-ng-sky.a(csma.o)
                              build/sky/obj/contiki-main.o (csma_driver)
build/sky/contiki-ng-sky.a(csma-output.o)
                              build/sky/contiki-ng-sky.a(csma.o) (csma_output_packet)
build/sky/contiki-ng-sky.a(uip-ds6.o)
                              build/sky/obj/contiki-main.o (uip_ds6_get_link_local)
build/sky/contiki-ng-sky.a(uip-ds6-route.o)
                              build/sky/contiki-ng-sky.a(uip-ds6.o) (uip_ds6_route_init)
build/sky/contiki-ng-sky.a(uip-ds6-nbr.o)
                              build/sky/contiki-ng-sky.a(uip-ds6.o) (uip_ds6_neighbors_init)
build/sky/contiki-ng-sky.a(tcpip.o)
                              build/sky/obj/contiki-main.o (tcpip_process)
build/sky/contiki-ng-sky.a(uip6.o)
                              build/sky/contiki-ng-sky.a(tcpip.o) (uip_aligned_buf)
build/sky/contiki-ng-sky.a(uip-nd6.o)
                              build/sky/contiki-ng-sky.a(uip6.o) (uip_nd6_init)
build/sky/contiki-ng-sky.a(simple-udp.o)
                              udp-jammerNy.o (simple_udp_sendto)
build/sky/contiki-ng-sky.a(sicslowpan.o)
                              build/sky/obj/contiki-main.o (sicslowpan_driver)
build/sky/contiki-ng-sky.a(uiplib.o)
                              build/sky/contiki-ng-sky.a(log.o) (uiplib_ipaddr_snprint)
build/sky/contiki-ng-sky.a(rpl.o)
                              udp-jammerNy.o (rpl_lite_driver)
build/sky/contiki-ng-sky.a(rpl-icmp6.o)
                              build/sky/contiki-ng-sky.a(rpl.o) (rpl_icmp6_init)
build/sky/contiki-ng-sky.a(rpl-dag-root.o)
                              build/sky/contiki-ng-sky.a(rpl.o) (rpl_dag_root_set_prefix)
build/sky/contiki-ng-sky.a(contiki-sky-pla)
                              build/sky/contiki-ng-sky.a(platform.o) (init_platform)
build/sky/contiki-ng-sky.a(button-sensor.o)
                              build/sky/contiki-ng-sky.a(contiki-sky-pla) (button_sensor)
build/sky/contiki-ng-sky.a(spi-legacy.o)
[...]
Memory Configuration

Name             Origin             Length             Attributes
sfr              0x00000000         0x00000010
peripheral_8bit  0x00000010         0x000000f0
peripheral_16bit 0x00000100         0x00000100
ram_mirror       0x00000200         0x00000800         xw
infomem          0x00001000         0x00000100
infob            0x00001000         0x00000080
infoa            0x00001080         0x00000080
ram              0x00001100         0x00002800         xw
rom              0x00004000         0x0000bfe0         xr
vectors          0x0000ffe0         0x00000020
bsl              0x00000000         0x00000000
infoc            0x00000000         0x00000000
infod            0x00000000         0x00000000
ram2             0x00000000         0x00000000         xw
usbram           0x00000000         0x00000000         xw
far_rom          0x00000000         0x00000000
*default*        0x00000000         0xffffffff

Linker script and memory map

LOAD /usr/local/bin/../lib/gcc/msp430/4.7.2/mmpy-16/crt0ivtbl16.o
                0x00002da6                _stack = _end
LOAD udp-jammerNy.o
LOAD build/sky/obj/contiki-main.o
LOAD build/sky/contiki-ng-sky.a
LOAD /usr/local/bin/../lib/gcc/msp430/4.7.2/mmpy-16/libgcc.a
LOAD /usr/local/bin/../lib/gcc/msp430/4.7.2/../../../../msp430/lib/mmpy-16/libc.a
LOAD /usr/local/bin/../lib/gcc/msp430/4.7.2/mmpy-16/libgcc.a
LOAD /usr/local/bin/../lib/gcc/msp430/4.7.2/mmpy-16/libcrt0.a
                0x00000080                PROVIDE (__info_segment_size, 0x80)
                0x00001000                PROVIDE (__infob, 0x1000)
                0x00001080                PROVIDE (__infoa, 0x1080)
                0x00000000                __IE1 = 0x0
                0x00000002                __IFG1 = 0x2
                0x00000004                __ME1 = 0x4
                0x00000001                __IE2 = 0x1
                0x00000003                __IFG2 = 0x3
                0x00000005                __ME2 = 0x5
                0x00000120                __WDTCTL = 0x120
                0x00000130                __MPY = 0x130
                0x00000132                __MPYS = 0x132
                0x00000134                __MAC = 0x134
                0x00000136                __MACS = 0x136
                0x00000138                __OP2 = 0x138
                0x0000013a                __RESLO = 0x13a
                0x0000013c                __RESHI = 0x13c
                0x0000013e                __SUMEXT = 0x13e
                0x00000020                __P1IN = 0x20
                0x00000021                __P1OUT = 0x21
                0x00000022                __P1DIR = 0x22
                0x00000023                __P1IFG = 0x23
                0x00000024                __P1IES = 0x24
                0x00000025                __P1IE = 0x25
                0x00000026                __P1SEL = 0x26
                0x00000028                __P2IN = 0x28
                0x00000029                __P2OUT = 0x29
                0x0000002a                __P2DIR = 0x2a
                0x0000002b                __P2IFG = 0x2b
                0x0000002c                __P2IES = 0x2c
                0x0000002d                __P2IE = 0x2d
                0x0000002e                __P2SEL = 0x2e
                0x00000018                __P3IN = 0x18
                0x00000019                __P3OUT = 0x19
                0x0000001a                __P3DIR = 0x1a
                0x0000001b                __P3SEL = 0x1b
                0x0000001c                __P4IN = 0x1c
                0x0000001d                __P4OUT = 0x1d
                0x0000001e                __P4DIR = 0x1e
                0x0000001f                __P4SEL = 0x1f
                0x00000030                __P5IN = 0x30
                0x00000031                __P5OUT = 0x31
                0x00000032                __P5DIR = 0x32
                0x00000033                __P5SEL = 0x33
                0x00000034                __P6IN = 0x34
                0x00000035                __P6OUT = 0x35
                0x00000036                __P6DIR = 0x36
                0x00000037                __P6SEL = 0x37
                0x00000070                __U0CTL = 0x70
                0x00000071                __U0TCTL = 0x71
                0x00000072                __U0RCTL = 0x72
                0x00000073                __U0MCTL = 0x73
                0x00000074                __U0BR0 = 0x74
                0x00000075                __U0BR1 = 0x75
                0x00000076                __U0RXBUF = 0x76
                0x00000077                __U0TXBUF = 0x77
                0x00000078                __U1CTL = 0x78
                0x00000079                __U1TCTL = 0x79
                0x0000007a                __U1RCTL = 0x7a
                0x0000007b                __U1MCTL = 0x7b
                0x0000007c                __U1BR0 = 0x7c
                0x0000007d                __U1BR1 = 0x7d
                0x0000007e                __U1RXBUF = 0x7e
                0x0000007f                __U1TXBUF = 0x7f
                0x00000050                __I2CIE = 0x50
                0x00000051                __I2CIFG = 0x51
                0x00000052                __I2CNDAT = 0x52
                0x00000071                __I2CTCTL = 0x71
                0x00000072                __I2CDCTL = 0x72
                0x00000073                __I2CPSC = 0x73
                0x00000074                __I2CSCLH = 0x74
                0x00000075                __I2CSCLL = 0x75
                0x00000076                __I2CDRB = 0x76
                0x00000076                __I2CDRW = 0x76
                0x00000118                __I2COA = 0x118
                0x0000011a                __I2CSA = 0x11a
                0x0000011c                __I2CIV = 0x11c
                0x0000012e                __TAIV = 0x12e
                0x00000160                __TACTL = 0x160
                0x00000162                __TACCTL0 = 0x162
                0x00000164                __TACCTL1 = 0x164
                0x00000166                __TACCTL2 = 0x166
                0x00000170                __TAR = 0x170
                0x00000172                __TACCR0 = 0x172
                0x00000174                __TACCR1 = 0x174
                0x00000176                __TACCR2 = 0x176
                0x0000011e                __TBIV = 0x11e
                0x00000180                __TBCTL = 0x180
                0x00000182                __TBCCTL0 = 0x182
                0x00000184                __TBCCTL1 = 0x184
                0x00000186                __TBCCTL2 = 0x186
                0x00000188                __TBCCTL3 = 0x188
                0x0000018a                __TBCCTL4 = 0x18a
                0x0000018c                __TBCCTL5 = 0x18c
                0x0000018e                __TBCCTL6 = 0x18e
                0x00000190                __TBR = 0x190
                0x00000192                __TBCCR0 = 0x192
                0x00000194                __TBCCR1 = 0x194
                0x00000196                __TBCCR2 = 0x196
                0x00000198                __TBCCR3 = 0x198
                0x0000019a                __TBCCR4 = 0x19a
                0x0000019c                __TBCCR5 = 0x19c
                0x0000019e                __TBCCR6 = 0x19e
                0x00000056                __DCOCTL = 0x56
                0x00000057                __BCSCTL1 = 0x57
                0x00000058                __BCSCTL2 = 0x58
                0x00000055                __SVSCTL = 0x55
                0x00000128                __FCTL1 = 0x128
                0x0000012a                __FCTL2 = 0x12a
                0x0000012c                __FCTL3 = 0x12c
                0x00000059                __CACTL1 = 0x59
                0x0000005a                __CACTL2 = 0x5a
                0x0000005b                __CAPD = 0x5b
                0x000001a0                __ADC12CTL0 = 0x1a0
                0x000001a2                __ADC12CTL1 = 0x1a2
                0x000001a4                __ADC12IFG = 0x1a4
                0x000001a6                __ADC12IE = 0x1a6
                0x000001a8                __ADC12IV = 0x1a8
                0x00000140                __ADC12MEM0 = 0x140
                0x00000142                __ADC12MEM1 = 0x142
                0x00000144                __ADC12MEM2 = 0x144
                0x00000146                __ADC12MEM3 = 0x146
                0x00000148                __ADC12MEM4 = 0x148
                0x0000014a                __ADC12MEM5 = 0x14a
                0x0000014c                __ADC12MEM6 = 0x14c
                0x0000014e                __ADC12MEM7 = 0x14e
                0x00000150                __ADC12MEM8 = 0x150
                0x00000152                __ADC12MEM9 = 0x152
                0x00000154                __ADC12MEM10 = 0x154
                0x00000156                __ADC12MEM11 = 0x156
                0x00000158                __ADC12MEM12 = 0x158
                0x0000015a                __ADC12MEM13 = 0x15a
                0x0000015c                __ADC12MEM14 = 0x15c
                0x0000015e                __ADC12MEM15 = 0x15e
                0x00000080                __ADC12MCTL0 = 0x80
                0x00000081                __ADC12MCTL1 = 0x81
                0x00000082                __ADC12MCTL2 = 0x82
                0x00000083                __ADC12MCTL3 = 0x83
                0x00000084                __ADC12MCTL4 = 0x84
                0x00000085                __ADC12MCTL5 = 0x85
                0x00000086                __ADC12MCTL6 = 0x86
                0x00000087                __ADC12MCTL7 = 0x87
                0x00000088                __ADC12MCTL8 = 0x88
                0x00000089                __ADC12MCTL9 = 0x89
                0x0000008a                __ADC12MCTL10 = 0x8a
                0x0000008b                __ADC12MCTL11 = 0x8b
                0x0000008c                __ADC12MCTL12 = 0x8c
                0x0000008d                __ADC12MCTL13 = 0x8d
                0x0000008e                __ADC12MCTL14 = 0x8e
                0x0000008f                __ADC12MCTL15 = 0x8f
                0x000001c0                __DAC12_0CTL = 0x1c0
                0x000001c2                __DAC12_1CTL = 0x1c2
                0x000001c8                __DAC12_0DAT = 0x1c8
                0x000001ca                __DAC12_1DAT = 0x1ca
                0x00000122                __DMACTL0 = 0x122
                0x00000124                __DMACTL1 = 0x124
                0x000001e0                __DMA0CTL = 0x1e0
                0x000001e8                __DMA1CTL = 0x1e8
                0x000001f0                __DMA2CTL = 0x1f0
                0x000001e2                __DMA0SA = 0x1e2
                0x000001e4                __DMA0DA = 0x1e4
                0x000001e6                __DMA0SZ = 0x1e6
                0x000001ea                __DMA1SA = 0x1ea
                0x000001ec                __DMA1DA = 0x1ec
                0x000001ee                __DMA1SZ = 0x1ee
                0x000001f2                __DMA2SA = 0x1f2
                0x000001f4                __DMA2DA = 0x1f4
                0x000001f6                __DMA2SZ = 0x1f6

.hash
 *(.hash)

.dynsym
 *(.dynsym)

.dynstr
 *(.dynstr)

.gnu.version
 *(.gnu.version)

.gnu.version_d
 *(.gnu.version_d)

.gnu.version_r
 *(.gnu.version_r)

.rel.init
 *(.rel.init)

.rela.init
 *(.rela.init)

.rel.fini
 *(.rel.fini)

.rela.fini
 *(.rela.fini)

.rel.text
 *(.rel.text .rel.text.* .rel.gnu.linkonce.t.*)

.rela.text
 *(.rela.text .rela.text.* .rela.gnu.linkonce.t.*)

.rel.rodata
 *(.rel.rodata .rel.rodata.* .rel.gnu.linkonce.r.*)

.rela.rodata
 *(.rela.rodata .rela.rodata.* .rela.gnu.linkonce.r.*)

.rel.data
 *(.rel.data .rel.data.* .rel.gnu.linkonce.d.*)

.rela.data
 *(.rela.data .rela.data.* .rela.gnu.linkonce.d.*)

.rel.bss
 *(.rel.bss .rel.bss.* .rel.gnu.linkonce.b.*)

.rela.bss
 *(.rela.bss .rela.bss.* .rela.gnu.linkonce.b.*)

.rel.ctors
 *(.rel.ctors)

.rela.ctors
 *(.rela.ctors)

.rel.dtors
 *(.rel.dtors)

.rela.dtors
 *(.rela.dtors)

.rel.got
 *(.rel.got)

.rela.got
 *(.rela.got)

.rel.plt
 *(.rel.plt)

.rela.plt
 *(.rela.plt)

.text           0x00004000     0xa31e
                0x00004000                . = ALIGN (0x2)
 *(.init .init.*)
 *(.init0)
 .init0         0x00004000        0x0 /usr/local/bin/../lib/gcc/msp430/4.7.2/mmpy-16/libcrt0.a(_reset_vector__.o)
                0x00004000                _reset_vector__
 *(.init1)
 .init1         0x00004000        0xc /usr/local/bin/../lib/gcc/msp430/4.7.2/mmpy-16/libcrt0.a(__watchdog_support.o)
                0x00004000                __watchdog_support
 *(.init2)
 .init2         0x0000400c        0x4 /usr/local/bin/../lib/gcc/msp430/4.7.2/mmpy-16/libcrt0.a(__init_stack.o)
                0x0000400c                __init_stack
 *(.init3)
 .init3         0x00004010        0x0 /usr/local/bin/../lib/gcc/msp430/4.7.2/mmpy-16/libcrt0.a(__low_level_init.o)
                0x00004010                __low_level_init
 *(.init4)
 .init4         0x00004010       0x18 /usr/local/bin/../lib/gcc/msp430/4.7.2/mmpy-16/libcrt0.a(_copy_data.o)
                0x00004010                __do_copy_data
 .init4         0x00004028       0x16 /usr/local/bin/../lib/gcc/msp430/4.7.2/mmpy-16/libcrt0.a(_clear_bss.o)
                0x00004028                __do_clear_bss
 *(.init5)
 *(.init6)
 *(.init7)
 *(.init8)
 *(.init9)
 .init9         0x0000403e      0x22e build/sky/obj/contiki-main.o
                0x0000403e                main
 *(.fini9)
 .fini9         0x0000426c        0x0 /usr/local/bin/../lib/gcc/msp430/4.7.2/mmpy-16/libcrt0.a(__stop_progExec__.o)
                0x0000426c                __stop_progExec__
 *(.fini8)
 *(.fini7)
 *(.fini6)
 *(.fini5)
 *(.fini4)
 *(.fini3)
 *(.fini2)
 *(.fini1)
 *(.fini0)
 .fini0         0x0000426c        0x6 /usr/local/bin/../lib/gcc/msp430/4.7.2/mmpy-16/libcrt0.a(_endless_loop__.o)
                0x0000426c                _endless_loop__
 *(.fini .fini.*)
                0x00004272                . = ALIGN (0x2)
                0x00004272                __ctors_start = .
 *(.ctors)
                0x00004272                __ctors_end = .
                0x00004272                __dtors_start = .
 *(.dtors)
                0x00004272                __dtors_end = .
                0x00004272                . = ALIGN (0x2)
 *(.text .text.* .gnu.linkonce.t.*)
 .text          0x00004272        0x4 /usr/local/bin/../lib/gcc/msp430/4.7.2/mmpy-16/crt0ivtbl16.o
                0x00004272                __isr_14
                0x00004272                __isr_11
                0x00004272                __isr_2
                0x00004272                __isr_7
                0x00004272                __isr_0
                0x00004272                __isr_8
                0x00004272                __isr_3
                0x00004272                __isr_12
                0x00004272                __isr_13
                0x00004272                __isr_9
 .text.udp_rx_callback
                0x00004276       0x3e udp-jammerNy.o
 .text.process_thread_udp_client_process
                0x000042b4      0x11a udp-jammerNy.o
 .text.get_object
                0x000043ce        0x4 build/sky/contiki-ng-sky.a(cc2420.o)
 .text.set_object
                0x000043d2        0x4 build/sky/contiki-ng-sky.a(cc2420.o)
 .text.strobe   0x000043d6       0x1c build/sky/contiki-ng-sky.a(cc2420.o)
 .text.getreg   0x000043f2       0x4c build/sky/contiki-ng-sky.a(cc2420.o)
 .text.setreg   0x0000443e       0x4c build/sky/contiki-ng-sky.a(cc2420.o)
 .text.write_ram
                0x0000448a       0x7c build/sky/contiki-ng-sky.a(cc2420.o)
 .text.write_fifo_buf
                0x00004506       0x3c build/sky/contiki-ng-sky.a(cc2420.o)
 .text.get_status
                0x00004542       0x20 build/sky/contiki-ng-sky.a(cc2420.o)
 .text.on       0x00004562       0x1a build/sky/contiki-ng-sky.a(cc2420.o)
 .text.cc2420_receiving_packet
                0x0000457c        0xc build/sky/contiki-ng-sky.a(cc2420.o)
 .text.pending_packet
                0x00004588        0x8 build/sky/contiki-ng-sky.a(cc2420.o)
 .text.wait_for_transmission
                0x00004590       0x22 build/sky/contiki-ng-sky.a(cc2420.o)
 .text.wait_for_status
                0x000045b2       0x28 build/sky/contiki-ng-sky.a(cc2420.o)
 .text.getrxdata
                0x000045da       0x50 build/sky/contiki-ng-sky.a(cc2420.o)
 .text.flushrx  0x0000462a       0x1a build/sky/contiki-ng-sky.a(cc2420.o)
 .text.off      0x00004644       0x28 build/sky/contiki-ng-sky.a(cc2420.o)
 .text.RELEASE_LOCK
                0x0000466c       0x28 build/sky/contiki-ng-sky.a(cc2420.o)
 .text.set_key  0x00004694       0x18 build/sky/contiki-ng-sky.a(cc2420.o)
 .text.set_frame_filtering
                0x000046ac       0x30 build/sky/contiki-ng-sky.a(cc2420.o)
 .text.set_auto_ack
                0x000046dc       0x30 build/sky/contiki-ng-sky.a(cc2420.o)
 .text.set_poll_mode
                0x0000470c       0x2c build/sky/contiki-ng-sky.a(cc2420.o)
 .text.cc2420_prepare
                0x00004738       0x46 build/sky/contiki-ng-sky.a(cc2420.o)
 .text.cc2420_on
                0x0000477e       0x22 build/sky/contiki-ng-sky.a(cc2420.o)
                0x0000477e                cc2420_on
 .text.cc2420_transmit
                0x000047a0       0x66 build/sky/contiki-ng-sky.a(cc2420.o)
 .text.cc2420_send
                0x00004806       0x12 build/sky/contiki-ng-sky.a(cc2420.o)
 .text.cc2420_off
                0x00004818       0x30 build/sky/contiki-ng-sky.a(cc2420.o)
                0x00004818                cc2420_off
 .text.cc2420_cca
                0x00004848       0x68 build/sky/contiki-ng-sky.a(cc2420.o)
 .text.cc2420_read
                0x000048b0       0xbe build/sky/contiki-ng-sky.a(cc2420.o)
 .text.process_thread_cc2420_process
                0x0000496e       0x62 build/sky/contiki-ng-sky.a(cc2420.o)
 .text.encrypt  0x000049d0       0x88 build/sky/contiki-ng-sky.a(cc2420.o)
 .text.cc2420_set_channel
                0x00004a58       0x3c build/sky/contiki-ng-sky.a(cc2420.o)
                0x00004a58                cc2420_set_channel
 .text.cc2420_set_pan_addr
                0x00004a94       0x4c build/sky/contiki-ng-sky.a(cc2420.o)
                0x00004a94                cc2420_set_pan_addr
 .text.cc2420_interrupt
                0x00004ae0       0x16 build/sky/contiki-ng-sky.a(cc2420.o)
                0x00004ae0                cc2420_interrupt
 .text.cc2420_set_txpower
                0x00004af6       0x2c build/sky/contiki-ng-sky.a(cc2420.o)
                0x00004af6                cc2420_set_txpower
 .text.cc2420_get_txpower
                0x00004b22       0x1e build/sky/contiki-ng-sky.a(cc2420.o)
                0x00004b22                cc2420_get_txpower
 .text.cc2420_rssi
                0x00004b40       0x4c build/sky/contiki-ng-sky.a(cc2420.o)
                0x00004b40                cc2420_rssi
 .text.get_value
                0x00004b8c      0x11e build/sky/contiki-ng-sky.a(cc2420.o)
 .text.cc2420_set_cca_threshold
                0x00004caa       0x16 build/sky/contiki-ng-sky.a(cc2420.o)
                0x00004caa                cc2420_set_cca_threshold
 .text.set_value
                0x00004cc0      0x150 build/sky/contiki-ng-sky.a(cc2420.o)
 .text.cc2420_init
                0x00004e10       0xea build/sky/contiki-ng-sky.a(cc2420.o)
                0x00004e10                cc2420_init
 .text.cc2420_port1_interrupt
                0x00004efa       0x20 build/sky/contiki-ng-sky.a(cc2420-arch.o)
                0x00004efa                __isr_4
                0x00004efa                cc2420_port1_interrupt
 .text.cc2420_arch_init
                0x00004f1a       0x1a build/sky/contiki-ng-sky.a(cc2420-arch.o)
                0x00004f1a                cc2420_arch_init
 .text.putchar  0x00004f34       0x10 build/sky/contiki-ng-sky.a(uart1-putchar.o)
                0x00004f34                putchar
 .text.platform_init_stage_one
                0x00004f44       0x12 build/sky/contiki-ng-sky.a(platform.o)
                0x00004f44                platform_init_stage_one
 .text.platform_init_stage_two
                0x00004f56       0x64 build/sky/contiki-ng-sky.a(platform.o)
                0x00004f56                platform_init_stage_two
 .text.platform_init_stage_three
                0x00004fba       0x7a build/sky/contiki-ng-sky.a(platform.o)
                0x00004fba                platform_init_stage_three
 .text.platform_idle
                0x00005034       0x54 build/sky/contiki-ng-sky.a(platform.o)
                0x00005034                platform_idle
 .text.msp430_init_dco
                0x00005088       0x82 build/sky/contiki-ng-sky.a(msp430.o)
                0x00005088                msp430_init_dco
 .text.msp430_add_lpm_req
                0x0000510a        0xc build/sky/contiki-ng-sky.a(msp430.o)
                0x0000510a                msp430_add_lpm_req
 .text.msp430_cpu_init
                0x00005116       0x2a build/sky/contiki-ng-sky.a(msp430.o)
                0x00005116                msp430_cpu_init
 .text.splhigh_
                0x00005140        0x8 build/sky/contiki-ng-sky.a(msp430.o)
                0x00005140                splhigh_
 .text.msp430_sync_dco
                0x00005148       0x6c build/sky/contiki-ng-sky.a(msp430.o)
                0x00005148                msp430_sync_dco
 .text.timera1  0x000051b4       0xdc build/sky/contiki-ng-sky.a(clock.o)
                0x000051b4                __isr_5
                0x000051b4                timera1
 .text.clock_time
                0x00005290       0x1a build/sky/contiki-ng-sky.a(clock.o)
                0x00005290                clock_time
 .text.clock_init
                0x000052aa       0x28 build/sky/contiki-ng-sky.a(clock.o)
                0x000052aa                clock_init
 .text.clock_delay
                0x000052d2        0xc build/sky/contiki-ng-sky.a(clock.o)
                0x000052d2                clock_delay
 .text.clock_seconds
                0x000052de       0x1a build/sky/contiki-ng-sky.a(clock.o)
                0x000052de                clock_seconds
 .text.leds_init
                0x000052f8        0x6 build/sky/contiki-ng-sky.a(leds.o)
                0x000052f8                leds_init
 .text.leds_on  0x000052fe       0x12 build/sky/contiki-ng-sky.a(leds.o)
                0x000052fe                leds_on
 .text.leds_off
                0x00005310       0x12 build/sky/contiki-ng-sky.a(leds.o)
                0x00005310                leds_off
 .text.leds_arch_init
                0x00005322        0xe build/sky/contiki-ng-sky.a(leds-arch.o)
                0x00005322                leds_arch_init
 .text.leds_arch_get
                0x00005330       0x34 build/sky/contiki-ng-sky.a(leds-arch.o)
                0x00005330                leds_arch_get
 .text.leds_arch_set
                0x00005364       0x3e build/sky/contiki-ng-sky.a(leds-arch.o)
                0x00005364                leds_arch_set
 .text.watchdog_interrupt
                0x000053a2        0x6 build/sky/contiki-ng-sky.a(watchdog.o)
                0x000053a2                __isr_10
                0x000053a2                watchdog_interrupt
 .text.watchdog_start
                0x000053a8       0x14 build/sky/contiki-ng-sky.a(watchdog.o)
                0x000053a8                watchdog_start
 .text.watchdog_periodic
                0x000053bc       0x12 build/sky/contiki-ng-sky.a(watchdog.o)
                0x000053bc                watchdog_periodic
 .text.watchdog_stop
                0x000053ce       0x16 build/sky/contiki-ng-sky.a(watchdog.o)
                0x000053ce                watchdog_stop
 .text.watchdog_init
                0x000053e4       0x12 build/sky/contiki-ng-sky.a(watchdog.o)
                0x000053e4                watchdog_init
 .text.timera0  0x000053f6       0x2e build/sky/contiki-ng-sky.a(rtimer-arch.o)
                0x000053f6                __isr_6
                0x000053f6                timera0
 .text.rtimer_arch_init
                0x00005424        0xe build/sky/contiki-ng-sky.a(rtimer-arch.o)
                0x00005424                rtimer_arch_init
 .text.rtimer_arch_now
                0x00005432        0xe build/sky/contiki-ng-sky.a(rtimer-arch.o)
                0x00005432                rtimer_arch_now
 .text.rtimer_arch_schedule
                0x00005440        0x6 build/sky/contiki-ng-sky.a(rtimer-arch.o)
                0x00005440                rtimer_arch_schedule
 .text.autostart_start
                0x00005446       0x16 build/sky/contiki-ng-sky.a(autostart.o)
                0x00005446                autostart_start
 .text.energest_init
                0x0000545c        0x2 build/sky/contiki-ng-sky.a(energest.o)
                0x0000545c                energest_init
 .text.energest_flush
                0x0000545e        0x2 build/sky/contiki-ng-sky.a(energest.o)
                0x0000545e                energest_flush
 .text.update_time
                0x00005460       0x78 build/sky/contiki-ng-sky.a(etimer.o)
 .text.etimer_request_poll
                0x000054d8        0xa build/sky/contiki-ng-sky.a(etimer.o)
                0x000054d8                etimer_request_poll
 .text.process_thread_etimer_process
                0x000054e2       0xcc build/sky/contiki-ng-sky.a(etimer.o)
 .text.add_timer
                0x000055ae       0x40 build/sky/contiki-ng-sky.a(etimer.o)
 .text.etimer_set
                0x000055ee       0x12 build/sky/contiki-ng-sky.a(etimer.o)
                0x000055ee                etimer_set
 .text.etimer_reset
                0x00005600       0x12 build/sky/contiki-ng-sky.a(etimer.o)
                0x00005600                etimer_reset
 .text.etimer_expired
                0x00005612        0xe build/sky/contiki-ng-sky.a(etimer.o)
                0x00005612                etimer_expired
 .text.etimer_pending
                0x00005620        0xc build/sky/contiki-ng-sky.a(etimer.o)
                0x00005620                etimer_pending
 .text.etimer_next_expiration_time
                0x0000562c       0x16 build/sky/contiki-ng-sky.a(etimer.o)
                0x0000562c                etimer_next_expiration_time
 .text.etimer_stop
                0x00005642       0x3e build/sky/contiki-ng-sky.a(etimer.o)
                0x00005642                etimer_stop
 .text.log_6addr
                0x00005680       0x32 build/sky/contiki-ng-sky.a(log.o)
                0x00005680                log_6addr
 .text.log_lladdr
                0x000056b2       0x44 build/sky/contiki-ng-sky.a(log.o)
                0x000056b2                log_lladdr
 .text.process_thread_ctimer_process
                0x000056f6       0xa8 build/sky/contiki-ng-sky.a(ctimer.o)
 .text.ctimer_init
                0x0000579e       0x18 build/sky/contiki-ng-sky.a(ctimer.o)
                0x0000579e                ctimer_init
 .text.ctimer_set_with_process
                0x000057b6       0x4e build/sky/contiki-ng-sky.a(ctimer.o)
                0x000057b6                ctimer_set_with_process
 .text.ctimer_set
                0x00005804       0x10 build/sky/contiki-ng-sky.a(ctimer.o)
                0x00005804                ctimer_set
 .text.ctimer_reset
                0x00005814       0x30 build/sky/contiki-ng-sky.a(ctimer.o)
                0x00005814                ctimer_reset
 .text.ctimer_stop
                0x00005844       0x28 build/sky/contiki-ng-sky.a(ctimer.o)
                0x00005844                ctimer_stop
 .text.ctimer_expired
                0x0000586c       0x30 build/sky/contiki-ng-sky.a(ctimer.o)
                0x0000586c                ctimer_expired
 .text.rtimer_init
                0x0000589c        0x6 build/sky/contiki-ng-sky.a(rtimer.o)
                0x0000589c                rtimer_init
 .text.rtimer_run_next
                0x000058a2       0x26 build/sky/contiki-ng-sky.a(rtimer.o)
                0x000058a2                rtimer_run_next
 .text.node_id_init
                0x000058c8       0x14 build/sky/contiki-ng-sky.a(node-id.o)
                0x000058c8                node_id_init
 .text.call_process
                0x000058dc       0x46 build/sky/contiki-ng-sky.a(process.o)
 .text.exit_process
                0x00005922       0x96 build/sky/contiki-ng-sky.a(process.o)
 .text.do_poll  0x000059b8       0x30 build/sky/contiki-ng-sky.a(process.o)
 .text.process_alloc_event
                0x000059e8        0xe build/sky/contiki-ng-sky.a(process.o)
                0x000059e8                process_alloc_event
 .text.process_init
                0x000059f6       0x18 build/sky/contiki-ng-sky.a(process.o)
                0x000059f6                process_init
 .text.process_run
                0x00005a0e       0x92 build/sky/contiki-ng-sky.a(process.o)
                0x00005a0e                process_run
 .text.process_nevents
                0x00005aa0        0xe build/sky/contiki-ng-sky.a(process.o)
                0x00005aa0                process_nevents
 .text.process_post
                0x00005aae       0x42 build/sky/contiki-ng-sky.a(process.o)
                0x00005aae                process_post
 .text.process_post_synch
                0x00005af0       0x12 build/sky/contiki-ng-sky.a(process.o)
                0x00005af0                process_post_synch
 .text.process_start
                0x00005b02       0x36 build/sky/contiki-ng-sky.a(process.o)
                0x00005b02                process_start
 .text.process_poll
                0x00005b38       0x18 build/sky/contiki-ng-sky.a(process.o)
                0x00005b38                process_poll
 .text.timer_set
                0x00005b50       0x1c build/sky/contiki-ng-sky.a(timer.o)
                0x00005b50                timer_set
 .text.timer_expired
                0x00005b6c       0x2a build/sky/contiki-ng-sky.a(timer.o)
                0x00005b6c                timer_expired
 .text.timer_reset
                0x00005b96       0x1c build/sky/contiki-ng-sky.a(timer.o)
                0x00005b96                timer_reset
 .text.list_init
                0x00005bb2        0x6 build/sky/contiki-ng-sky.a(list.o)
                0x00005bb2                list_init
 .text.list_head
                0x00005bb8        0x4 build/sky/contiki-ng-sky.a(list.o)
                0x00005bb8                list_head
 .text.list_tail
                0x00005bbc       0x12 build/sky/contiki-ng-sky.a(list.o)
                0x00005bbc                list_tail
 .text.list_remove
                0x00005bce       0x34 build/sky/contiki-ng-sky.a(list.o)
                0x00005bce                list_remove
 .text.list_push
                0x00005c02       0x1a build/sky/contiki-ng-sky.a(list.o)
                0x00005c02                list_push
 .text.list_add
                0x00005c1c       0x2a build/sky/contiki-ng-sky.a(list.o)
                0x00005c1c                list_add
 .text.list_length
                0x00005c46       0x10 build/sky/contiki-ng-sky.a(list.o)
                0x00005c46                list_length
 .text.list_item_next
                0x00005c56        0xc build/sky/contiki-ng-sky.a(list.o)
                0x00005c56                list_item_next
 .text.random_init
                0x00005c62        0x6 build/sky/contiki-ng-sky.a(random.o)
                0x00005c62                random_init
 .text.random_rand
                0x00005c68        0x6 build/sky/contiki-ng-sky.a(random.o)
                0x00005c68                random_rand
 .text.queuebuf_init
                0x00005c6e       0x12 build/sky/contiki-ng-sky.a(queuebuf.o)
                0x00005c6e                queuebuf_init
 .text.queuebuf_numfree
                0x00005c80        0xa build/sky/contiki-ng-sky.a(queuebuf.o)
                0x00005c80                queuebuf_numfree
 .text.queuebuf_new_from_packetbuf
                0x00005c8a       0x52 build/sky/contiki-ng-sky.a(queuebuf.o)
                0x00005c8a                queuebuf_new_from_packetbuf
 .text.queuebuf_update_attr_from_packetbuf
                0x00005cdc       0x12 build/sky/contiki-ng-sky.a(queuebuf.o)
                0x00005cdc                queuebuf_update_attr_from_packetbuf
 .text.queuebuf_free
                0x00005cee       0x2a build/sky/contiki-ng-sky.a(queuebuf.o)
                0x00005cee                queuebuf_free
 .text.queuebuf_to_packetbuf
                0x00005d18       0x32 build/sky/contiki-ng-sky.a(queuebuf.o)
                0x00005d18                queuebuf_to_packetbuf
 .text.packetbuf_hdrreduce
                0x00005d4a       0x1a build/sky/contiki-ng-sky.a(packetbuf.o)
                0x00005d4a                packetbuf_hdrreduce
 .text.packetbuf_set_datalen
                0x00005d64        0x6 build/sky/contiki-ng-sky.a(packetbuf.o)
                0x00005d64                packetbuf_set_datalen
 .text.packetbuf_hdrptr
                0x00005d6a        0x6 build/sky/contiki-ng-sky.a(packetbuf.o)
                0x00005d6a                packetbuf_hdrptr
 .text.packetbuf_datalen
                0x00005d70        0x6 build/sky/contiki-ng-sky.a(packetbuf.o)
                0x00005d70                packetbuf_datalen
 .text.packetbuf_hdrlen
                0x00005d76        0xa build/sky/contiki-ng-sky.a(packetbuf.o)
                0x00005d76                packetbuf_hdrlen
 .text.packetbuf_dataptr
                0x00005d80        0xc build/sky/contiki-ng-sky.a(packetbuf.o)
                0x00005d80                packetbuf_dataptr
 .text.packetbuf_copyto
                0x00005d8c       0x46 build/sky/contiki-ng-sky.a(packetbuf.o)
                0x00005d8c                packetbuf_copyto
 .text.packetbuf_totlen
                0x00005dd2        0xc build/sky/contiki-ng-sky.a(packetbuf.o)
                0x00005dd2                packetbuf_totlen
 .text.packetbuf_hdralloc
                0x00005dde       0x3c build/sky/contiki-ng-sky.a(packetbuf.o)
                0x00005dde                packetbuf_hdralloc
 .text.packetbuf_attr_clear
                0x00005e1a       0x28 build/sky/contiki-ng-sky.a(packetbuf.o)
                0x00005e1a                packetbuf_attr_clear
 .text.packetbuf_clear
                0x00005e42       0x12 build/sky/contiki-ng-sky.a(packetbuf.o)
                0x00005e42                packetbuf_clear
 .text.packetbuf_copyfrom
                0x00005e54       0x2e build/sky/contiki-ng-sky.a(packetbuf.o)
                0x00005e54                packetbuf_copyfrom
 .text.packetbuf_attr_copyto
                0x00005e82       0x22 build/sky/contiki-ng-sky.a(packetbuf.o)
                0x00005e82                packetbuf_attr_copyto
 .text.packetbuf_attr_copyfrom
                0x00005ea4       0x24 build/sky/contiki-ng-sky.a(packetbuf.o)
                0x00005ea4                packetbuf_attr_copyfrom
 .text.packetbuf_set_attr
                0x00005ec8        0xc build/sky/contiki-ng-sky.a(packetbuf.o)
                0x00005ec8                packetbuf_set_attr
 .text.packetbuf_attr
                0x00005ed4        0xa build/sky/contiki-ng-sky.a(packetbuf.o)
                0x00005ed4                packetbuf_attr
 .text.packetbuf_set_addr
                0x00005ede       0x18 build/sky/contiki-ng-sky.a(packetbuf.o)
                0x00005ede                packetbuf_set_addr
 .text.packetbuf_addr
                0x00005ef6       0x12 build/sky/contiki-ng-sky.a(packetbuf.o)
                0x00005ef6                packetbuf_addr
 .text.packetbuf_holds_broadcast
                0x00005f08        0xe build/sky/contiki-ng-sky.a(packetbuf.o)
                0x00005f08                packetbuf_holds_broadcast
 .text.netstack_process_ip_callback
                0x00005f16       0x4e build/sky/contiki-ng-sky.a(netstack.o)
                0x00005f16                netstack_process_ip_callback
 .text.netstack_init
                0x00005f64        0xe build/sky/contiki-ng-sky.a(netstack.o)
                0x00005f64                netstack_init
 .text.linkaddr_copy
                0x00005f72        0x8 build/sky/contiki-ng-sky.a(linkaddr.o)
                0x00005f72                linkaddr_copy
 .text.linkaddr_cmp
                0x00005f7a       0x12 build/sky/contiki-ng-sky.a(linkaddr.o)
                0x00005f7a                linkaddr_cmp
 .text.linkaddr_set_node_addr
                0x00005f8c        0xc build/sky/contiki-ng-sky.a(linkaddr.o)
                0x00005f8c                linkaddr_set_node_addr
 .text.on       0x00005f98        0x6 build/sky/contiki-ng-sky.a(csma.o)
 .text.off      0x00005f9e        0x6 build/sky/contiki-ng-sky.a(csma.o)
 .text.max_payload
                0x00005fa4       0x38 build/sky/contiki-ng-sky.a(csma.o)
 .text.send_packet
                0x00005fdc        0x6 build/sky/contiki-ng-sky.a(csma.o)
 .text.init     0x00005fe2       0x1c build/sky/contiki-ng-sky.a(csma.o)
 .text.input_packet
                0x00005ffe       0x58 build/sky/contiki-ng-sky.a(csma.o)
 .text.schedule_transmission
                0x00006056       0x70 build/sky/contiki-ng-sky.a(csma-output.o)
 .text.tx_done  0x000060c6       0x9a build/sky/contiki-ng-sky.a(csma-output.o)
 .text.transmit_from_queue
                0x00006160      0x1bc build/sky/contiki-ng-sky.a(csma-output.o)
 .text.csma_output_packet
                0x0000631c      0x184 build/sky/contiki-ng-sky.a(csma-output.o)
                0x0000631c                csma_output_packet
 .text.csma_output_init
                0x000064a0       0x1a build/sky/contiki-ng-sky.a(csma-output.o)
                0x000064a0                csma_output_init
 .text.uip_ds6_default_prefix
                0x000064ba        0x6 build/sky/contiki-ng-sky.a(uip-ds6.o)
                0x000064ba                uip_ds6_default_prefix
 .text.uip_ds6_list_loop
                0x000064c0       0x92 build/sky/contiki-ng-sky.a(uip-ds6.o)
                0x000064c0                uip_ds6_list_loop
 .text.uip_ds6_prefix_add
                0x00006552       0x80 build/sky/contiki-ng-sky.a(uip-ds6.o)
                0x00006552                uip_ds6_prefix_add
 .text.uip_ds6_is_addr_onlink
                0x000065d2       0x54 build/sky/contiki-ng-sky.a(uip-ds6.o)
                0x000065d2                uip_ds6_is_addr_onlink
 .text.uip_ds6_addr_lookup
                0x00006626       0x2a build/sky/contiki-ng-sky.a(uip-ds6.o)
                0x00006626                uip_ds6_addr_lookup
 .text.uip_ds6_get_link_local
                0x00006650       0x3e build/sky/contiki-ng-sky.a(uip-ds6.o)
                0x00006650                uip_ds6_get_link_local
 .text.uip_ds6_maddr_add
                0x0000668e       0x4c build/sky/contiki-ng-sky.a(uip-ds6.o)
                0x0000668e                uip_ds6_maddr_add
 .text.uip_ds6_addr_add
                0x000066da       0xc4 build/sky/contiki-ng-sky.a(uip-ds6.o)
                0x000066da                uip_ds6_addr_add
 .text.uip_ds6_maddr_rm
                0x0000679e        0xa build/sky/contiki-ng-sky.a(uip-ds6.o)
                0x0000679e                uip_ds6_maddr_rm
 .text.uip_ds6_maddr_lookup
                0x000067a8       0x2a build/sky/contiki-ng-sky.a(uip-ds6.o)
                0x000067a8                uip_ds6_maddr_lookup
 .text.uip_ds6_addr_rm
                0x000067d2       0x54 build/sky/contiki-ng-sky.a(uip-ds6.o)
                0x000067d2                uip_ds6_addr_rm
 .text.uip_ds6_periodic
                0x00006826       0x46 build/sky/contiki-ng-sky.a(uip-ds6.o)
                0x00006826                uip_ds6_periodic
 .text.uip_ds6_set_addr_iid
                0x0000686c       0x14 build/sky/contiki-ng-sky.a(uip-ds6.o)
                0x0000686c                uip_ds6_set_addr_iid
 .text.uip_ds6_set_lladdr_from_iid
                0x00006880       0x14 build/sky/contiki-ng-sky.a(uip-ds6.o)
                0x00006880                uip_ds6_set_lladdr_from_iid
 .text.get_match_length
                0x00006894       0x44 build/sky/contiki-ng-sky.a(uip-ds6.o)
                0x00006894                get_match_length
 .text.uip_ds6_select_src
                0x000068d8       0xaa build/sky/contiki-ng-sky.a(uip-ds6.o)
                0x000068d8                uip_ds6_select_src
 .text.uip_ds6_compute_reachable_time
                0x00006982       0x3e build/sky/contiki-ng-sky.a(uip-ds6.o)
                0x00006982                uip_ds6_compute_reachable_time
 .text.uip_ds6_init
                0x000069c0      0x164 build/sky/contiki-ng-sky.a(uip-ds6.o)
                0x000069c0                uip_ds6_init
 .text.uip_ds6_route_init
                0x00006b24       0x12 build/sky/contiki-ng-sky.a(uip-ds6-route.o)
                0x00006b24                uip_ds6_route_init
 .text.uip_ds6_route_nexthop
                0x00006b36        0x4 build/sky/contiki-ng-sky.a(uip-ds6-route.o)
                0x00006b36                uip_ds6_route_nexthop
 .text.uip_ds6_route_lookup
                0x00006b3a        0x4 build/sky/contiki-ng-sky.a(uip-ds6-route.o)
                0x00006b3a                uip_ds6_route_lookup
 .text.uip_ds6_route_rm
                0x00006b3e        0x2 build/sky/contiki-ng-sky.a(uip-ds6-route.o)
                0x00006b3e                uip_ds6_route_rm
 .text.uip_ds6_defrt_rm
                0x00006b40       0x3c build/sky/contiki-ng-sky.a(uip-ds6-route.o)
                0x00006b40                uip_ds6_defrt_rm
 .text.uip_ds6_defrt_lookup
                0x00006b7c       0x40 build/sky/contiki-ng-sky.a(uip-ds6-route.o)
                0x00006b7c                uip_ds6_defrt_lookup
 .text.uip_ds6_defrt_add
                0x00006bbc       0x72 build/sky/contiki-ng-sky.a(uip-ds6-route.o)
                0x00006bbc                uip_ds6_defrt_add
 .text.uip_ds6_defrt_choose
                0x00006c2e       0x3a build/sky/contiki-ng-sky.a(uip-ds6-route.o)
                0x00006c2e                uip_ds6_defrt_choose
 .text.uip_ds6_defrt_periodic
                0x00006c68       0x38 build/sky/contiki-ng-sky.a(uip-ds6-route.o)
                0x00006c68                uip_ds6_defrt_periodic
 .text.uip_ds6_nbr_rm
                0x00006ca0       0x1e build/sky/contiki-ng-sky.a(uip-ds6-nbr.o)
                0x00006ca0                uip_ds6_nbr_rm
 .text.uip_ds6_neighbors_init
                0x00006cbe       0x12 build/sky/contiki-ng-sky.a(uip-ds6-nbr.o)
                0x00006cbe                uip_ds6_neighbors_init
 .text.uip_ds6_nbr_add
                0x00006cd0       0x3e build/sky/contiki-ng-sky.a(uip-ds6-nbr.o)
                0x00006cd0                uip_ds6_nbr_add
 .text.uip_ds6_nbr_get_ll
                0x00006d0e        0xc build/sky/contiki-ng-sky.a(uip-ds6-nbr.o)
                0x00006d0e                uip_ds6_nbr_get_ll
 .text.uip_ds6_nbr_head
                0x00006d1a        0xa build/sky/contiki-ng-sky.a(uip-ds6-nbr.o)
                0x00006d1a                uip_ds6_nbr_head
 .text.uip_ds6_nbr_next
                0x00006d24        0xc build/sky/contiki-ng-sky.a(uip-ds6-nbr.o)
                0x00006d24                uip_ds6_nbr_next
 .text.uip_ds6_nbr_lookup
                0x00006d30       0x3a build/sky/contiki-ng-sky.a(uip-ds6-nbr.o)
                0x00006d30                uip_ds6_nbr_lookup
 .text.uip_ds6_nbr_ll_lookup
                0x00006d6a        0xc build/sky/contiki-ng-sky.a(uip-ds6-nbr.o)
                0x00006d6a                uip_ds6_nbr_ll_lookup
 .text.uip_ds6_nbr_update_ll
                0x00006d76       0x76 build/sky/contiki-ng-sky.a(uip-ds6-nbr.o)
                0x00006d76                uip_ds6_nbr_update_ll
 .text.uip_ds6_nbr_ipaddr_from_lladdr
                0x00006dec        0x6 build/sky/contiki-ng-sky.a(uip-ds6-nbr.o)
                0x00006dec                uip_ds6_nbr_ipaddr_from_lladdr
 .text.uip_ds6_nbr_lladdr_from_ipaddr
                0x00006df2       0x12 build/sky/contiki-ng-sky.a(uip-ds6-nbr.o)
                0x00006df2                uip_ds6_nbr_lladdr_from_ipaddr
 .text.uip_ds6_link_callback
                0x00006e04        0x2 build/sky/contiki-ng-sky.a(uip-ds6-nbr.o)
                0x00006e04                uip_ds6_link_callback
 .text.tcpip_output
                0x00006e06       0x22 build/sky/contiki-ng-sky.a(tcpip.o)
                0x00006e06                tcpip_output
 .text.udp_new  0x00006e28       0x1a build/sky/contiki-ng-sky.a(tcpip.o)
                0x00006e28                udp_new
 .text.tcpip_input
                0x00006e42       0x1e build/sky/contiki-ng-sky.a(tcpip.o)
                0x00006e42                tcpip_input
 .text.tcpip_ipv6_output
                0x00006e60      0x114 build/sky/contiki-ng-sky.a(tcpip.o)
                0x00006e60                tcpip_ipv6_output
 .text.packet_input.part.3
                0x00006f74       0x12 build/sky/contiki-ng-sky.a(tcpip.o)
 .text.process_thread_tcpip_process
                0x00006f86       0xcc build/sky/contiki-ng-sky.a(tcpip.o)
 .text.tcpip_uipcall
                0x00007052       0x2a build/sky/contiki-ng-sky.a(tcpip.o)
                0x00007052                tcpip_uipcall
 .text.chksum   0x0000707c       0x32 build/sky/contiki-ng-sky.a(uip6.o)
 .text.upper_layer_chksum
                0x000070ae       0x58 build/sky/contiki-ng-sky.a(uip6.o)
 .text.ext_hdr_options_process
                0x00007106       0xa4 build/sky/contiki-ng-sky.a(uip6.o)
 .text.uip_check_mtu
                0x000071aa       0x1e build/sky/contiki-ng-sky.a(uip6.o)
 .text.uip_update_ttl
                0x000071c8       0x24 build/sky/contiki-ng-sky.a(uip6.o)
 .text.uip_icmp6chksum
                0x000071ec        0xa build/sky/contiki-ng-sky.a(uip6.o)
                0x000071ec                uip_icmp6chksum
 .text.uip_udpchksum
                0x000071f6        0xa build/sky/contiki-ng-sky.a(uip6.o)
                0x000071f6                uip_udpchksum
 .text.uip_init
                0x00007200       0x3c build/sky/contiki-ng-sky.a(uip6.o)
                0x00007200                uip_init
 .text.uip_remove_ext_hdr
                0x0000723c       0x5e build/sky/contiki-ng-sky.a(uip6.o)
                0x0000723c                uip_remove_ext_hdr
 .text.uip_udp_new
                0x0000729a       0xac build/sky/contiki-ng-sky.a(uip6.o)
                0x0000729a                uip_udp_new
 .text.uip_process
                0x00007346      0x4be build/sky/contiki-ng-sky.a(uip6.o)
                0x00007346                uip_process
 .text.uip_htonl
                0x00007804       0x2e build/sky/contiki-ng-sky.a(uip6.o)
                0x00007804                uip_htonl
 .text.ns_input
                0x00007832      0x286 build/sky/contiki-ng-sky.a(uip-nd6.o)
 .text.uip_nd6_init
                0x00007ab8        0xa build/sky/contiki-ng-sky.a(uip-nd6.o)
                0x00007ab8                uip_nd6_init
 .text.process_thread_simple_udp_process
                0x00007ac2       0xb8 build/sky/contiki-ng-sky.a(simple-udp.o)
 .text.simple_udp_sendto
                0x00007b7a       0x2c build/sky/contiki-ng-sky.a(simple-udp.o)
                0x00007b7a                simple_udp_sendto
 .text.simple_udp_register
                0x00007ba6       0x96 build/sky/contiki-ng-sky.a(simple-udp.o)
                0x00007ba6                simple_udp_register
 .text.clear_fragments
                0x00007c3c       0x40 build/sky/contiki-ng-sky.a(sicslowpan.o)
 .text.addr_context_lookup_by_number
                0x00007c7c       0x16 build/sky/contiki-ng-sky.a(sicslowpan.o)
 .text.sicslowpan_init
                0x00007c92       0x18 build/sky/contiki-ng-sky.a(sicslowpan.o)
                0x00007c92                sicslowpan_init
 .text.set_packet_attrs
                0x00007caa       0x66 build/sky/contiki-ng-sky.a(sicslowpan.o)
 .text.compress_addr_64
                0x00007d10       0xae build/sky/contiki-ng-sky.a(sicslowpan.o)
 .text.addr_context_lookup_by_prefix
                0x00007dbe       0x20 build/sky/contiki-ng-sky.a(sicslowpan.o)
 .text.send_packet
                0x00007dde       0x1a build/sky/contiki-ng-sky.a(sicslowpan.o)
 .text.fragment_copy_payload_and_send
                0x00007df8       0x66 build/sky/contiki-ng-sky.a(sicslowpan.o)
 .text.output   0x00007e5e      0x7c6 build/sky/contiki-ng-sky.a(sicslowpan.o)
 .text.packet_sent
                0x00008624       0x56 build/sky/contiki-ng-sky.a(sicslowpan.o)
 .text.store_fragment
                0x0000867a       0xb4 build/sky/contiki-ng-sky.a(sicslowpan.o)
 .text.add_fragment
                0x0000872e      0x1fc build/sky/contiki-ng-sky.a(sicslowpan.o)
 .text.uncompress_addr
                0x0000892a       0xb4 build/sky/contiki-ng-sky.a(sicslowpan.o)
 .text.input    0x000089de      0x8b0 build/sky/contiki-ng-sky.a(sicslowpan.o)
 .text.uiplib_ipaddr_snprint
                0x0000928e      0x12c build/sky/contiki-ng-sky.a(uiplib.o)
                0x0000928e                uiplib_ipaddr_snprint
 .text.rpl_has_joined
                0x000093ba       0x12 build/sky/contiki-ng-sky.a(rpl.o)
                0x000093ba                rpl_has_joined
 .text.rpl_is_reachable
                0x000093cc       0x12 build/sky/contiki-ng-sky.a(rpl.o)
                0x000093cc                rpl_is_reachable
 .text.neighbor_state_changed
                0x000093de        0x2 build/sky/contiki-ng-sky.a(rpl.o)
 .text.drop_route
                0x000093e0        0x2 build/sky/contiki-ng-sky.a(rpl.o)
 .text.rpl_get_leaf_only
                0x000093e2        0x6 build/sky/contiki-ng-sky.a(rpl.o)
                0x000093e2                rpl_get_leaf_only
 .text.get_sr_node_ipaddr
                0x000093e8       0x34 build/sky/contiki-ng-sky.a(rpl.o)
 .text.init     0x0000941c       0x42 build/sky/contiki-ng-sky.a(rpl.o)
 .text.set_ip_from_prefix
                0x0000945e       0x38 build/sky/contiki-ng-sky.a(rpl.o)
 .text.rpl_link_callback
                0x00009496       0x1e build/sky/contiki-ng-sky.a(rpl.o)
                0x00009496                rpl_link_callback
 .text.rpl_lollipop_greater_than
                0x000094b4       0x3c build/sky/contiki-ng-sky.a(rpl.o)
                0x000094b4                rpl_lollipop_greater_than
 .text.rpl_get_global_address
                0x000094f0       0xbe build/sky/contiki-ng-sky.a(rpl.o)
                0x000094f0                rpl_get_global_address
 .text.rpl_reset_prefix
                0x000095ae       0x24 build/sky/contiki-ng-sky.a(rpl.o)
                0x000095ae                rpl_reset_prefix
 .text.rpl_set_prefix_from_addr
                0x000095d2       0x92 build/sky/contiki-ng-sky.a(rpl.o)
                0x000095d2                rpl_set_prefix_from_addr
 .text.get32    0x00009664       0x46 build/sky/contiki-ng-sky.a(rpl-icmp6.o)
 .text.set32    0x000096aa       0x2a build/sky/contiki-ng-sky.a(rpl-icmp6.o)
 .text.get16    0x000096d4        0xe build/sky/contiki-ng-sky.a(rpl-icmp6.o)
 .text.set16    0x000096e2       0x10 build/sky/contiki-ng-sky.a(rpl-icmp6.o)
 .text.dao_ack_input
                0x000096f2       0x30 build/sky/contiki-ng-sky.a(rpl-icmp6.o)
 .text.dao_input
                0x00009722      0x13c build/sky/contiki-ng-sky.a(rpl-icmp6.o)
 .text.dio_input
                0x0000985e      0x29c build/sky/contiki-ng-sky.a(rpl-icmp6.o)
 .text.dis_input
                0x00009afa       0x1e build/sky/contiki-ng-sky.a(rpl-icmp6.o)
 .text.rpl_icmp6_update_nbr_table
                0x00009b18       0x36 build/sky/contiki-ng-sky.a(rpl-icmp6.o)
                0x00009b18                rpl_icmp6_update_nbr_table
 .text.rpl_icmp6_dis_output
                0x00009b4e       0x34 build/sky/contiki-ng-sky.a(rpl-icmp6.o)
                0x00009b4e                rpl_icmp6_dis_output
 .text.rpl_icmp6_dio_output
                0x00009b82      0x23a build/sky/contiki-ng-sky.a(rpl-icmp6.o)
                0x00009b82                rpl_icmp6_dio_output
 .text.rpl_icmp6_dao_output
                0x00009dbc       0xe2 build/sky/contiki-ng-sky.a(rpl-icmp6.o)
                0x00009dbc                rpl_icmp6_dao_output
 .text.rpl_icmp6_dao_ack_output
                0x00009e9e       0x4e build/sky/contiki-ng-sky.a(rpl-icmp6.o)
                0x00009e9e                rpl_icmp6_dao_ack_output
 .text.rpl_icmp6_init
                0x00009eec       0x22 build/sky/contiki-ng-sky.a(rpl-icmp6.o)
                0x00009eec                rpl_icmp6_init
 .text.rpl_dag_root_set_prefix
                0x00009f0e       0x62 build/sky/contiki-ng-sky.a(rpl-dag-root.o)
                0x00009f0e                rpl_dag_root_set_prefix
 .text.rpl_dag_root_start
                0x00009f70       0x8e build/sky/contiki-ng-sky.a(rpl-dag-root.o)
                0x00009f70                rpl_dag_root_start
 .text.rpl_dag_root_is_root
                0x00009ffe       0x14 build/sky/contiki-ng-sky.a(rpl-dag-root.o)
                0x00009ffe                rpl_dag_root_is_root
 .text.init_platform
                0x0000a012        0xc build/sky/contiki-ng-sky.a(contiki-sky-pla)
                0x0000a012                init_platform
 .text.status   0x0000a01e       0x18 build/sky/contiki-ng-sky.a(button-sensor.o)
 .text.value    0x0000a036       0x20 build/sky/contiki-ng-sky.a(button-sensor.o)
 .text.configure
                0x0000a056       0x4c build/sky/contiki-ng-sky.a(button-sensor.o)
 .text.irq_p2   0x0000a0a2       0x46 build/sky/contiki-ng-sky.a(button-sensor.o)
                0x0000a0a2                irq_p2
                0x0000a0a2                __isr_1
 .text.spi_init
                0x0000a0e8       0x30 build/sky/contiki-ng-sky.a(spi-legacy.o)
                0x0000a0e8                spi_init
 .text.owreadb  0x0000a118       0x50 build/sky/contiki-ng-sky.a(ds2411.o)
 .text.ds2411_init
                0x0000a168      0x120 build/sky/contiki-ng-sky.a(ds2411.o)
                0x0000a168                ds2411_init
 .text.xmem_init
                0x0000a288       0x3c build/sky/contiki-ng-sky.a(xmem.o)
                0x0000a288                xmem_init
 .text.process_thread_sensors_process
                0x0000a2c4       0xc2 build/sky/contiki-ng-sky.a(sensors.o)
 .text.sensors_changed
                0x0000a386       0x2a build/sky/contiki-ng-sky.a(sensors.o)
                0x0000a386                sensors_changed
 .text.uart1_active
                0x0000a3b0       0x18 build/sky/contiki-ng-sky.a(uart1.o)
                0x0000a3b0                uart1_active
 .text.uart1_writeb
                0x0000a3c8       0x18 build/sky/contiki-ng-sky.a(uart1.o)
                0x0000a3c8                uart1_writeb
 .text.uart1_init
                0x0000a3e0       0xf4 build/sky/contiki-ng-sky.a(uart1.o)
                0x0000a3e0                uart1_init
 .text.stimer_set
                0x0000a4d4       0x1c build/sky/contiki-ng-sky.a(stimer.o)
                0x0000a4d4                stimer_set
 .text.stimer_expired
                0x0000a4f0       0x30 build/sky/contiki-ng-sky.a(stimer.o)
                0x0000a4f0                stimer_expired
 .text.memb_init
                0x0000a520       0x36 build/sky/contiki-ng-sky.a(memb.o)
                0x0000a520                memb_init
 .text.memb_alloc
                0x0000a556       0x3e build/sky/contiki-ng-sky.a(memb.o)
                0x0000a556                memb_alloc
 .text.memb_free
                0x0000a594       0x32 build/sky/contiki-ng-sky.a(memb.o)
                0x0000a594                memb_free
 .text.memb_inmemb
                0x0000a5c6       0x2a build/sky/contiki-ng-sky.a(memb.o)
                0x0000a5c6                memb_inmemb
 .text.memb_numfree
                0x0000a5f0       0x26 build/sky/contiki-ng-sky.a(memb.o)
                0x0000a5f0                memb_numfree
 .text.item_from_index
                0x0000a616       0x2a build/sky/contiki-ng-sky.a(nbr-table.o)
 .text.index_from_key
                0x0000a640       0x26 build/sky/contiki-ng-sky.a(nbr-table.o)
 .text.index_from_item
                0x0000a666       0x1e build/sky/contiki-ng-sky.a(nbr-table.o)
 .text.nbr_set_bit
                0x0000a684       0x58 build/sky/contiki-ng-sky.a(nbr-table.o)
 .text.index_from_lladdr
                0x0000a6dc       0x42 build/sky/contiki-ng-sky.a(nbr-table.o)
 .text.nbr_get_bit.constprop.0
                0x0000a71e       0x2e build/sky/contiki-ng-sky.a(nbr-table.o)
 .text.nbr_table_is_registered
                0x0000a74c       0x22 build/sky/contiki-ng-sky.a(nbr-table.o)
                0x0000a74c                nbr_table_is_registered
 .text.nbr_table_register
                0x0000a76e       0x40 build/sky/contiki-ng-sky.a(nbr-table.o)
                0x0000a76e                nbr_table_register
 .text.nbr_table_next
                0x0000a7ae       0x54 build/sky/contiki-ng-sky.a(nbr-table.o)
                0x0000a7ae                nbr_table_next
 .text.nbr_table_head
                0x0000a802       0x3a build/sky/contiki-ng-sky.a(nbr-table.o)
                0x0000a802                nbr_table_head
 .text.nbr_table_add_lladdr
                0x0000a83c      0x168 build/sky/contiki-ng-sky.a(nbr-table.o)
                0x0000a83c                nbr_table_add_lladdr
 .text.nbr_table_get_from_lladdr
                0x0000a9a4       0x2c build/sky/contiki-ng-sky.a(nbr-table.o)
                0x0000a9a4                nbr_table_get_from_lladdr
 .text.nbr_table_remove
                0x0000a9d0       0x32 build/sky/contiki-ng-sky.a(nbr-table.o)
                0x0000a9d0                nbr_table_remove
 .text.nbr_table_lock
                0x0000aa02       0x10 build/sky/contiki-ng-sky.a(nbr-table.o)
                0x0000aa02                nbr_table_lock
 .text.nbr_table_unlock
                0x0000aa12       0x10 build/sky/contiki-ng-sky.a(nbr-table.o)
                0x0000aa12                nbr_table_unlock
 .text.nbr_table_get_lladdr
                0x0000aa22       0x22 build/sky/contiki-ng-sky.a(nbr-table.o)
                0x0000aa22                nbr_table_get_lladdr
 .text.periodic
                0x0000aa44       0x28 build/sky/contiki-ng-sky.a(link-stats.o)
 .text.link_stats_from_lladdr
                0x0000aa6c        0xc build/sky/contiki-ng-sky.a(link-stats.o)
                0x0000aa6c                link_stats_from_lladdr
 .text.link_stats_is_fresh
                0x0000aa78       0x30 build/sky/contiki-ng-sky.a(link-stats.o)
                0x0000aa78                link_stats_is_fresh
 .text.guess_etx_from_rssi
                0x0000aaa8       0x42 build/sky/contiki-ng-sky.a(link-stats.o)
                0x0000aaa8                guess_etx_from_rssi
 .text.link_stats_packet_sent
                0x0000aaea       0xde build/sky/contiki-ng-sky.a(link-stats.o)
                0x0000aaea                link_stats_packet_sent
 .text.link_stats_input_callback
                0x0000abc8       0xb4 build/sky/contiki-ng-sky.a(link-stats.o)
                0x0000abc8                link_stats_input_callback
 .text.link_stats_reset
                0x0000ac7c       0x2a build/sky/contiki-ng-sky.a(link-stats.o)
                0x0000ac7c                link_stats_reset
 .text.link_stats_init
                0x0000aca6       0x22 build/sky/contiki-ng-sky.a(link-stats.o)
                0x0000aca6                link_stats_init
 .text.mac_sequence_is_duplicate
                0x0000acc8       0x84 build/sky/contiki-ng-sky.a(mac-sequence.o)
                0x0000acc8                mac_sequence_is_duplicate
 .text.mac_sequence_register_seqno
                0x0000ad4c       0x90 build/sky/contiki-ng-sky.a(mac-sequence.o)
                0x0000ad4c                mac_sequence_register_seqno
 .text.mac_call_sent_callback
                0x0000addc       0x14 build/sky/contiki-ng-sky.a(mac.o)
                0x0000addc                mac_call_sent_callback
 .text.parse    0x0000adf0       0xa0 build/sky/contiki-ng-sky.a(framer-802154.o)
 .text.framer_802154_setup_params
                0x0000ae90       0xb8 build/sky/contiki-ng-sky.a(framer-802154.o)
                0x0000ae90                framer_802154_setup_params
 .text.create_frame
                0x0000af48       0xde build/sky/contiki-ng-sky.a(framer-802154.o)
 .text.create   0x0000b026        0x8 build/sky/contiki-ng-sky.a(framer-802154.o)
 .text.hdr_length
                0x0000b02e        0x8 build/sky/contiki-ng-sky.a(framer-802154.o)
 .text.frame802154_get_pan_id
                0x0000b036        0x6 build/sky/contiki-ng-sky.a(frame802154.o)
                0x0000b036                frame802154_get_pan_id
 .text.frame802154_has_panid
                0x0000b03c       0xe0 build/sky/contiki-ng-sky.a(frame802154.o)
                0x0000b03c                frame802154_has_panid
 .text.field_len
                0x0000b11c       0xac build/sky/contiki-ng-sky.a(frame802154.o)
 .text.frame802154_is_broadcast_addr
                0x0000b1c8       0x28 build/sky/contiki-ng-sky.a(frame802154.o)
                0x0000b1c8                frame802154_is_broadcast_addr
 .text.frame802154_hdrlen
                0x0000b1f0       0x32 build/sky/contiki-ng-sky.a(frame802154.o)
                0x0000b1f0                frame802154_hdrlen
 .text.frame802154_create_fcf
                0x0000b222       0x96 build/sky/contiki-ng-sky.a(frame802154.o)
                0x0000b222                frame802154_create_fcf
 .text.frame802154_create
                0x0000b2b8       0xe4 build/sky/contiki-ng-sky.a(frame802154.o)
                0x0000b2b8                frame802154_create
 .text.frame802154_parse_fcf
                0x0000b39c       0xbc build/sky/contiki-ng-sky.a(frame802154.o)
                0x0000b39c                frame802154_parse_fcf
 .text.frame802154_parse
                0x0000b458      0x168 build/sky/contiki-ng-sky.a(frame802154.o)
                0x0000b458                frame802154_parse
 .text.csma_security_create_frame
                0x0000b5c0       0x10 build/sky/contiki-ng-sky.a(csma-security.o)
                0x0000b5c0                csma_security_create_frame
 .text.csma_security_parse_frame
                0x0000b5d0        0x6 build/sky/contiki-ng-sky.a(csma-security.o)
                0x0000b5d0                csma_security_parse_frame
 .text.uipbuf_add_ext_hdr
                0x0000b5d6       0x1c build/sky/contiki-ng-sky.a(uipbuf.o)
                0x0000b5d6                uipbuf_add_ext_hdr
 .text.uipbuf_set_len
                0x0000b5f2       0x12 build/sky/contiki-ng-sky.a(uipbuf.o)
                0x0000b5f2                uipbuf_set_len
 .text.uipbuf_set_len_field
                0x0000b604        0xe build/sky/contiki-ng-sky.a(uipbuf.o)
                0x0000b604                uipbuf_set_len_field
 .text.uipbuf_get_len_field
                0x0000b612        0xe build/sky/contiki-ng-sky.a(uipbuf.o)
                0x0000b612                uipbuf_get_len_field
 .text.uipbuf_get_next_header
                0x0000b620       0x62 build/sky/contiki-ng-sky.a(uipbuf.o)
                0x0000b620                uipbuf_get_next_header
 .text.uipbuf_get_last_header
                0x0000b682       0x3e build/sky/contiki-ng-sky.a(uipbuf.o)
                0x0000b682                uipbuf_get_last_header
 .text.uipbuf_search_header
                0x0000b6c0       0x4e build/sky/contiki-ng-sky.a(uipbuf.o)
                0x0000b6c0                uipbuf_search_header
 .text.uipbuf_get_attr
                0x0000b70e       0x14 build/sky/contiki-ng-sky.a(uipbuf.o)
                0x0000b70e                uipbuf_get_attr
 .text.uipbuf_clear_attr
                0x0000b722       0x12 build/sky/contiki-ng-sky.a(uipbuf.o)
                0x0000b722                uipbuf_clear_attr
 .text.uipbuf_clear
                0x0000b734       0x12 build/sky/contiki-ng-sky.a(uipbuf.o)
                0x0000b734                uipbuf_clear
 .text.uipbuf_init
                0x0000b746       0x1a build/sky/contiki-ng-sky.a(uipbuf.o)
                0x0000b746                uipbuf_init
 .text.echo_reply_input
                0x0000b760       0x68 build/sky/contiki-ng-sky.a(uip-icmp6.o)
 .text.echo_request_input
                0x0000b7c8       0x86 build/sky/contiki-ng-sky.a(uip-icmp6.o)
 .text.uip_icmp6_input
                0x0000b84e       0x48 build/sky/contiki-ng-sky.a(uip-icmp6.o)
                0x0000b84e                uip_icmp6_input
 .text.uip_icmp6_register_input_handler
                0x0000b896        0xc build/sky/contiki-ng-sky.a(uip-icmp6.o)
                0x0000b896                uip_icmp6_register_input_handler
 .text.uip_icmp6_error_output
                0x0000b8a2      0x146 build/sky/contiki-ng-sky.a(uip-icmp6.o)
                0x0000b8a2                uip_icmp6_error_output
 .text.uip_icmp6_send
                0x0000b9e8       0x8e build/sky/contiki-ng-sky.a(uip-icmp6.o)
                0x0000b9e8                uip_icmp6_send
 .text.uip_icmp6_init
                0x0000ba76       0x12 build/sky/contiki-ng-sky.a(uip-icmp6.o)
                0x0000ba76                uip_icmp6_init
 .text.node_matches_address.part.0
                0x0000ba88       0x2e build/sky/contiki-ng-sky.a(uip-sr.o)
 .text.uip_sr_get_node
                0x0000bab6       0x44 build/sky/contiki-ng-sky.a(uip-sr.o)
                0x0000bab6                uip_sr_get_node
 .text.uip_sr_is_addr_reachable
                0x0000bafa       0x4e build/sky/contiki-ng-sky.a(uip-sr.o)
                0x0000bafa                uip_sr_is_addr_reachable
 .text.uip_sr_expire_parent
                0x0000bb48       0x42 build/sky/contiki-ng-sky.a(uip-sr.o)
                0x0000bb48                uip_sr_expire_parent
 .text.uip_sr_update_node
                0x0000bb8a       0xbc build/sky/contiki-ng-sky.a(uip-sr.o)
                0x0000bb8a                uip_sr_update_node
 .text.uip_sr_init
                0x0000bc46       0x16 build/sky/contiki-ng-sky.a(uip-sr.o)
                0x0000bc46                uip_sr_init
 .text.uip_sr_periodic
                0x0000bc5c       0x9a build/sky/contiki-ng-sky.a(uip-sr.o)
                0x0000bc5c                uip_sr_periodic
 .text.uip_sr_free_all
                0x0000bcf6       0x3c build/sky/contiki-ng-sky.a(uip-sr.o)
                0x0000bcf6                uip_sr_free_all
 .text.uip_udp_packet_send
                0x0000bd32       0x2a build/sky/contiki-ng-sky.a(uip-udp-packet.)
                0x0000bd32                uip_udp_packet_send
 .text.uip_udp_packet_sendto
                0x0000bd5c       0x66 build/sky/contiki-ng-sky.a(uip-udp-packet.)
                0x0000bd5c                uip_udp_packet_sendto
 .text.init_dag
                0x0000bdc2       0x84 build/sky/contiki-ng-sky.a(rpl-dag.o)
 .text.process_dio_init_dag
                0x0000be46       0xb0 build/sky/contiki-ng-sky.a(rpl-dag.o)
 .text.rpl_dag_get_root_ipaddr
                0x0000bef6       0x1e build/sky/contiki-ng-sky.a(rpl-dag.o)
                0x0000bef6                rpl_dag_get_root_ipaddr
 .text.rpl_dag_leave
                0x0000bf14       0x4a build/sky/contiki-ng-sky.a(rpl-dag.o)
                0x0000bf14                rpl_dag_leave
 .text.rpl_dag_poison_and_leave
                0x0000bf5e        0xc build/sky/contiki-ng-sky.a(rpl-dag.o)
                0x0000bf5e                rpl_dag_poison_and_leave
 .text.rpl_dag_periodic
                0x0000bf6a       0x6a build/sky/contiki-ng-sky.a(rpl-dag.o)
                0x0000bf6a                rpl_dag_periodic
 .text.rpl_is_addr_in_our_dag
                0x0000bfd4       0x34 build/sky/contiki-ng-sky.a(rpl-dag.o)
                0x0000bfd4                rpl_is_addr_in_our_dag
 .text.rpl_local_repair
                0x0000c008       0x2a build/sky/contiki-ng-sky.a(rpl-dag.o)
                0x0000c008                rpl_local_repair
 .text.rpl_global_repair
                0x0000c032       0x2e build/sky/contiki-ng-sky.a(rpl-dag.o)
                0x0000c032                rpl_global_repair
 .text.rpl_dag_ready_to_advertise
                0x0000c060       0x22 build/sky/contiki-ng-sky.a(rpl-dag.o)
                0x0000c060                rpl_dag_ready_to_advertise
 .text.rpl_dag_update_state
                0x0000c082      0x140 build/sky/contiki-ng-sky.a(rpl-dag.o)
                0x0000c082                rpl_dag_update_state
 .text.rpl_process_dio
                0x0000c1c2      0x1b6 build/sky/contiki-ng-sky.a(rpl-dag.o)
                0x0000c1c2                rpl_process_dio
 .text.rpl_process_dis
                0x0000c378       0x2a build/sky/contiki-ng-sky.a(rpl-dag.o)
                0x0000c378                rpl_process_dis
 .text.rpl_process_dao
                0x0000c3a2       0x6c build/sky/contiki-ng-sky.a(rpl-dag.o)
                0x0000c3a2                rpl_process_dao
 .text.rpl_process_dao_ack
                0x0000c40e       0x54 build/sky/contiki-ng-sky.a(rpl-dag.o)
                0x0000c40e                rpl_process_dao_ack
 .text.rpl_process_hbh
                0x0000c462       0x2e build/sky/contiki-ng-sky.a(rpl-dag.o)
                0x0000c462                rpl_process_hbh
 .text.rpl_dag_init_root
                0x0000c490       0xbc build/sky/contiki-ng-sky.a(rpl-dag.o)
                0x0000c490                rpl_dag_init_root
 .text.rpl_dag_init
                0x0000c54c       0x10 build/sky/contiki-ng-sky.a(rpl-dag.o)
                0x0000c54c                rpl_dag_init
 .text.remove_neighbor
                0x0000c55c       0x24 build/sky/contiki-ng-sky.a(rpl-neighbor.o)
 .text.rpl_neighbor_get_from_lladdr
                0x0000c580        0xc build/sky/contiki-ng-sky.a(rpl-neighbor.o)
                0x0000c580                rpl_neighbor_get_from_lladdr
 .text.rpl_neighbor_rank_via_nbr
                0x0000c58c       0x18 build/sky/contiki-ng-sky.a(rpl-neighbor.o)
                0x0000c58c                rpl_neighbor_rank_via_nbr
 .text.rpl_neighbor_get_lladdr
                0x0000c5a4        0xc build/sky/contiki-ng-sky.a(rpl-neighbor.o)
                0x0000c5a4                rpl_neighbor_get_lladdr
 .text.rpl_neighbor_get_ipaddr
                0x0000c5b0        0xa build/sky/contiki-ng-sky.a(rpl-neighbor.o)
                0x0000c5b0                rpl_neighbor_get_ipaddr
 .text.rpl_neighbor_get_link_stats
                0x0000c5ba        0xa build/sky/contiki-ng-sky.a(rpl-neighbor.o)
                0x0000c5ba                rpl_neighbor_get_link_stats
 .text.rpl_neighbor_is_fresh
                0x0000c5c4        0xa build/sky/contiki-ng-sky.a(rpl-neighbor.o)
                0x0000c5c4                rpl_neighbor_is_fresh
 .text.best_parent
                0x0000c5ce       0xb4 build/sky/contiki-ng-sky.a(rpl-neighbor.o)
 .text.rpl_neighbor_is_parent
                0x0000c682       0x18 build/sky/contiki-ng-sky.a(rpl-neighbor.o)
                0x0000c682                rpl_neighbor_is_parent
 .text.rpl_neighbor_set_preferred_parent
                0x0000c69a       0x48 build/sky/contiki-ng-sky.a(rpl-neighbor.o)
                0x0000c69a                rpl_neighbor_set_preferred_parent
 .text.rpl_neighbor_remove_all
                0x0000c6e2       0x30 build/sky/contiki-ng-sky.a(rpl-neighbor.o)
                0x0000c6e2                rpl_neighbor_remove_all
 .text.rpl_neighbor_get_from_ipaddr
                0x0000c712       0x14 build/sky/contiki-ng-sky.a(rpl-neighbor.o)
                0x0000c712                rpl_neighbor_get_from_ipaddr
 .text.rpl_neighbor_select_best
                0x0000c726       0x54 build/sky/contiki-ng-sky.a(rpl-neighbor.o)
                0x0000c726                rpl_neighbor_select_best
 .text.rpl_neighbor_init
                0x0000c77a        0xe build/sky/contiki-ng-sky.a(rpl-neighbor.o)
                0x0000c77a                rpl_neighbor_init
 .text.handle_state_update
                0x0000c788        0x6 build/sky/contiki-ng-sky.a(rpl-timers.o)
 .text.handle_leaving_timer
                0x0000c78e        0xc build/sky/contiki-ng-sky.a(rpl-timers.o)
 .text.schedule_dao_retransmission
                0x0000c79a       0x34 build/sky/contiki-ng-sky.a(rpl-timers.o)
 .text.new_dio_interval
                0x0000c7ce       0x8a build/sky/contiki-ng-sky.a(rpl-timers.o)
 .text.handle_unicast_dio_timer
                0x0000c858       0x12 build/sky/contiki-ng-sky.a(rpl-timers.o)
 .text.send_new_dao
                0x0000c86a       0x28 build/sky/contiki-ng-sky.a(rpl-timers.o)
 .text.resend_dao
                0x0000c892       0x24 build/sky/contiki-ng-sky.a(rpl-timers.o)
 .text.handle_dao_ack_timer
                0x0000c8b6       0x12 build/sky/contiki-ng-sky.a(rpl-timers.o)
 .text.handle_dio_timer
                0x0000c8c8       0x6e build/sky/contiki-ng-sky.a(rpl-timers.o)
 .text.rpl_timers_schedule_periodic_dis
                0x0000c936       0x40 build/sky/contiki-ng-sky.a(rpl-timers.o)
                0x0000c936                rpl_timers_schedule_periodic_dis
 .text.handle_periodic_timer
                0x0000c976       0x3a build/sky/contiki-ng-sky.a(rpl-timers.o)
 .text.handle_dis_timer
                0x0000c9b0       0x26 build/sky/contiki-ng-sky.a(rpl-timers.o)
 .text.rpl_timers_dio_reset
                0x0000c9d6       0x2e build/sky/contiki-ng-sky.a(rpl-timers.o)
                0x0000c9d6                rpl_timers_dio_reset
 .text.rpl_timers_schedule_unicast_dio
                0x0000ca04       0x20 build/sky/contiki-ng-sky.a(rpl-timers.o)
                0x0000ca04                rpl_timers_schedule_unicast_dio
 .text.rpl_timers_schedule_dao
                0x0000ca24       0x3c build/sky/contiki-ng-sky.a(rpl-timers.o)
                0x0000ca24                rpl_timers_schedule_dao
 .text.rpl_timers_schedule_dao_ack
                0x0000ca60       0x34 build/sky/contiki-ng-sky.a(rpl-timers.o)
                0x0000ca60                rpl_timers_schedule_dao_ack
 .text.rpl_timers_notify_dao_ack
                0x0000ca94       0x82 build/sky/contiki-ng-sky.a(rpl-timers.o)
                0x0000ca94                rpl_timers_notify_dao_ack
 .text.get_probing_delay
                0x0000cb16       0x1c build/sky/contiki-ng-sky.a(rpl-timers.o)
                0x0000cb16                get_probing_delay
 .text.get_probing_target
                0x0000cb32       0xee build/sky/contiki-ng-sky.a(rpl-timers.o)
                0x0000cb32                get_probing_target
 .text.rpl_schedule_probing
                0x0000cc20       0x20 build/sky/contiki-ng-sky.a(rpl-timers.o)
                0x0000cc20                rpl_schedule_probing
 .text.handle_probing_timer
                0x0000cc40       0x2a build/sky/contiki-ng-sky.a(rpl-timers.o)
 .text.rpl_schedule_probing_now
                0x0000cc6a       0x24 build/sky/contiki-ng-sky.a(rpl-timers.o)
                0x0000cc6a                rpl_schedule_probing_now
 .text.rpl_timers_unschedule_leaving
                0x0000cc8e       0x1c build/sky/contiki-ng-sky.a(rpl-timers.o)
                0x0000cc8e                rpl_timers_unschedule_leaving
 .text.rpl_timers_schedule_leaving
                0x0000ccaa       0x2a build/sky/contiki-ng-sky.a(rpl-timers.o)
                0x0000ccaa                rpl_timers_schedule_leaving
 .text.rpl_timers_init
                0x0000ccd4       0x1c build/sky/contiki-ng-sky.a(rpl-timers.o)
                0x0000ccd4                rpl_timers_init
 .text.rpl_timers_stop_dag_timers
                0x0000ccf0       0x4c build/sky/contiki-ng-sky.a(rpl-timers.o)
                0x0000ccf0                rpl_timers_stop_dag_timers
 .text.rpl_timers_unschedule_state_update
                0x0000cd3c       0x10 build/sky/contiki-ng-sky.a(rpl-timers.o)
                0x0000cd3c                rpl_timers_unschedule_state_update
 .text.rpl_timers_schedule_state_update
                0x0000cd4c       0x1c build/sky/contiki-ng-sky.a(rpl-timers.o)
                0x0000cd4c                rpl_timers_schedule_state_update
 .text.update_hbh_header
                0x0000cd68       0x4a build/sky/contiki-ng-sky.a(rpl-ext-header.)
 .text.rpl_ext_header_srh_get_next_hop
                0x0000cdb2       0x84 build/sky/contiki-ng-sky.a(rpl-ext-header.)
                0x0000cdb2                rpl_ext_header_srh_get_next_hop
 .text.rpl_ext_header_srh_update
                0x0000ce36      0x106 build/sky/contiki-ng-sky.a(rpl-ext-header.)
                0x0000ce36                rpl_ext_header_srh_update
 .text.rpl_ext_header_hbh_update
                0x0000cf3c       0x9e build/sky/contiki-ng-sky.a(rpl-ext-header.)
                0x0000cf3c                rpl_ext_header_hbh_update
 .text.rpl_ext_header_remove
                0x0000cfda       0xcc build/sky/contiki-ng-sky.a(rpl-ext-header.)
                0x0000cfda                rpl_ext_header_remove
 .text.rpl_ext_header_update
                0x0000d0a6      0x2aa build/sky/contiki-ng-sky.a(rpl-ext-header.)
                0x0000d0a6                rpl_ext_header_update
 .text.update_state
                0x0000d350       0x78 build/sky/contiki-ng-sky.a(rpl-nbr-policy.)
 .text.rpl_nbr_policy_find_removable
                0x0000d3c8       0x50 build/sky/contiki-ng-sky.a(rpl-nbr-policy.)
                0x0000d3c8                rpl_nbr_policy_find_removable
 .text.reset    0x0000d418        0x2 build/sky/contiki-ng-sky.a(rpl-mrhof.o)
 .text.update_metric_container
                0x0000d41a        0x6 build/sky/contiki-ng-sky.a(rpl-mrhof.o)
 .text.nbr_link_metric
                0x0000d420       0x12 build/sky/contiki-ng-sky.a(rpl-mrhof.o)
 .text.nbr_has_usable_link
                0x0000d432       0x14 build/sky/contiki-ng-sky.a(rpl-mrhof.o)
 .text.nbr_path_cost
                0x0000d446       0x38 build/sky/contiki-ng-sky.a(rpl-mrhof.o)
 .text.within_hysteresis
                0x0000d47e       0x54 build/sky/contiki-ng-sky.a(rpl-mrhof.o)
 .text.nbr_is_acceptable_parent
                0x0000d4d2       0x2c build/sky/contiki-ng-sky.a(rpl-mrhof.o)
 .text.rank_via_nbr
                0x0000d4fe       0x48 build/sky/contiki-ng-sky.a(rpl-mrhof.o)
 .text.best_parent
                0x0000d546       0x7c build/sky/contiki-ng-sky.a(rpl-mrhof.o)
 .text.libgcc   0x0000d5c2       0x2c /usr/local/bin/../lib/gcc/msp430/4.7.2/mmpy-16/libgcc.a(_mulsi3.o)
                0x0000d5c2                __mulsi3
 .text.libgcc   0x0000d5ee       0x22 /usr/local/bin/../lib/gcc/msp430/4.7.2/mmpy-16/libgcc.a(_udivmod16.o)
                0x0000d5ee                __udivhi3
                0x0000d5ee                __ext_udivmod16
                0x0000d608                __umodhi3
 .text.libgcc   0x0000d610       0x3a /usr/local/bin/../lib/gcc/msp430/4.7.2/mmpy-16/libgcc.a(_divmod16.o)
                0x0000d610                __ext_divmod16
                0x0000d610                __divhi3
                0x0000d642                __modhi3
 .text.libgcc   0x0000d64a       0x40 /usr/local/bin/../lib/gcc/msp430/4.7.2/mmpy-16/libgcc.a(_udivmod32.o)
                0x0000d64a                __udivsi3
                0x0000d64a                __ext_udivmod32
                0x0000d680                __umodsi3
 .text.libgcc   0x0000d68a       0x4c /usr/local/bin/../lib/gcc/msp430/4.7.2/mmpy-16/libgcc.a(_divmod32.o)
                0x0000d68a                __ext_divmod32
                0x0000d68a                __divsi3
                0x0000d6cc                __modsi3
 .text.printf   0x0000d6d6       0x10 /usr/local/bin/../lib/gcc/msp430/4.7.2/../../../../msp430/lib/mmpy-16/libc.a(printf.o)
                0x0000d6d6                printf
 .text.append   0x0000d6e6       0x22 /usr/local/bin/../lib/gcc/msp430/4.7.2/../../../../msp430/lib/mmpy-16/libc.a(sprintf.o)
 .text.call_vuprintf
                0x0000d708       0x3a /usr/local/bin/../lib/gcc/msp430/4.7.2/../../../../msp430/lib/mmpy-16/libc.a(sprintf.o)
 .text.snprintf
                0x0000d742       0x1a /usr/local/bin/../lib/gcc/msp430/4.7.2/../../../../msp430/lib/mmpy-16/libc.a(sprintf.o)
                0x0000d742                snprintf
 .text.print_field
                0x0000d75c      0x194 /usr/local/bin/../lib/gcc/msp430/4.7.2/../../../../msp430/lib/mmpy-16/libc.a(vuprintf.o)
 .text.vuprintf
                0x0000d8f0      0x63e /usr/local/bin/../lib/gcc/msp430/4.7.2/../../../../msp430/lib/mmpy-16/libc.a(vuprintf.o)
                0x0000d8f0                vuprintf
 .text.puts     0x0000df2e       0x2c /usr/local/bin/../lib/gcc/msp430/4.7.2/../../../../msp430/lib/mmpy-16/libc.a(puts.o)
                0x0000df2e                puts
 .text.rand     0x0000df5a       0x26 /usr/local/bin/../lib/gcc/msp430/4.7.2/../../../../msp430/lib/mmpy-16/libc.a(rand.o)
                0x0000df5a                rand
 .text.srand    0x0000df80        0xa /usr/local/bin/../lib/gcc/msp430/4.7.2/../../../../msp430/lib/mmpy-16/libc.a(rand.o)
                0x0000df80                srand
 .text.memcmp   0x0000df8a       0x30 /usr/local/bin/../lib/gcc/msp430/4.7.2/../../../../msp430/lib/mmpy-16/libc.a(memcmp.o)
                0x0000df8a                memcmp
 .text.strcpy   0x0000dfba       0x14 /usr/local/bin/../lib/gcc/msp430/4.7.2/../../../../msp430/lib/mmpy-16/libc.a(strcpy.o)
                0x0000dfba                strcpy
 .text.memcpy   0x0000dfce       0xfa /usr/local/bin/../lib/gcc/msp430/4.7.2/../../../../msp430/lib/mmpy-16/libc.a(memcpy.o)
                0x0000dfce                memcpy
 .text.memmove  0x0000e0c8       0xfa /usr/local/bin/../lib/gcc/msp430/4.7.2/../../../../msp430/lib/mmpy-16/libc.a(memmove.o)
                0x0000e0c8                memmove
 .text.memset   0x0000e1c2       0x6a /usr/local/bin/../lib/gcc/msp430/4.7.2/../../../../msp430/lib/mmpy-16/libc.a(memset.o)
                0x0000e1c2                memset
 .text.libgcc   0x0000e22c       0xf0 /usr/local/bin/../lib/gcc/msp430/4.7.2/mmpy-16/libgcc.a(_udivmod64.o)
                0x0000e22c                __xabi_udivmod64
                0x0000e28a                __udivdi3
                0x0000e2b0                __umoddi3
                0x0000e2de                __udivmoddi4
 .text.crt0     0x0000e31c        0x2 /usr/local/bin/../lib/gcc/msp430/4.7.2/mmpy-16/libcrt0.a(_unexpected_.o)
                0x0000e31c                _unexpected_
 *(.near.text .near.text.*)

.rodata         0x0000e320      0x4c1
                0x0000e320                . = ALIGN (0x2)
 *(.rodata .rodata.* .gnu.linkonce.r.*)
 .rodata        0x0000e320       0x72 udp-jammerNy.o
                0x0000e382                autostart_processes
 .rodata        0x0000e392       0xf1 build/sky/obj/contiki-main.o
 *fill*         0x0000e483        0x1 00
 .rodata.get_value
                0x0000e484       0x34 build/sky/contiki-ng-sky.a(cc2420.o)
 .rodata.set_value
                0x0000e4b8       0x10 build/sky/contiki-ng-sky.a(cc2420.o)
 .rodata        0x0000e4c8       0x3e build/sky/contiki-ng-sky.a(cc2420.o)
                0x0000e4c8                cc2420_aes_128_driver
                0x0000e4cc                cc2420_driver
 .rodata        0x0000e506       0x31 build/sky/contiki-ng-sky.a(platform.o)
 .rodata        0x0000e537        0xc build/sky/contiki-ng-sky.a(etimer.o)
 *fill*         0x0000e543        0x1 00
 .rodata        0x0000e544       0xb6 build/sky/contiki-ng-sky.a(log.o)
 .rodata        0x0000e5fa        0xf build/sky/contiki-ng-sky.a(ctimer.o)
 *fill*         0x0000e609        0x1 00
 .rodata        0x0000e60a        0x8 build/sky/contiki-ng-sky.a(linkaddr.o)
                0x0000e60a                linkaddr_null
 .rodata        0x0000e612       0x14 build/sky/contiki-ng-sky.a(csma.o)
                0x0000e618                csma_driver
 .rodata        0x0000e626        0xd build/sky/contiki-ng-sky.a(tcpip.o)
 .rodata        0x0000e633       0x13 build/sky/contiki-ng-sky.a(simple-udp.o)
 .rodata        0x0000e646       0x26 build/sky/contiki-ng-sky.a(sicslowpan.o)
                0x0000e652                sicslowpan_driver
                0x0000e65a                llprefix
                0x0000e65c                unc_mxconf
                0x0000e660                unc_ctxconf
                0x0000e664                unc_llconf
 .rodata        0x0000e66c       0x2d build/sky/contiki-ng-sky.a(uiplib.o)
 *fill*         0x0000e699        0x1 00
 .rodata        0x0000e69a       0x34 build/sky/contiki-ng-sky.a(rpl.o)
                0x0000e6a4                rpl_lite_driver
 .rodata        0x0000e6ce       0x10 build/sky/contiki-ng-sky.a(button-sensor.o)
                0x0000e6d6                button_sensor
 .rodata        0x0000e6de        0x8 build/sky/contiki-ng-sky.a(sensors.o)
 .rodata        0x0000e6e6        0x6 build/sky/contiki-ng-sky.a(framer-802154.o)
                0x0000e6e6                framer_802154
 .rodata        0x0000e6ec        0x2 build/sky/contiki-ng-sky.a(frame802154.o)
 .rodata        0x0000e6ee       0xe0 build/sky/contiki-ng-sky.a(rpl-dag.o)
 .rodata        0x0000e7ce        0xc build/sky/contiki-ng-sky.a(rpl-timers.o)
 .rodata.vuprintf
                0x0000e7da        0x7 /usr/local/bin/../lib/gcc/msp430/4.7.2/../../../../msp430/lib/mmpy-16/libc.a(vuprintf.o)
 *(.near.rodata .near.rodata.*)
                0x0000e7e2                . = ALIGN (0x2)
                0x0000e7e2                _etext = .

.data           0x00001100      0x13a load address 0x0000e7e2
                0x00001100                . = ALIGN (0x2)
                0x00001100                __data_start = .
 *(.data .data.* .gnu.linkonce.d.*)
 .data          0x00001100        0xa udp-jammerNy.o
                0x00001100                udp_client_process
 .data          0x0000110a        0xc build/sky/contiki-ng-sky.a(cc2420.o)
                0x0000110a                cc2420_process
 .data          0x00001116        0x2 build/sky/contiki-ng-sky.a(msp430.o)
 .data          0x00001118        0xa build/sky/contiki-ng-sky.a(etimer.o)
                0x00001118                etimer_process
 .data          0x00001122       0x50 build/sky/contiki-ng-sky.a(log.o)
                0x00001122                all_modules
                0x00001170                curr_log_level_main
 .data          0x00001172        0xa build/sky/contiki-ng-sky.a(ctimer.o)
                0x00001172                ctimer_process
 .data          0x0000117c       0x10 build/sky/contiki-ng-sky.a(queuebuf.o)
 .data          0x0000118c       0x18 build/sky/contiki-ng-sky.a(csma-output.o)
 .data          0x000011a4        0x8 build/sky/contiki-ng-sky.a(uip-ds6-route.o)
 .data          0x000011ac        0x8 build/sky/contiki-ng-sky.a(uip-ds6-nbr.o)
 .data          0x000011b4        0xa build/sky/contiki-ng-sky.a(tcpip.o)
                0x000011b4                tcpip_process
 .data          0x000011be        0x6 build/sky/contiki-ng-sky.a(uip-nd6.o)
 .data          0x000011c4        0xa build/sky/contiki-ng-sky.a(simple-udp.o)
                0x000011c4                simple_udp_process
 .data          0x000011ce       0x18 build/sky/contiki-ng-sky.a(rpl-icmp6.o)
 .data          0x000011e6        0x4 build/sky/contiki-ng-sky.a(contiki-sky-pla)
                0x000011e6                sensors
 .data          0x000011ea        0xa build/sky/contiki-ng-sky.a(sensors.o)
                0x000011ea                sensors_process
 .data          0x000011f4        0x8 build/sky/contiki-ng-sky.a(nbr-table.o)
 .data          0x000011fc        0x8 build/sky/contiki-ng-sky.a(link-stats.o)
 .data          0x00001204        0x2 build/sky/contiki-ng-sky.a(frame802154.o)
 .data          0x00001206        0xc build/sky/contiki-ng-sky.a(uip-icmp6.o)
 .data          0x00001212        0x8 build/sky/contiki-ng-sky.a(uip-sr.o)
 .data          0x0000121a        0xa build/sky/contiki-ng-sky.a(rpl-neighbor.o)
                0x0000121a                rpl_neighbors
 .data          0x00001224       0x12 build/sky/contiki-ng-sky.a(rpl-mrhof.o)
                0x00001224                rpl_mrhof
 .data.next     0x00001236        0x4 /usr/local/bin/../lib/gcc/msp430/4.7.2/../../../../msp430/lib/mmpy-16/libc.a(rand.o)
 *(.near.data .near.data.*)
                0x0000123a                . = ALIGN (0x2)
                0x0000123a                _edata = .
                0x0000e7e2                __data_load_start = LOADADDR (.data)
                0x0000013a                __data_size = SIZEOF (.data)

.bss            0x0000123a     0x1b6a load address 0x0000e91c
                0x0000123a                __bss_start = .
 *(.bss .bss.*)
 .bss           0x0000123a       0x4a udp-jammerNy.o
 .bss           0x00001284       0x10 build/sky/contiki-ng-sky.a(cc2420.o)
 .bss           0x00001294        0x8 build/sky/contiki-ng-sky.a(platform.o)
 .bss           0x0000129c        0xa build/sky/contiki-ng-sky.a(clock.o)
 .bss           0x000012a6        0x2 build/sky/contiki-ng-sky.a(watchdog.o)
 .bss           0x000012a8        0x6 build/sky/contiki-ng-sky.a(etimer.o)
 .bss           0x000012ae       0x16 build/sky/contiki-ng-sky.a(log.o)
                0x000012ae                curr_log_level_lwm2m
                0x000012b0                curr_log_level_snmp
                0x000012b2                curr_log_level_coap
                0x000012b4                curr_log_level_6top
                0x000012b6                curr_log_level_framer
                0x000012b8                curr_log_level_mac
                0x000012ba                curr_log_level_nullnet
                0x000012bc                curr_log_level_6lowpan
                0x000012be                curr_log_level_ipv6
                0x000012c0                curr_log_level_tcpip
                0x000012c2                curr_log_level_rpl
 .bss           0x000012c4        0x4 build/sky/contiki-ng-sky.a(ctimer.o)
 .bss           0x000012c8        0x2 build/sky/contiki-ng-sky.a(rtimer.o)
 .bss           0x000012ca        0x2 build/sky/contiki-ng-sky.a(node-id.o)
                0x000012ca                node_id
 .bss           0x000012cc       0xc8 build/sky/contiki-ng-sky.a(process.o)
                0x000012cc                process_current
                0x000012ce                process_list
 .bss           0x00001394      0x580 build/sky/contiki-ng-sky.a(queuebuf.o)
 .bss           0x00001914       0x86 build/sky/contiki-ng-sky.a(packetbuf.o)
 .bss           0x0000199a        0x2 build/sky/contiki-ng-sky.a(netstack.o)
 .bss           0x0000199c       0xbe build/sky/contiki-ng-sky.a(csma-output.o)
 .bss           0x00001a5a       0x28 build/sky/contiki-ng-sky.a(uip-ds6.o)
 .bss           0x00001a82       0x3c build/sky/contiki-ng-sky.a(uip-ds6-route.o)
 .bss           0x00001abe      0x120 build/sky/contiki-ng-sky.a(uip-ds6-nbr.o)
 .bss           0x00001bde        0xc build/sky/contiki-ng-sky.a(tcpip.o)
 .bss           0x00001bea        0x8 build/sky/contiki-ng-sky.a(uip6.o)
                0x00001bea                uip_last_proto
                0x00001bec                uip_ext_len
                0x00001bee                uip_ext_bitmap
 .bss           0x00001bf2        0x8 build/sky/contiki-ng-sky.a(uip-nd6.o)
 .bss           0x00001bfa       0xf1 build/sky/contiki-ng-sky.a(simple-udp.o)
 *fill*         0x00001ceb        0x1 00
 .bss           0x00001cec      0x6e0 build/sky/contiki-ng-sky.a(sicslowpan.o)
 .bss           0x000023cc        0x1 build/sky/contiki-ng-sky.a(rpl.o)
 *fill*         0x000023cd        0x1 00
 .bss           0x000023ce       0x12 build/sky/contiki-ng-sky.a(rpl-dag-root.o)
 .bss           0x000023e0        0x8 build/sky/contiki-ng-sky.a(button-sensor.o)
 .bss           0x000023e8        0x6 build/sky/contiki-ng-sky.a(sensors.o)
 .bss           0x000023ee       0x9a build/sky/contiki-ng-sky.a(uart1.o)
 .bss           0x00002488       0xe4 build/sky/contiki-ng-sky.a(nbr-table.o)
 .bss           0x0000256c       0xa0 build/sky/contiki-ng-sky.a(link-stats.o)
 .bss           0x0000260c       0xe0 build/sky/contiki-ng-sky.a(mac-sequence.o)
 .bss           0x000026ec        0x2 build/sky/contiki-ng-sky.a(framer-802154.o)
 .bss           0x000026ee       0x18 build/sky/contiki-ng-sky.a(uipbuf.o)
 .bss           0x00002706       0x14 build/sky/contiki-ng-sky.a(uip-icmp6.o)
 .bss           0x0000271a      0x134 build/sky/contiki-ng-sky.a(uip-sr.o)
 .bss           0x0000284e       0x80 build/sky/contiki-ng-sky.a(rpl-neighbor.o)
 .bss           0x000028ce       0x28 build/sky/contiki-ng-sky.a(rpl-timers.o)
 .bss           0x000028f6        0x8 build/sky/contiki-ng-sky.a(rpl-nbr-policy.)
 .bss.destination_
                0x000028fe        0x2 /usr/local/bin/../lib/gcc/msp430/4.7.2/../../../../msp430/lib/mmpy-16/libc.a(sprintf.o)
 .bss.available_
                0x00002900        0x2 /usr/local/bin/../lib/gcc/msp430/4.7.2/../../../../msp430/lib/mmpy-16/libc.a(sprintf.o)
 *(.near.bss .near.bss.*)
 *(COMMON)
 COMMON         0x00002902        0xc build/sky/contiki-ng-sky.a(cc2420.o)
                0x00002902                cc2420_last_rssi
                0x00002904                cc2420_sfd_start_time
                0x00002906                cc2420_last_correlation
                0x00002908                cc2420_authority_level_of_sender
                0x0000290a                cc2420_sfd_counter
                0x0000290c                cc2420_sfd_end_time
 COMMON         0x0000290e        0x2 build/sky/contiki-ng-sky.a(msp430.o)
                0x0000290e                msp430_dco_required
 COMMON         0x00002910       0x2a build/sky/contiki-ng-sky.a(packetbuf.o)
                0x00002910                packetbuf_addrs
                0x00002920                packetbuf_attrs
 COMMON         0x0000293a        0x8 build/sky/contiki-ng-sky.a(linkaddr.o)
                0x0000293a                linkaddr_node_addr
 COMMON         0x00002942      0x15c build/sky/contiki-ng-sky.a(uip-ds6.o)
                0x00002942                uip_ds6_timer_ra
                0x0000294a                uip_ds6_if
                0x00002a36                uip_ds6_netif_addr_list_offset
                0x00002a37                uip_ds6_addr_size
                0x00002a38                uip_ds6_prefix_list
                0x00002a92                uip_ds6_timer_periodic
 COMMON         0x00002a9e        0x1 build/sky/contiki-ng-sky.a(tcpip.o)
                0x00002a9e                tcpip_event
 *fill*         0x00002a9f        0x1 00
 COMMON         0x00002aa0      0x1d6 build/sky/contiki-ng-sky.a(uip6.o)
                0x00002aa0                uip_len
                0x00002aa2                uip_sappdata
                0x00002aa4                uip_lladdr
                0x00002aac                uip_aligned_buf